Component: Arm Compiler for Embedded 6.22 Tool: armlink [5ee90200]

==============================================================================

Section Cross References

    gd32h7xx_it.o(.text) refers to gd32h7xx_it.o(.rodata.str1.1) for .L.str
    gd32h7xx_it.o(.text) refers to printfa.o(i.__0printf) for printf
    gd32h7xx_it.o(.text) refers to gd32h7xx_timer.o(.text) for timer_interrupt_flag_get
    gd32h7xx_it.o(.text) refers to gd32h759i_start.o(.text) for gd_eval_led_toggle
    gd32h7xx_it.o(.text) refers to gd32h7xx_rcu.o(.text) for rcu_periph_clock_enable
    gd32h7xx_it.o(.text) refers to gd32h7xx_misc.o(.text) for nvic_irq_enable
    gd32h7xx_it.o(.text) refers to tasks.o(.text) for xTaskGetSchedulerState
    gd32h7xx_it.o(.text) refers to port.o(.text) for xPortSysTickHandler
    gd32h7xx_it.o(.text) refers to gd32h7xx_usart.o(.text) for usart_flag_clear
    gd32h7xx_it.o(.ARM.exidx) refers to gd32h7xx_it.o(.text) for [Anonymous Symbol]
    systick.o(.text) refers to system_gd32h7xx.o(.data.SystemCoreClock) for SystemCoreClock
    systick.o(.text) refers to systick.o(.bss.delay) for delay
    systick.o(.ARM.exidx) refers to systick.o(.text) for [Anonymous Symbol]
    main.o(.text) refers to gd32h7xx_it.o(.text) for mpu_config
    main.o(.text) refers to gd32h7xx_rcu.o(.text) for rcu_periph_clock_enable
    main.o(.text) refers to gd32h7xx_misc.o(.text) for nvic_priority_group_set
    main.o(.text) refers to queue.o(.text) for xQueueGenericCreate
    main.o(.text) refers to main.o(.bss.rx_mutex) for rx_mutex
    main.o(.text) refers to gd32h7xx_usart.o(.text) for usart_receive_config
    main.o(.text) refers to main.o(.data.input_data_transform) for input_data_transform
    main.o(.text) refers to main.o(.bss.imu_error_scalable) for imu_error_scalable
    main.o(.text) refers to main.o(.bss.output_data_ptr_transform) for output_data_ptr_transform
    main.o(.text) refers to nn_model_configure.o(.data.func_cb_arr_transform) for func_cb_arr_transform
    main.o(.text) refers to main.o(.data.model_paras_array_and_data_transform) for model_paras_array_and_data_transform
    main.o(.text) refers to main.o(.bss.model_paras_array_info_buf_transform) for model_paras_array_info_buf_transform
    main.o(.text) refers to main.o(.bss.nn_report_transform) for nn_report_transform
    main.o(.text) refers to gd_nn_interface.o(.text) for nn_model_init
    main.o(.text) refers to main.o(.bss.tx_buffer) for tx_buffer
    main.o(.text) refers to main.o(.rodata.str1.1) for .L.str
    main.o(.text) refers to ringbuffer.o(.text) for rb_printf
    main.o(.text) refers to main.o(.data.input_data_mlp) for input_data_mlp
    main.o(.text) refers to main.o(.bss.imu_fusion_mlp) for imu_fusion_mlp
    main.o(.text) refers to main.o(.bss.output_data_ptr_mlp) for output_data_ptr_mlp
    main.o(.text) refers to nn_model_configure.o(.data.func_cb_arr_mlp) for func_cb_arr_mlp
    main.o(.text) refers to main.o(.data.model_paras_array_and_data_mlp) for model_paras_array_and_data_mlp
    main.o(.text) refers to main.o(.bss.model_paras_array_info_buf_mlp) for model_paras_array_info_buf_mlp
    main.o(.text) refers to main.o(.bss.nn_report_mlp) for nn_report_mlp
    main.o(.text) refers to main.o(.bss.start_task_handle) for start_task_handle
    main.o(.text) refers to tasks.o(.text) for xTaskCreate
    main.o(.text) refers to printfa.o(i.__0printf) for printf
    main.o(.text) refers to gd32h7xx_timer.o(.text) for timer_deinit
    main.o(.text) refers to gd32h7xx_dma.o(.text) for dma_deinit
    main.o(.text) refers to main.o(.bss.rxbuffer) for rxbuffer
    main.o(.text) refers to main.o(.bss.model_mutex) for model_mutex
    main.o(.text) refers to main.o(.bss.fusion_input_data_queue) for fusion_input_data_queue
    main.o(.text) refers to main.o(.bss.fusion_output_data_queue) for fusion_output_data_queue
    main.o(.text) refers to main.o(.bss.scalable_input_data_queue) for scalable_input_data_queue
    main.o(.text) refers to main.o(.bss.scalable_output_data_queue) for scalable_output_data_queue
    main.o(.text) refers to main.o(.bss.led_flash_task_handle) for led_flash_task_handle
    main.o(.text) refers to main.o(.bss.imu_error_scalable_task_handle) for imu_error_scalable_task_handle
    main.o(.text) refers to main.o(.bss.imu_fusion_mlp_task_handle) for imu_fusion_mlp_task_handle
    main.o(.text) refers to main.o(.bss.fusion_filldata_task_handle) for fusion_filldata_task_handle
    main.o(.text) refers to main.o(.bss.scalable_filldata_task_handle) for scalable_filldata_task_handle
    main.o(.text) refers to main.o(.bss.fusion_process_output_task_handle) for fusion_process_output_task_handle
    main.o(.text) refers to main.o(.bss.scalable_process_output_task_handle) for scalable_process_output_task_handle
    main.o(.text) refers to main.o(.bss.send_messgae_task_handle) for send_messgae_task_handle
    main.o(.text) refers to main.o(.bss.rev_messgae_task_handle) for rev_messgae_task_handle
[...]
    SPI3_IRQHandler                          0x0800b9d1   Thumb Code     0  startup_gd32h7xx.o(.text)
    SPI4_IRQHandler                          0x0800b9d1   Thumb Code     0  startup_gd32h7xx.o(.text)
    SPI5_IRQHandler                          0x0800b9d1   Thumb Code     0  startup_gd32h7xx.o(.text)
    TAMPER_STAMP_LXTAL_IRQHandler            0x0800b9d1   Thumb Code     0  startup_gd32h7xx.o(.text)
    TIMER0_BRK_IRQHandler                    0x0800b9d1   Thumb Code     0  startup_gd32h7xx.o(.text)
    TIMER0_Channel_IRQHandler                0x0800b9d1   Thumb Code     0  startup_gd32h7xx.o(.text)
    TIMER0_DEC_IRQHandler                    0x0800b9d1   Thumb Code     0  startup_gd32h7xx.o(.text)
    TIMER0_TRG_CMT_IRQHandler                0x0800b9d1   Thumb Code     0  startup_gd32h7xx.o(.text)
    TIMER0_UP_IRQHandler                     0x0800b9d1   Thumb Code     0  startup_gd32h7xx.o(.text)
    TIMER14_IRQHandler                       0x0800b9d1   Thumb Code     0  startup_gd32h7xx.o(.text)
    TIMER15_IRQHandler                       0x0800b9d1   Thumb Code     0  startup_gd32h7xx.o(.text)
    TIMER16_IRQHandler                       0x0800b9d1   Thumb Code     0  startup_gd32h7xx.o(.text)
    TIMER1_DEC_IRQHandler                    0x0800b9d1   Thumb Code     0  startup_gd32h7xx.o(.text)
    TIMER22_DEC_IRQHandler                   0x0800b9d1   Thumb Code     0  startup_gd32h7xx.o(.text)
    TIMER22_IRQHandler                       0x0800b9d1   Thumb Code     0  startup_gd32h7xx.o(.text)
    TIMER23_DEC_IRQHandler                   0x0800b9d1   Thumb Code     0  startup_gd32h7xx.o(.text)
    TIMER23_IRQHandler                       0x0800b9d1   Thumb Code     0  startup_gd32h7xx.o(.text)
    TIMER2_DEC_IRQHandler                    0x0800b9d1   Thumb Code     0  startup_gd32h7xx.o(.text)
    TIMER2_IRQHandler                        0x0800b9d1   Thumb Code     0  startup_gd32h7xx.o(.text)
    TIMER30_DEC_IRQHandler                   0x0800b9d1   Thumb Code     0  startup_gd32h7xx.o(.text)
    TIMER30_IRQHandler                       0x0800b9d1   Thumb Code     0  startup_gd32h7xx.o(.text)
    TIMER31_DEC_IRQHandler                   0x0800b9d1   Thumb Code     0  startup_gd32h7xx.o(.text)
    TIMER31_IRQHandler                       0x0800b9d1   Thumb Code     0  startup_gd32h7xx.o(.text)
    TIMER3_DEC_IRQHandler                    0x0800b9d1   Thumb Code     0  startup_gd32h7xx.o(.text)
    TIMER3_IRQHandler                        0x0800b9d1   Thumb Code     0  startup_gd32h7xx.o(.text)
    TIMER40_IRQHandler                       0x0800b9d1   Thumb Code     0  startup_gd32h7xx.o(.text)
    TIMER41_IRQHandler                       0x0800b9d1   Thumb Code     0  startup_gd32h7xx.o(.text)
    TIMER42_IRQHandler                       0x0800b9d1   Thumb Code     0  startup_gd32h7xx.o(.text)
    TIMER43_IRQHandler                       0x0800b9d1   Thumb Code     0  startup_gd32h7xx.o(.text)
    TIMER44_IRQHandler                       0x0800b9d1   Thumb Code     0  startup_gd32h7xx.o(.text)
    TIMER4_DEC_IRQHandler                    0x0800b9d1   Thumb Code     0  startup_gd32h7xx.o(.text)
    TIMER50_IRQHandler                       0x0800b9d1   Thumb Code     0  startup_gd32h7xx.o(.text)
    TIMER51_IRQHandler                       0x0800b9d1   Thumb Code     0  startup_gd32h7xx.o(.text)
    TIMER5_DAC_UDR_IRQHandler                0x0800b9d1   Thumb Code     0  startup_gd32h7xx.o(.text)
    TIMER6_IRQHandler                        0x0800b9d1   Thumb Code     0  startup_gd32h7xx.o(.text)
    TIMER7_BRK_IRQHandler                    0x0800b9d1   Thumb Code     0  startup_gd32h7xx.o(.text)
    TIMER7_Channel_IRQHandler                0x0800b9d1   Thumb Code     0  startup_gd32h7xx.o(.text)
    TIMER7_DEC_IRQHandler                    0x0800b9d1   Thumb Code     0  startup_gd32h7xx.o(.text)
    TIMER7_TRG_CMT_IRQHandler                0x0800b9d1   Thumb Code     0  startup_gd32h7xx.o(.text)
    TIMER7_UP_IRQHandler                     0x0800b9d1   Thumb Code     0  startup_gd32h7xx.o(.text)
    TLI_ER_IRQHandler                        0x0800b9d1   Thumb Code     0  startup_gd32h7xx.o(.text)
    TLI_IRQHandler                           0x0800b9d1   Thumb Code     0  startup_gd32h7xx.o(.text)
    TMU_IRQHandler                           0x0800b9d1   Thumb Code     0  startup_gd32h7xx.o(.text)
    UART3_IRQHandler                         0x0800b9d1   Thumb Code     0  startup_gd32h7xx.o(.text)
    UART4_IRQHandler                         0x0800b9d1   Thumb Code     0  startup_gd32h7xx.o(.text)
    UART6_IRQHandler                         0x0800b9d1   Thumb Code     0  startup_gd32h7xx.o(.text)
    UART7_IRQHandler                         0x0800b9d1   Thumb Code     0  startup_gd32h7xx.o(.text)
    USART1_IRQHandler                        0x0800b9d1   Thumb Code     0  startup_gd32h7xx.o(.text)
    USART2_IRQHandler                        0x0800b9d1   Thumb Code     0  startup_gd32h7xx.o(.text)
    USART5_IRQHandler                        0x0800b9d1   Thumb Code     0  startup_gd32h7xx.o(.text)
    USBHS0_EP1_IN_IRQHandler                 0x0800b9d1   Thumb Code     0  startup_gd32h7xx.o(.text)
    USBHS0_EP1_OUT_IRQHandler                0x0800b9d1   Thumb Code     0  startup_gd32h7xx.o(.text)
    USBHS0_IRQHandler                        0x0800b9d1   Thumb Code     0  startup_gd32h7xx.o(.text)
    USBHS0_WKUP_IRQHandler                   0x0800b9d1   Thumb Code     0  startup_gd32h7xx.o(.text)
    USBHS1_EP1_IN_IRQHandler                 0x0800b9d1   Thumb Code     0  startup_gd32h7xx.o(.text)
    USBHS1_EP1_OUT_IRQHandler                0x0800b9d1   Thumb Code     0  startup_gd32h7xx.o(.text)
    USBHS1_IRQHandler                        0x0800b9d1   Thumb Code     0  startup_gd32h7xx.o(.text)
    USBHS1_WKUP_IRQHandler                   0x0800b9d1   Thumb Code     0  startup_gd32h7xx.o(.text)
    WWDGT_IRQHandler                         0x0800b9d1   Thumb Code     0  startup_gd32h7xx.o(.text)
    gd_eval_led_init                         0x0800b9e1   Thumb Code   118  gd32h759i_start.o(.text)
    gd_eval_led_on                           0x0800ba59   Thumb Code    40  gd32h759i_start.o(.text)
    gd_eval_led_off                          0x0800ba81   Thumb Code    40  gd32h759i_start.o(.text)
    gd_eval_led_toggle                       0x0800baa9   Thumb Code    40  gd32h759i_start.o(.text)
    gd_eval_key_init                         0x0800bad1   Thumb Code   186  gd32h759i_start.o(.text)
    gd_eval_key_state_get                    0x0800bb91   Thumb Code    44  gd32h759i_start.o(.text)
    gd_eval_com_init                         0x0800bbc1   Thumb Code   220  gd32h759i_start.o(.text)
    vListInitialise                          0x0800bca1   Thumb Code    46  list.o(.text)
    vListInitialiseItem                      0x0800bcd1   Thumb Code    14  list.o(.text)
    vListInsertEnd                           0x0800bce1   Thumb Code    58  list.o(.text)
    vListInsert                              0x0800bd21   Thumb Code   106  list.o(.text)
    uxListRemove                             0x0800bd91   Thumb Code    72  list.o(.text)
    xQueueGenericReset                       0x0800bdd9   Thumb Code   250  queue.o(.text)
    xQueueGenericCreate                      0x0800bed9   Thumb Code   158  queue.o(.text)
    xQueueCreateMutex                        0x0800bfc1   Thumb Code    38  queue.o(.text)
    xQueueGiveMutexRecursive                 0x0800c019   Thumb Code   112  queue.o(.text)
    xQueueGenericSend                        0x0800c089   Thumb Code   528  queue.o(.text)
    xQueueTakeMutexRecursive                 0x0800c299   Thumb Code   114  queue.o(.text)
    xQueueSemaphoreTake                      0x0800c311   Thumb Code   518  queue.o(.text)
    xQueueCreateCountingSemaphore            0x0800c519   Thumb Code    98  queue.o(.text)
    xQueueGenericSendFromISR                 0x0800c731   Thumb Code   408  queue.o(.text)
    xQueueGiveFromISR                        0x0800c8c9   Thumb Code   368  queue.o(.text)
    xQueueReceive                            0x0800ca39   Thumb Code   466  queue.o(.text)
    xQueuePeek                               0x0800cca9   Thumb Code   470  queue.o(.text)
    xQueueReceiveFromISR                     0x0800ce81   Thumb Code   338  queue.o(.text)
    xQueuePeekFromISR                        0x0800cfd9   Thumb Code   228  queue.o(.text)
    uxQueueMessagesWaiting                   0x0800d0c1   Thumb Code    58  queue.o(.text)
    uxQueueSpacesAvailable                   0x0800d101   Thumb Code    66  queue.o(.text)
    uxQueueMessagesWaitingFromISR            0x0800d149   Thumb Code    52  queue.o(.text)
    vQueueDelete                             0x0800d181   Thumb Code    58  queue.o(.text)
    vQueueUnregisterQueue                    0x0800d1c1   Thumb Code   116  queue.o(.text)
    uxQueueGetQueueNumber                    0x0800d239   Thumb Code    12  queue.o(.text)
    vQueueSetQueueNumber                     0x0800d249   Thumb Code    16  queue.o(.text)
    ucQueueGetQueueType                      0x0800d259   Thumb Code    14  queue.o(.text)
    uxQueueGetQueueItemSize                  0x0800d269   Thumb Code    12  queue.o(.text)
    uxQueueGetQueueLength                    0x0800d279   Thumb Code    12  queue.o(.text)
    xQueueIsQueueEmptyFromISR                0x0800d289   Thumb Code    66  queue.o(.text)
    xQueueIsQueueFullFromISR                 0x0800d2d1   Thumb Code    72  queue.o(.text)
    vQueueAddToRegistry                      0x0800d319   Thumb Code   186  queue.o(.text)
    pcQueueGetName                           0x0800d3d9   Thumb Code   114  queue.o(.text)
    vQueueWaitForMessageRestricted           0x0800d451   Thumb Code   100  queue.o(.text)
    xTaskCreate                              0x0800d4b9   Thumb Code    82  tasks.o(.text)
    vTaskDelete                              0x0800d6c9   Thumb Code   370  tasks.o(.text)
    xTaskDelayUntil                          0x0800d899   Thumb Code   292  tasks.o(.text)
    vTaskSuspendAll                          0x0800d9c1   Thumb Code    16  tasks.o(.text)
    xTaskResumeAll                           0x0800daf9   Thumb Code   558  tasks.o(.text)
    vTaskDelay                               0x0800dd29   Thumb Code   116  tasks.o(.text)
    eTaskGetState                            0x0800dda1   Thumb Code   308  tasks.o(.text)
    uxTaskPriorityGet                        0x0800ded9   Thumb Code    56  tasks.o(.text)
    uxTaskPriorityGetFromISR                 0x0800df11   Thumb Code    94  tasks.o(.text)
    uxTaskBasePriorityGet                    0x0800df71   Thumb Code    56  tasks.o(.text)
    uxTaskBasePriorityGetFromISR             0x0800dfa9   Thumb Code    94  tasks.o(.text)
    vTaskPrioritySet                         0x0800e009   Thumb Code   486  tasks.o(.text)
    vTaskSuspend                             0x0800e1f1   Thumb Code   390  tasks.o(.text)
    vTaskResume                              0x0800e379   Thumb Code   228  tasks.o(.text)
    xTaskResumeFromISR                       0x0800e501   Thumb Code   320  tasks.o(.text)
    vTaskStartScheduler                      0x0800e641   Thumb Code   152  tasks.o(.text)
    vTaskEndScheduler                        0x0800e771   Thumb Code   100  tasks.o(.text)
    xTaskIncrementTick                       0x0800e839   Thumb Code   538  tasks.o(.text)
    xTaskGetTickCount                        0x0800ea59   Thumb Code    20  tasks.o(.text)
    xTaskGetTickCountFromISR                 0x0800ea71   Thumb Code    30  tasks.o(.text)
    uxTaskGetNumberOfTasks                   0x0800ea91   Thumb Code    12  tasks.o(.text)
    pcTaskGetName                            0x0800eaa1   Thumb Code    74  tasks.o(.text)
    uxTaskGetSystemState                     0x0800eaf1   Thumb Code   282  tasks.o(.text)
    xTaskCatchUpTicks                        0x0800ec81   Thumb Code    86  tasks.o(.text)
    vTaskPlaceOnEventList                    0x0800ecd9   Thumb Code    70  tasks.o(.text)
    vTaskPlaceOnUnorderedEventList           0x0800ed21   Thumb Code   176  tasks.o(.text)
    vTaskPlaceOnEventListRestricted          0x0800edd1   Thumb Code   132  tasks.o(.text)
    xTaskRemoveFromEventList                 0x0800ee59   Thumb Code   420  tasks.o(.text)
    vTaskRemoveFromUnorderedEventList        0x0800f001   Thumb Code   380  tasks.o(.text)
    vTaskSetTimeOutState                     0x0800f181   Thumb Code    78  tasks.o(.text)
    vTaskInternalSetTimeOutState             0x0800f1d1   Thumb Code    36  tasks.o(.text)
    xTaskCheckForTimeOut                     0x0800f1f9   Thumb Code   218  tasks.o(.text)
    vTaskMissedYield                         0x0800f2d9   Thumb Code    14  tasks.o(.text)
    uxTaskGetTaskNumber                      0x0800f2e9   Thumb Code    34  tasks.o(.text)
    vTaskSetTaskNumber                       0x0800f311   Thumb Code    28  tasks.o(.text)
    vTaskGetInfo                             0x0800f331   Thumb Code   308  tasks.o(.text)
    uxTaskGetStackHighWaterMark              0x0800f499   Thumb Code    56  tasks.o(.text)
    xTaskGetCurrentTaskHandle                0x0800f4d1   Thumb Code    20  tasks.o(.text)
    xTaskGetCurrentTaskHandleForCore         0x0800f4e9   Thumb Code    60  tasks.o(.text)
    xTaskGetSchedulerState                   0x0800f529   Thumb Code    56  tasks.o(.text)
    xTaskPriorityInherit                     0x0800f561   Thumb Code   356  tasks.o(.text)
    xTaskPriorityDisinherit                  0x0800f6c9   Thumb Code   330  tasks.o(.text)
    vTaskPriorityDisinheritAfterTimeout      0x0800f819   Thumb Code   402  tasks.o(.text)
    vTaskListTasks                           0x0800f9b1   Thumb Code   370  tasks.o(.text)
    uxTaskResetEventItemValue                0x0800fba9   Thumb Code    34  tasks.o(.text)
    pvTaskIncrementMutexHeldCount            0x0800fbd1   Thumb Code    36  tasks.o(.text)
    ulTaskGenericNotifyTake                  0x0800fbf9   Thumb Code   300  tasks.o(.text)
    xTaskGenericNotifyWait                   0x0800fd29   Thumb Code   332  tasks.o(.text)
    xTaskGenericNotify                       0x0800fe79   Thumb Code   532  tasks.o(.text)
    xTaskGenericNotifyFromISR                0x08010091   Thumb Code   704  tasks.o(.text)
    vTaskGenericNotifyGiveFromISR            0x08010351   Thumb Code   530  tasks.o(.text)
    xTaskGenericNotifyStateClear             0x08010569   Thumb Code   124  tasks.o(.text)
    ulTaskGenericNotifyValueClear            0x080105e9   Thumb Code   114  tasks.o(.text)
    vTaskResetState                          0x08010661   Thumb Code   160  tasks.o(.text)
    xTimerCreateTimerTask                    0x080108e9   Thumb Code   112  timers.o(.text)
    xTimerCreate                             0x08010a09   Thumb Code    74  timers.o(.text)
    xTimerGenericCommandFromTask             0x08010ad1   Thumb Code   192  timers.o(.text)
    xTimerGenericCommandFromISR              0x08010b91   Thumb Code   154  timers.o(.text)
    xTimerGetTimerDaemonTaskHandle           0x08010c31   Thumb Code    56  timers.o(.text)
    xTimerGetPeriod                          0x08010c69   Thumb Code    48  timers.o(.text)
    vTimerSetReloadMode                      0x08010c99   Thumb Code    94  timers.o(.text)
    xTimerGetReloadMode                      0x08010cf9   Thumb Code    82  timers.o(.text)
    uxTimerGetReloadMode                     0x08010d51   Thumb Code    20  timers.o(.text)
    xTimerGetExpiryTime                      0x08010d69   Thumb Code    52  timers.o(.text)
    pcTimerGetName                           0x08010da1   Thumb Code    48  timers.o(.text)
    xTimerIsTimerActive                      0x08010dd1   Thumb Code    80  timers.o(.text)
    pvTimerGetTimerID                        0x08010e21   Thumb Code    62  timers.o(.text)
    vTimerSetTimerID                         0x08010e61   Thumb Code    62  timers.o(.text)
    uxTimerGetTimerNumber                    0x08010ea1   Thumb Code    12  timers.o(.text)
    vTimerSetTimerNumber                     0x08010eb1   Thumb Code    16  timers.o(.text)
    vTimerResetState                         0x08010ec1   Thumb Code    24  timers.o(.text)
    pxPortInitialiseStack                    0x080112d1   Thumb Code    94  port.o(.text)
    SVC_Handler                              0x08011389   Thumb Code    44  port.o(.text)
    xPortStartScheduler                      0x080113b9   Thumb Code   424  port.o(.text)
    PendSV_Handler                           0x08011561   Thumb Code   100  port.o(.text)
    vPortEndScheduler                        0x08011651   Thumb Code    50  port.o(.text)
    vPortEnterCritical                       0x08011689   Thumb Code    94  port.o(.text)
    vPortExitCritical                        0x080116e9   Thumb Code    78  port.o(.text)
    xPortSysTickHandler                      0x08011739   Thumb Code    66  port.o(.text)
    vPortValidateInterruptPriority           0x08011781   Thumb Code   140  port.o(.text)
    pvPortMalloc                             0x08011811   Thumb Code   822  heap_4.o(.text)
    vPortFree                                0x08011bf9   Thumb Code   282  heap_4.o(.text)
    xPortGetFreeHeapSize                     0x08011e49   Thumb Code    12  heap_4.o(.text)
    xPortGetMinimumEverFreeHeapSize          0x08011e59   Thumb Code    12  heap_4.o(.text)
    vPortInitialiseBlocks                    0x08011e69   Thumb Code     2  heap_4.o(.text)
    pvPortCalloc                             0x08011e71   Thumb Code    92  heap_4.o(.text)
    vPortGetHeapStats                        0x08011ed1   Thumb Code   206  heap_4.o(.text)
    vPortHeapResetState                      0x08011fa1   Thumb Code    54  heap_4.o(.text)
    nn_model_init                            0x08011fd9   Thumb Code   322  gd_nn_interface.o(.text)
    nn_model_create                          0x08012121   Thumb Code   222  gd_nn_interface.o(.text)
    nn_model_invoke                          0x08012201   Thumb Code    44  gd_nn_interface.o(.text)
    nn_model_single_invoke                   0x08012231   Thumb Code   208  gd_nn_interface.o(.text)
    nn_model_multi_invoke                    0x08012309   Thumb Code   388  gd_nn_interface.o(.text)
    nn_model_destroy                         0x08012491   Thumb Code    48  gd_nn_interface.o(.text)
    nn_wrapper_fc_func                       0x080124c1   Thumb Code   192  nn_forward_fc.o(.text)
    nn_wrapper_softmax_func                  0x08012581   Thumb Code   116  nn_forward_softmax.o(.text)
    nn_wrapper_log_softmax_func              0x080125f9   Thumb Code    40  nn_forward_softmax.o(.text)
    nn_wrapper_add_func                      0x08012621   Thumb Code   460  nn_forward_add.o(.text)
    nn_wrapper_transpose_func                0x080127f1   Thumb Code   210  nn_forward_transpose.o(.text)
    calc_stride                              0x080128c9   Thumb Code   200  nn_forward_mul.o(.text)
    repeat_recursive_int8                    0x08012991   Thumb Code   310  nn_forward_mul.o(.text)
    repeat_nd_int8                           0x08012ac9   Thumb Code   614  nn_forward_mul.o(.text)
    special_broadcast_onedim                 0x08012d31   Thumb Code   252  nn_forward_mul.o(.text)
    nn_wrapper_mul_func                      0x08012e31   Thumb Code  1230  nn_forward_mul.o(.text)
    nn_wrapper_stridedslice_func             0x08013301   Thumb Code   218  nn_forward_stridedslice.o(.text)
    nn_wrapper_batch_matmul_func             0x080133e1   Thumb Code   626  nn_forward_batch_matmul.o(.text)
    PopulateEvalData                         0x08013659   Thumb Code  1338  nn_forward_batch_matmul.o(.text)
    FillVariableShape                        0x08013b99   Thumb Code    80  nn_forward_batch_matmul.o(.text)
    TransposeRowsColumnsImpl_int8            0x08013be9   Thumb Code   182  nn_forward_batch_matmul.o(.text)
    TransposeRowsColumnsImpl_f32             0x08013ca1   Thumb Code   182  nn_forward_batch_matmul.o(.text)
    ReplaceWith                              0x08013d59   Thumb Code    14  nn_forward_batch_matmul.o(.text)
    SwapRowColumnDims                        0x08013d69   Thumb Code    54  nn_forward_batch_matmul.o(.text)
    read_nn_uint8                            0x08013da1   Thumb Code     4  gd_nn_basic_types.o(.text)
    read_nn_uint16                           0x08013da9   Thumb Code     4  gd_nn_basic_types.o(.text)
    read_nn_uint32                           0x08013db1   Thumb Code     4  gd_nn_basic_types.o(.text)
    read_nn_int8                             0x08013db9   Thumb Code     6  gd_nn_basic_types.o(.text)
    read_nn_int16                            0x08013dc1   Thumb Code     6  gd_nn_basic_types.o(.text)
    read_nn_int32                            0x08013dc9   Thumb Code     4  gd_nn_basic_types.o(.text)
    read_nn_f32                              0x08013dd1   Thumb Code     8  gd_nn_basic_types.o(.text)
    read_nn_d64                              0x08013dd9   Thumb Code    10  gd_nn_basic_types.o(.text)
    nn_layer_destroy                         0x08013de9   Thumb Code    44  gd_nn_layer.o(.text)
    nn_layer_struct_init                     0x08013e19   Thumb Code   134  gd_nn_layer.o(.text)
    nn_layer_init                            0x08013ea1   Thumb Code   674  gd_nn_layer.o(.text)
    nn_layer_set_special_data_address        0x08014149   Thumb Code    28  gd_nn_layer.o(.text)
    nn_layer_set_weight_bias_address         0x08014169   Thumb Code    58  gd_nn_layer.o(.text)
    nn_layer_set_multiplier_shift_data_address 0x080141a9   Thumb Code    28  gd_nn_layer.o(.text)
    nn_layer_set_UnidirectionalSequenceLSTM_special_data_address 0x080141c9   Thumb Code   136  gd_nn_layer.o(.text)
    nn_layer_set_BidirectionalSequenceLSTM_special_data_address 0x08014251   Thumb Code   220  gd_nn_layer.o(.text)
    nn_layer_set_integer_lstm_param_by_multiplier_shift_data 0x08014331   Thumb Code    52  gd_nn_layer.o(.text)
    nn_layer_set_integer_bidlstm_param_by_multiplier_shift_data 0x08014369   Thumb Code    96  gd_nn_layer.o(.text)
    nn_malloc                                0x080143c9   Thumb Code    34  gd_nn_other.o(.text)
    nn_start_flag_check                      0x080143f1   Thumb Code     4  gd_nn_support.o(.text)
    nn_end_flag_check                        0x080143f9   Thumb Code     4  gd_nn_support.o(.text)
    nn_version_check                         0x08014401   Thumb Code     4  gd_nn_support.o(.text)
    nn_platform_check                        0x08014409   Thumb Code     4  gd_nn_support.o(.text)
    nn_signature_check                       0x08014411   Thumb Code     4  gd_nn_support.o(.text)
    nn_tensor_struct_create                  0x08014419   Thumb Code     6  gd_nn_tensor.o(.text)
    nn_tensor_struct_init                    0x08014421   Thumb Code   118  gd_nn_tensor.o(.text)
    arm_elementwise_add_s8                   0x08014499   Thumb Code  1372  arm_elementwise_add_s8.o(.text)
    arm_elementwise_mul_s8                   0x080149f9   Thumb Code   794  arm_elementwise_mul_s8.o(.text)
    arm_fully_connected_s8                   0x08014d19   Thumb Code   102  arm_fully_connected_s8.o(.text)
    fullyconnected_fast_f32                  0x08014d81   Thumb Code   868  fullyconnected_fast_f32.o(.text)
    softmax_f32                              0x080150e9   Thumb Code   512  softmax_f32.o(.text)
    softmax_int8                             0x080152f1   Thumb Code   868  softmax_f32.o(.text)
    add_f32                                  0x08015661   Thumb Code   292  add_f32.o(.text)
    add_f32_another_one_dim                  0x08015789   Thumb Code   256  add_f32.o(.text)
    Add4DSlow_i8                             0x08015889   Thumb Code   904  add_broadcast.o(.text)
    Add4DSlow_f32                            0x08015c11   Thumb Code  2600  add_broadcast.o(.text)
    transpose_f32                            0x08016639   Thumb Code   532  transpose.o(.text)
    transpose_int8                           0x08016949   Thumb Code   532  transpose.o(.text)
    Need_broadcast                           0x08016c41   Thumb Code  1112  mul_broadcast.o(.text)
    Mul_broadcast_4dims_i8                   0x08017099   Thumb Code   720  mul_broadcast.o(.text)
    Mul_broadcast_4dims_f32                  0x08017369   Thumb Code  2344  mul_broadcast.o(.text)
    Mul_f32                                  0x08017c91   Thumb Code   298  mul_common.o(.text)
    StridedSlice_f32                         0x08017dc1   Thumb Code  3584  stridedslice.o(.text)
    StridedSlice_int8                        0x08018bc1   Thumb Code  3188  stridedslice.o(.text)
    batch_matmul_extent                      0x08019839   Thumb Code   198  batch_matmul.o(.text)
    BatchMatMul_f32                          0x08019901   Thumb Code  1524  batch_matmul.o(.text)
    LogSoftmax_f32                           0x08019ef9   Thumb Code   468  log_softmax.o(.text)
    LogSoftmax_int8                          0x0801a0d9   Thumb Code  1032  log_softmax.o(.text)
    arm_batch_matmul_s8                      0x0801a4e9   Thumb Code   288  arm_batch_matmul_s8.o(.text)
    nn_quantization_paras_struct_create      0x0801a609   Thumb Code     6  gd_nn_special_op_and_quan.o(.text)
    nn_quantization_paras_struct_init        0x0801a611   Thumb Code    60  gd_nn_special_op_and_quan.o(.text)
    nn_quantization_paras_struct_destroy     0x0801a651   Thumb Code     4  gd_nn_special_op_and_quan.o(.text)
    nn_special_params_struct_create_init     0x0801a659   Thumb Code   848  gd_nn_special_op_and_quan.o(.text)
    nn_special_params_struct_destroy         0x0801b9b1   Thumb Code     4  gd_nn_special_op_and_quan.o(.text)
    nn_wrapper_UnidirectionalSequenceLSTM_func 0x0801b9b9   Thumb Code   762  nn_forward_unidirectionalsequencelstm.o(.text)
    CMSIS_NN_VectorSum                       0x0801bcb9   Thumb Code    28  nn_forward_unidirectionalsequencelstm.o(.text)
    nn_UnidirectionalSequenceLSTM_init       0x0801bcd9   Thumb Code   680  nn_forward_unidirectionalsequencelstm.o(.text)
    nn_wrapper_BidirectionalSequenceLSTM_func 0x0801bf81   Thumb Code  1476  nn_forward_bidirectionalsequencelstm.o(.text)
    nn_BidirectionalSequenceLSTM_init        0x0801c549   Thumb Code  1348  nn_forward_bidirectionalsequencelstm.o(.text)
    arm_nn_vec_mat_mult_t_s8                 0x0801ca91   Thumb Code  1756  arm_nn_vec_mat_mult_t_s8.o(.text)
    arm_nn_vec_mat_mult_t_s8_cmsis600        0x0801d171   Thumb Code  3564  arm_nn_vec_mat_mult_t_s8_cmsis600.o(.text)
    PortableIsZeroVector_f32                 0x0801df61   Thumb Code   144  unidirectionalsequencelstm.o(.text)
    IsZeroVector                             0x0801dff1   Thumb Code   148  unidirectionalsequencelstm.o(.text)
    VectorBatchVectorAssign_f32              0x0801e089   Thumb Code   184  unidirectionalsequencelstm.o(.text)
    PortableMatrixBatchVectorMultiplyAccumulate_f32 0x0801e141   Thumb Code   328  unidirectionalsequencelstm.o(.text)
    PortableMatrixBatchVectorMultiplyAccumulateImpl_int8x16 0x0801e291   Thumb Code   480  unidirectionalsequencelstm.o(.text)
    PortableMatrixBatchVectorMultiplyAccumulateImpl_int8x8 0x0801e471   Thumb Code   466  unidirectionalsequencelstm.o(.text)
    MatrixBatchVectorMultiplyAccumulate_f32  0x0801e649   Thumb Code   328  unidirectionalsequencelstm.o(.text)
    MatrixBatchVectorMultiplyAccumulate_int8x16 0x0801e799   Thumb Code   480  unidirectionalsequencelstm.o(.text)
    MatrixBatchVectorMultiplyAccumulate_int8x8 0x0801e979   Thumb Code   466  unidirectionalsequencelstm.o(.text)
    PortableMeanStddevNormalization          0x0801eb51   Thumb Code   656  unidirectionalsequencelstm.o(.text)
    MeanStddevNormalization                  0x0801ede9   Thumb Code   656  unidirectionalsequencelstm.o(.text)
    VectorVectorCwiseProduct_f32             0x0801f081   Thumb Code   192  unidirectionalsequencelstm.o(.text)
    VectorBatchVectorCwiseProduct_f32        0x0801f141   Thumb Code   242  unidirectionalsequencelstm.o(.text)
    VectorVectorCwiseProductAccumulate_f32   0x0801f239   Thumb Code   212  unidirectionalsequencelstm.o(.text)
    PortableVectorBatchVectorCwiseProductAccumulate_int8x16 0x0801f311   Thumb Code   108  unidirectionalsequencelstm.o(.text)
    VectorBatchVectorCwiseProductAccumulate_f32 0x0801f381   Thumb Code   408  unidirectionalsequencelstm.o(.text)
    VectorBatchVectorCwiseProductAccumulate_int8x16 0x0801f519   Thumb Code   108  unidirectionalsequencelstm.o(.text)
    VectorBatchVectorAdd_f32                 0x0801f589   Thumb Code   246  unidirectionalsequencelstm.o(.text)
    PortableSub1Vector_f32                   0x0801f681   Thumb Code   154  unidirectionalsequencelstm.o(.text)
    Sub1Vector_f32                           0x0801f721   Thumb Code   154  unidirectionalsequencelstm.o(.text)
    PortableSub1Vector_int16                 0x0801f7c1   Thumb Code   138  unidirectionalsequencelstm.o(.text)
    Sub1Vector_int16                         0x0801f851   Thumb Code   138  unidirectionalsequencelstm.o(.text)
    PortableCwiseAdd_int16                   0x0801f8e1   Thumb Code   242  unidirectionalsequencelstm.o(.text)
    CwiseAdd_int16                           0x0801f9d9   Thumb Code   242  unidirectionalsequencelstm.o(.text)
    PortableCwiseClipping_f32                0x0801fad1   Thumb Code   202  unidirectionalsequencelstm.o(.text)
    PortableCwiseClipping_int16              0x0801fba1   Thumb Code   220  unidirectionalsequencelstm.o(.text)
    PortableCwiseClipping_int8               0x0801fc81   Thumb Code   222  unidirectionalsequencelstm.o(.text)
    CwiseClipping_f32                        0x0801fd61   Thumb Code   202  unidirectionalsequencelstm.o(.text)
    CwiseClipping_int16                      0x0801fe31   Thumb Code   220  unidirectionalsequencelstm.o(.text)
    CwiseClipping_int8                       0x0801ff11   Thumb Code   222  unidirectionalsequencelstm.o(.text)
    ApplyReluToVector                        0x0801fff1   Thumb Code   196  unidirectionalsequencelstm.o(.text)
    ApplyRelu1ToVector                       0x080200b9   Thumb Code   232  unidirectionalsequencelstm.o(.text)
    ApplyRelu6ToVector                       0x080201a1   Thumb Code   232  unidirectionalsequencelstm.o(.text)
    ApplySignbitToVector                     0x08020291   Thumb Code   212  unidirectionalsequencelstm.o(.text)
    PortableApplySigmoidToVector             0x08020369   Thumb Code    70  unidirectionalsequencelstm.o(.text)
    PortableApplyTanhToVector                0x080203b1   Thumb Code   204  unidirectionalsequencelstm.o(.text)
    PortableCwiseMul_int16                   0x08020481   Thumb Code   438  unidirectionalsequencelstm.o(.text)
    PortableCwiseMul_int8                    0x08020639   Thumb Code   132  unidirectionalsequencelstm.o(.text)
    CwiseMul_int16                           0x080206c1   Thumb Code   438  unidirectionalsequencelstm.o(.text)
    CwiseMul_int8                            0x08020879   Thumb Code   132  unidirectionalsequencelstm.o(.text)
    PortableApplyActivationToVector          0x08020901   Thumb Code  1136  unidirectionalsequencelstm.o(.text)
    PortableApplyLayerNorm_int8x16           0x08020d79   Thumb Code   384  unidirectionalsequencelstm.o(.text)
    ApplyLayerNorm_int8x16                   0x08020ef9   Thumb Code   384  unidirectionalsequencelstm.o(.text)
    Tanh_int16                               0x08021079   Thumb Code   612  unidirectionalsequencelstm.o(.text)
    Logistic_int16                           0x080212e1   Thumb Code   666  unidirectionalsequencelstm.o(.text)
    CalculateLstmGateFloat                   0x08021581   Thumb Code  2656  unidirectionalsequencelstm.o(.text)
    UpdateLstmCellFloat                      0x08021fe9   Thumb Code   846  unidirectionalsequencelstm.o(.text)
    CalculateLstmOutputFloat                 0x08022339   Thumb Code   972  unidirectionalsequencelstm.o(.text)
    LstmStepFloat                            0x08022709   Thumb Code  1804  unidirectionalsequencelstm.o(.text)
    EvalFloatLstm                            0x08022e19   Thumb Code  1760  unidirectionalsequencelstm.o(.text)
    arm_lstm_bidirectional_s8                0x080234f9   Thumb Code   496  bidirectionlasequencelstm_int.o(.text)
    arm_lstm_unidirectional_s8               0x080236e9   Thumb Code   208  arm_lstm_unidirectional_s8.o(.text)
    arm_vector_sum_s8                        0x080237b9   Thumb Code   392  arm_vector_sum_s8.o(.text)
    nn_wrapper_op_quantization_func          0x08023941   Thumb Code   196  nn_forward_op_quan_dequan.o(.text)
    Requantize_u8_i8                         0x08023a09   Thumb Code  1830  nn_forward_op_quan_dequan.o(.text)
    Requantize_i8_i8                         0x08024131   Thumb Code  1834  nn_forward_op_quan_dequan.o(.text)
    Requantize_i8_u8                         0x08024861   Thumb Code  1834  nn_forward_op_quan_dequan.o(.text)
    nn_wrapper_op_dequantization_func        0x08024f91   Thumb Code    86  nn_forward_op_quan_dequan.o(.text)
    RoundingDivideByPOT                      0x08024fe9   Thumb Code    44  nn_forward_op_quan_dequan.o(.text)
    SaturatingRoundingDoublingHighMul        0x08025019   Thumb Code    66  nn_forward_op_quan_dequan.o(.text)
    MultiplyByQuantizedMultiplier            0x08025061   Thumb Code   126  nn_forward_op_quan_dequan.o(.text)
    arm_nn_lstm_step_s8                      0x080250e1   Thumb Code   248  arm_nn_lstm_step_s8.o(.text)
    dequantize_int8_f32                      0x080251d9   Thumb Code   258  dequantization.o(.text)
    dequantize_int16_f32                     0x080252e1   Thumb Code   280  dequantization.o(.text)
    quantize_f32_int8                        0x080253f9   Thumb Code   296  quantization.o(.text)
    quantize_f32_int16                       0x08025521   Thumb Code   296  quantization.o(.text)
    arm_elementwise_mul_s16                  0x08025649   Thumb Code   300  arm_elementwise_mul_s16.o(.text)
    arm_elementwise_mul_acc_s16              0x08025779   Thumb Code   326  arm_elementwise_mul_acc_s16.o(.text)
    arm_elementwise_mul_s16_s8               0x080258c1   Thumb Code   776  arm_elementwise_mul_s16_s8.o(.text)
    arm_nn_lstm_calculate_gate_s8_s16        0x08025bc9   Thumb Code   134  arm_nn_lstm_calculate_gate_s8_s16.o(.text)
    arm_nn_activation_s16                    0x08025c51   Thumb Code  1392  arm_nn_activation_s16.o(.text)
    arm_nn_vec_mat_mul_result_acc_s8_s16     0x080261c1   Thumb Code  1716  arm_nn_vec_mat_mul_result_acc_s8_s16.o(.text)
    __aeabi_uldivmod                         0x08026875   Thumb Code    98  uldiv.o(.text)
    __aeabi_ldivmod                          0x080268d7   Thumb Code    98  ldiv.o(.text)
    __aeabi_memcpy                           0x08026939   Thumb Code    36  memcpya.o(.text)
    __aeabi_memcpy4                          0x08026939   Thumb Code     0  memcpya.o(.text)
    __aeabi_memcpy8                          0x08026939   Thumb Code     0  memcpya.o(.text)
    __aeabi_memset                           0x0802695d   Thumb Code    14  memseta.o(.text)
    __aeabi_memset4                          0x0802695d   Thumb Code     0  memseta.o(.text)
    __aeabi_memset8                          0x0802695d   Thumb Code     0  memseta.o(.text)
    __aeabi_memclr                           0x0802696b   Thumb Code     4  memseta.o(.text)
    __aeabi_memclr4                          0x0802696b   Thumb Code     0  memseta.o(.text)
    __aeabi_memclr8                          0x0802696b   Thumb Code     0  memseta.o(.text)
    _memset$wrapper                          0x0802696f   Thumb Code    18  memseta.o(.text)
    strlen                                   0x08026981   Thumb Code    14  strlen.o(.text)
    strcpy                                   0x0802698f   Thumb Code    18  strcpy.o(.text)
    __aeabi_uidiv                            0x080269a1   Thumb Code     0  uidiv.o(.text)
    __aeabi_uidivmod                         0x080269a1   Thumb Code    44  uidiv.o(.text)
    __aeabi_llsl                             0x080269cd   Thumb Code    30  llshl.o(.text)
    _ll_shift_l                              0x080269cd   Thumb Code     0  llshl.o(.text)
    __aeabi_llsr                             0x080269eb   Thumb Code    32  llushr.o(.text)
    _ll_ushift_r                             0x080269eb   Thumb Code     0  llushr.o(.text)
    __I$use$fp                               0x08026a0b   Thumb Code     0  iusefp.o(.text)
    __aeabi_dadd                             0x08026a0b   Thumb Code   322  dadd.o(.text)
    __aeabi_dsub                             0x08026b4d   Thumb Code     6  dadd.o(.text)
    __aeabi_drsub                            0x08026b53   Thumb Code     6  dadd.o(.text)
    __aeabi_dmul                             0x08026b59   Thumb Code   228  dmul.o(.text)
    __aeabi_ddiv                             0x08026c3d   Thumb Code   222  ddiv.o(.text)
    __aeabi_d2ulz                            0x08026d1b   Thumb Code    48  dfixul.o(.text)
    __aeabi_cdrcmple                         0x08026d4d   Thumb Code    48  cdrcmple.o(.text)
    __scatterload                            0x08026d7d   Thumb Code    38  init.o(.text)
    __scatterload_rt2                        0x08026d7d   Thumb Code     0  init.o(.text)
    __aeabi_lasr                             0x08026dad   Thumb Code    36  llsshr.o(.text)
    _ll_sshift_r                             0x08026dad   Thumb Code     0  llsshr.o(.text)
    _double_round                            0x08026dd1   Thumb Code    30  depilogue.o(.text)
    _double_epilogue                         0x08026def   Thumb Code   156  depilogue.o(.text)
    vTaskSwitchContext                       0x08026e91   Thumb Code   262  tasks.o(.text.vTaskSwitchContext)
    __0printf                                0x08026f99   Thumb Code    22  printfa.o(i.__0printf)
    __1printf                                0x08026f99   Thumb Code     0  printfa.o(i.__0printf)
    __2printf                                0x08026f99   Thumb Code     0  printfa.o(i.__0printf)
    __c89printf                              0x08026f99   Thumb Code     0  printfa.o(i.__0printf)
    printf                                   0x08026f99   Thumb Code     0  printfa.o(i.__0printf)
    __0snprintf                              0x08026fb9   Thumb Code    48  printfa.o(i.__0snprintf)
    __1snprintf                              0x08026fb9   Thumb Code     0  printfa.o(i.__0snprintf)
    __2snprintf                              0x08026fb9   Thumb Code     0  printfa.o(i.__0snprintf)
    __c89snprintf                            0x08026fb9   Thumb Code     0  printfa.o(i.__0snprintf)
    snprintf                                 0x08026fb9   Thumb Code     0  printfa.o(i.__0snprintf)
    __0vsnprintf                             0x08026fed   Thumb Code    46  printfa.o(i.__0vsnprintf)
    __1vsnprintf                             0x08026fed   Thumb Code     0  printfa.o(i.__0vsnprintf)
    __2vsnprintf                             0x08026fed   Thumb Code     0  printfa.o(i.__0vsnprintf)
    __c89vsnprintf                           0x08026fed   Thumb Code     0  printfa.o(i.__0vsnprintf)
    vsnprintf                                0x08026fed   Thumb Code     0  printfa.o(i.__0vsnprintf)
    __ARM_fpclassifyf                        0x08027021   Thumb Code    38  fpclassifyf.o(i.__ARM_fpclassifyf)
    __hardfp_expf                            0x08027049   Thumb Code   430  expf.o(i.__hardfp_expf)
    __mathlib_expf                           0x08027049   Thumb Code     0  expf.o(i.__hardfp_expf)
    __hardfp_logf                            0x08027235   Thumb Code   320  logf.o(i.__hardfp_logf)
    __mathlib_logf                           0x08027235   Thumb Code     0  logf.o(i.__hardfp_logf)
    __hardfp_tanhf                           0x080273a1   Thumb Code   208  tanhf.o(i.__hardfp_tanhf)
    __mathlib_flt_divzero                    0x08027485   Thumb Code    14  funder.o(i.__mathlib_flt_divzero)
    __mathlib_flt_infnan                     0x08027499   Thumb Code     6  funder.o(i.__mathlib_flt_infnan)
    __mathlib_flt_invalid                    0x080274a1   Thumb Code    10  funder.o(i.__mathlib_flt_invalid)
    __mathlib_flt_overflow                   0x080274b1   Thumb Code    10  funder.o(i.__mathlib_flt_overflow)
    __mathlib_flt_underflow                  0x080274c1   Thumb Code    10  funder.o(i.__mathlib_flt_underflow)
    __scatterload_copy                       0x080274d1   Thumb Code    14  handlers.o(i.__scatterload_copy)
    __scatterload_null                       0x080274df   Thumb Code     2  handlers.o(i.__scatterload_null)
    __scatterload_zeroinit                   0x080274e1   Thumb Code    14  handlers.o(i.__scatterload_zeroinit)
    __set_errno                              0x080274f1   Thumb Code     6  errno.o(i.__set_errno)
    free                                     0x08027dc5   Thumb Code    76  malloc.o(i.free)
    fusion_data                              0x08027ed0   Data          48  main.o(.rodata.fusion_data)
    model_paras_arr_mlp                      0x08027f00   Data        6316  nn_model_configure.o(.rodata.model_paras_arr_mlp)
    model_paras_arr_transform                0x080297ac   Data       60580  nn_model_configure.o(.rodata.model_paras_arr_transform)
    model_paras_data_mlp                     0x08038450   Data       65536  nn_model_configure.o(.rodata.model_paras_data_mlp)
    model_paras_data_transform               0x08048450   Data       209280  nn_model_configure.o(.rodata.model_paras_data_transform)
    sigmoid_table_uint16                     0x0807b7d0   Data         512  arm_nntables.o(.rodata.sigmoid_table_uint16)
    trans_data                               0x0807c364   Data        1920  main.o(.rodata.trans_data)
    Region$$Table$$Base                      0x0807cae8   Number         0  anon$$obj.o(Region$$Table)
    Region$$Table$$Limit                     0x0807cb08   Number         0  anon$$obj.o(Region$$Table)
    Image$$RW_IRAM1$$RW$$Base                0x24000000   Number         0  anon$$obj.o ABSOLUTE
    __stdout                                 0x24000000   Data           4  stdout.o(.data)
    __microlib_freelist                      0x24000004   Data           4  mvars.o(.data)
    SystemCoreClock                          0x2400000c   Data           4  system_gd32h7xx.o(.data.SystemCoreClock)
    func_cb_arr_mlp                          0x24000010   Data          16  nn_model_configure.o(.data.func_cb_arr_mlp)
    func_cb_arr_transform                    0x24000020   Data         152  nn_model_configure.o(.data.func_cb_arr_transform)
    input_data_mlp                           0x240000b8   Data           4  main.o(.data.input_data_mlp)
    input_data_transform                     0x240000bc   Data           4  main.o(.data.input_data_transform)
    lstm_numbers                             0x240000c0   Data           4  nn_model_configure.o(.data.lstm_numbers)
    model_paras_array_and_data_mlp           0x240000c4   Data           8  main.o(.data.model_paras_array_and_data_mlp)
    model_paras_array_and_data_transform     0x240000cc   Data           8  main.o(.data.model_paras_array_and_data_transform)
    platform_name                            0x240000d4   Data           4  nn_model_configure.o(.data.platform_name)
    ai_layer_mem                             0x24000120   Data        9540  nn_model_configure.o(.bss.ai_layer_mem)
    ai_layer_size                            0x24002664   Data           4  gd_nn_other.o(.bss.ai_layer_size)
    back_in_dims_arr                         0x24002668   Data          32  gd_nn_tensor.o(.bss.back_in_dims_arr)
    back_out_dims_arr                        0x24002688   Data          32  gd_nn_tensor.o(.bss.back_out_dims_arr)
    bias_data_buffer                         0x240026a8   Data           4  nn_model_configure.o(.bss.bias_data_buffer)
    bidirectional_lstm_cell_and_out_state_need_clear_every_invoke 0x240026ac   Data           1  nn_model_configure.o(.bss.bidirectional_lstm_cell_and_out_state_need_clear_every_invoke)
    ctx_buffer                               0x240026ad   Data           1  nn_model_configure.o(.bss.ctx_buffer)
    fusion_filldata_task_handle              0x240026b0   Data           4  main.o(.bss.fusion_filldata_task_handle)
    fusion_input_data_queue                  0x240026b4   Data           4  main.o(.bss.fusion_input_data_queue)
    fusion_output_data_queue                 0x240026b8   Data           4  main.o(.bss.fusion_output_data_queue)
    fusion_process_output_task_handle        0x240026bc   Data           4  main.o(.bss.fusion_process_output_task_handle)
    g_transfer_complete                      0x240026d0   Data           1  main.o(.bss.g_transfer_complete)
    imu_error_scalable_task_handle           0x240026f8   Data           4  main.o(.bss.imu_error_scalable_task_handle)
    imu_fusion_mlp_task_handle               0x2400271c   Data           4  main.o(.bss.imu_fusion_mlp_task_handle)
    led_flash_task_handle                    0x24002720   Data           4  main.o(.bss.led_flash_task_handle)
    lstm_buffer                              0x24002724   Data           1  nn_model_configure.o(.bss.lstm_buffer)
    lstm_status_index                        0x24002728   Data           4  nn_model_configure.o(.bss.lstm_status_index)
    lstm_status_info_arr                     0x2400272c   Data           4  nn_model_configure.o(.bss.lstm_status_info_arr)
    mlp_fps                                  0x24002730   Data           4  main.o(.bss.mlp_fps)
    model_mutex                              0x24002734   Data           4  main.o(.bss.model_mutex)
    model_paras_array_info_buf_mlp           0x24002738   Data           8  main.o(.bss.model_paras_array_info_buf_mlp)
    model_paras_array_info_buf_transform     0x24002740   Data           8  main.o(.bss.model_paras_array_info_buf_transform)
    nn_report_mlp                            0x24002748   Data          28  main.o(.bss.nn_report_mlp)
    nn_report_transform                      0x24002764   Data          28  main.o(.bss.nn_report_transform)
    out_node_arr_offset                      0x24002780   Data           4  nn_model_configure.o(.bss.out_node_arr_offset)
    output_data_ptr_mlp                      0x24002784   Data           4  main.o(.bss.output_data_ptr_mlp)
    output_data_ptr_transform                0x24002788   Data           4  main.o(.bss.output_data_ptr_transform)
    pxCurrentTCB                             0x24002790   Data           4  tasks.o(.bss.pxCurrentTCB)
    quantization_type                        0x24002a28   Data           1  gd_nn_layer.o(.bss.quantization_type)
    rev_messgae_task_handle                  0x24002a2c   Data           4  main.o(.bss.rev_messgae_task_handle)
    rx_count                                 0x24002a30   Data           1  main.o(.bss.rx_count)
    rx_mutex                                 0x24002a34   Data           4  main.o(.bss.rx_mutex)
    rxbuffer                                 0x24002a40   Data        2048  main.o(.bss.rxbuffer)
    scalable_filldata_task_handle            0x24003240   Data           4  main.o(.bss.scalable_filldata_task_handle)
    scalable_input_data_queue                0x24003244   Data           4  main.o(.bss.scalable_input_data_queue)
    scalable_output_data_queue               0x24003248   Data           4  main.o(.bss.scalable_output_data_queue)
    scalable_process_output_task_handle      0x2400324c   Data           4  main.o(.bss.scalable_process_output_task_handle)
    scratch_buffer                           0x24003250   Data       19204  nn_model_configure.o(.bss.scratch_buffer)
    send_buffer                              0x24007d60   Data        2048  main.o(.bss.send_buffer)
    send_messgae_task_handle                 0x24008560   Data           4  main.o(.bss.send_messgae_task_handle)
    start_task_handle                        0x24008564   Data           4  main.o(.bss.start_task_handle)
    static_buffer_peak                       0x24008580   Data       320000  nn_model_configure.o(.bss.static_buffer_peak)
    static_multi_in_buffer_pool              0x24056780   Data           4  nn_model_configure.o(.bss.static_multi_in_buffer_pool)
    sys_count                                0x24056784   Data           4  gd32h7xx_it.o(.bss.sys_count)
    trans_fps                                0x24056788   Data           4  main.o(.bss.trans_fps)
    tx_buffer                                0x2405678c   Data        2060  main.o(.bss.tx_buffer)
    undirectional_lstm_cell_and_out_state_need_clear_every_invoke 0x240bafa0   Data           1  nn_model_configure.o(.bss.undirectional_lstm_cell_and_out_state_need_clear_every_invoke)
    xQueueRegistry                           0x240bb03c   Data          64  queue.o(.bss.xQueueRegistry)
    __initial_sp                             0x240bd0c0   Data           0  startup_gd32h7xx.o(STACK)
    rxdesc_tab                               0x30000000   Data          80  gd32h7xx_enet.o(.ARM.__at_0x30000000)
    txdesc_tab                               0x30000160   Data          80  gd32h7xx_enet.o(.ARM.__at_0x30000160)
    rx_buff                                  0x30000300   Data        7620  gd32h7xx_enet.o(.ARM.__at_0x30000300)
    tx_buff                                  0x30002100   Data        7620  gd32h7xx_enet.o(.ARM.__at_0x30002100)



==============================================================================

Memory Map of the image

  Image Entry point : 0x080003a5

  Load Region LR_IROM1 (Base: 0x08000000, Size: 0x0007cc20, Max: 0x00300000, ABSOLUTE)

    Execution Region ER_IROM1 (Exec base: 0x08000000, Load base: 0x08000000, Size: 0x0007cb08, Max: 0x00300000, ABSOLUTE)

    Exec Addr    Load Addr    Size         Type   Attr      Idx    E Section Name        Object

    0x08000000   0x08000000   0x000003a4   Data   RO          521    RESET               startup_gd32h7xx.o
    0x080003a4   0x080003a4   0x00000000   Code   RO         1089  * .ARM.Collect$$$$00000000  mc_w.l(entry.o)
    0x080003a4   0x080003a4   0x00000004   Code   RO         1178    .ARM.Collect$$$$00000001  mc_w.l(entry2.o)
    0x080003a8   0x080003a8   0x00000004   Code   RO         1181    .ARM.Collect$$$$00000004  mc_w.l(entry5.o)
    0x080003ac   0x080003ac   0x00000000   Code   RO         1183    .ARM.Collect$$$$00000008  mc_w.l(entry7b.o)
    0x080003ac   0x080003ac   0x00000000   Code   RO         1185    .ARM.Collect$$$$0000000A  mc_w.l(entry8b.o)
    0x080003ac   0x080003ac   0x00000008   Code   RO         1186    .ARM.Collect$$$$0000000B  mc_w.l(entry9a.o)
    0x080003b4   0x080003b4   0x00000000   Code   RO         1188    .ARM.Collect$$$$0000000D  mc_w.l(entry10a.o)
    0x080003b4   0x080003b4   0x00000000   Code   RO         1190    .ARM.Collect$$$$0000000F  mc_w.l(entry11a.o)
    0x080003b4   0x080003b4   0x00000004   Code   RO         1179    .ARM.Collect$$$$00002712  mc_w.l(entry2.o)
    0x080003b8   0x080003b8   0x0000035e   Code   RO            1    .text               gd32h7xx_it.o
    0x08000716   0x08000716   0x00000002   PAD
    0x08000718   0x08000718   0x00001040   Code   RO           18    .text               main.o
    0x08001758   0x08001758   0x00000318   Code   RO           99    .text               nn_model_report.o
    0x08001a70   0x08001a70   0x000004c2   Code   RO          115    .text               ringbuffer.o
    0x08001f32   0x08001f32   0x00000006   PAD
    0x08001f38   0x08001f38   0x0000049a   Code   RO          122    .text               system_gd32h7xx.o
    0x080023d2   0x080023d2   0x00000006   PAD
    0x080023d8   0x080023d8   0x00001418   Code   RO          222    .text               gd32h7xx_dma.o
    0x080037f0   0x080037f0   0x000003a0   Code   RO          270    .text               gd32h7xx_exti.o
    0x08003b90   0x08003b90   0x00000560   Code   RO          298    .text               gd32h7xx_gpio.o
    0x080040f0   0x080040f0   0x0000029a   Code   RO          368    .text               gd32h7xx_misc.o
    0x0800438a   0x0800438a   0x00000006   PAD
    0x08004390   0x08004390   0x00002408   Code   RO          403    .text               gd32h7xx_rcu.o
    0x08006798   0x08006798   0x000004b0   Code   RO          456    .text               gd32h7xx_syscfg.o
    0x08006c48   0x08006c48   0x00003e94   Code   RO          463    .text               gd32h7xx_timer.o
    0x0800aadc   0x0800aadc   0x00000004   PAD
    0x0800aae0   0x0800aae0   0x00000ec2   Code   RO          498    .text               gd32h7xx_usart.o
    0x0800b9a2   0x0800b9a2   0x00000002   PAD
    0x0800b9a4   0x0800b9a4   0x0000003c   Code   RO          522    .text               startup_gd32h7xx.o
    0x0800b9e0   0x0800b9e0   0x000002bc   Code   RO          528    .text               gd32h759i_start.o
    0x0800bc9c   0x0800bc9c   0x00000004   PAD
    0x0800bca0   0x0800bca0   0x00000138   Code   RO          556    .text               list.o
    0x0800bdd8   0x0800bdd8   0x000016dc   Code   RO          563    .text               queue.o
    0x0800d4b4   0x0800d4b4   0x00000004   PAD
    0x0800d4b8   0x0800d4b8   0x0000342c   Code   RO          578    .text               tasks.o
    0x080108e4   0x080108e4   0x00000004   PAD
    0x080108e8   0x080108e8   0x000009de   Code   RO          611    .text               timers.o
    0x080112c6   0x080112c6   0x0000000a   PAD
    0x080112d0   0x080112d0   0x0000053c   Code   RO          626    .text               port.o
    0x0801180c   0x0801180c   0x00000004   PAD
    0x08011810   0x08011810   0x000007c6   Code   RO          636    .text               heap_4.o
    0x08011fd6   0x08011fd6   0x00000002   PAD
    0x08011fd8   0x08011fd8   0x000004e8   Code   RO          650    .text               GD_LIB_CM7_v210.lib(gd_nn_interface.o)
    0x080124c0   0x080124c0   0x000000c0   Code   RO          660    .text               GD_LIB_CM7_v210.lib(nn_forward_fc.o)
    0x08012580   0x08012580   0x000000a0   Code   RO          670    .text               GD_LIB_CM7_v210.lib(nn_forward_softmax.o)
    0x08012620   0x08012620   0x000001cc   Code   RO          679    .text               GD_LIB_CM7_v210.lib(nn_forward_add.o)
    0x080127ec   0x080127ec   0x00000004   PAD
    0x080127f0   0x080127f0   0x000000d2   Code   RO          688    .text               GD_LIB_CM7_v210.lib(nn_forward_transpose.o)
    0x080128c2   0x080128c2   0x00000006   PAD
    0x080128c8   0x080128c8   0x00000a36   Code   RO          696    .text               GD_LIB_CM7_v210.lib(nn_forward_mul.o)
    0x080132fe   0x080132fe   0x00000002   PAD
    0x08013300   0x08013300   0x000000da   Code   RO          705    .text               GD_LIB_CM7_v210.lib(nn_forward_stridedslice.o)
    0x080133da   0x080133da   0x00000006   PAD
    0x080133e0   0x080133e0   0x000009be   Code   RO          713    .text               GD_LIB_CM7_v210.lib(nn_forward_batch_matmul.o)
    0x08013d9e   0x08013d9e   0x00000002   PAD
    0x08013da0   0x08013da0   0x00000042   Code   RO          724    .text               GD_LIB_CM7_v210.lib(gd_nn_basic_types.o)
    0x08013de2   0x08013de2   0x00000006   PAD
    0x08013de8   0x08013de8   0x000005e0   Code   RO          732    .text               GD_LIB_CM7_v210.lib(gd_nn_layer.o)
    0x080143c8   0x080143c8   0x00000022   Code   RO          744    .text               GD_LIB_CM7_v210.lib(gd_nn_other.o)
    0x080143ea   0x080143ea   0x00000006   PAD
    0x080143f0   0x080143f0   0x00000024   Code   RO          753    .text               GD_LIB_CM7_v210.lib(gd_nn_support.o)
    0x08014414   0x08014414   0x00000004   PAD
    0x08014418   0x08014418   0x0000007e   Code   RO          761    .text               GD_LIB_CM7_v210.lib(gd_nn_tensor.o)
    0x08014496   0x08014496   0x00000002   PAD
    0x08014498   0x08014498   0x0000055c   Code   RO          771    .text               GD_LIB_CM7_v210.lib(arm_elementwise_add_s8.o)
    0x080149f4   0x080149f4   0x00000004   PAD
    0x080149f8   0x080149f8   0x0000031a   Code   RO          780    .text               GD_LIB_CM7_v210.lib(arm_elementwise_mul_s8.o)
    0x08014d12   0x08014d12   0x00000006   PAD
    0x08014d18   0x08014d18   0x00000066   Code   RO          789    .text               GD_LIB_CM7_v210.lib(arm_fully_connected_s8.o)
    0x08014d7e   0x08014d7e   0x00000002   PAD
    0x08014d80   0x08014d80   0x00000368   Code   RO          797    .text               GD_LIB_CM7_v210.lib(fullyconnected_fast_f32.o)
    0x080150e8   0x080150e8   0x00000574   Code   RO          806    .text               GD_LIB_CM7_v210.lib(softmax_f32.o)
    0x0801565c   0x0801565c   0x00000004   PAD
    0x08015660   0x08015660   0x00000228   Code   RO          815    .text               GD_LIB_CM7_v210.lib(add_f32.o)
    0x08015888   0x08015888   0x00000db0   Code   RO          824    .text               GD_LIB_CM7_v210.lib(add_broadcast.o)
    0x08016638   0x08016638   0x00000604   Code   RO          833    .text               GD_LIB_CM7_v210.lib(transpose.o)
    0x08016c3c   0x08016c3c   0x00000004   PAD
    0x08016c40   0x08016c40   0x00001050   Code   RO          842    .text               GD_LIB_CM7_v210.lib(mul_broadcast.o)
    0x08017c90   0x08017c90   0x0000012a   Code   RO          851    .text               GD_LIB_CM7_v210.lib(mul_common.o)
    0x08017dba   0x08017dba   0x00000006   PAD
    0x08017dc0   0x08017dc0   0x00001a74   Code   RO          860    .text               GD_LIB_CM7_v210.lib(stridedslice.o)
    0x08019834   0x08019834   0x00000004   PAD
    0x08019838   0x08019838   0x000006bc   Code   RO          869    .text               GD_LIB_CM7_v210.lib(batch_matmul.o)
    0x08019ef4   0x08019ef4   0x00000004   PAD
    0x08019ef8   0x08019ef8   0x000005f0   Code   RO          878    .text               GD_LIB_CM7_v210.lib(log_softmax.o)
    0x0801a4e8   0x0801a4e8   0x00000120   Code   RO          887    .text               GD_LIB_CM7_v210.lib(arm_batch_matmul_s8.o)
    0x0801a608   0x0801a608   0x000013ac   Code   RO          895    .text               GD_LIB_CM7_v210.lib(gd_nn_special_op_and_quan.o)
    0x0801b9b4   0x0801b9b4   0x00000004   PAD
    0x0801b9b8   0x0801b9b8   0x000005c8   Code   RO          904    .text               GD_LIB_CM7_v210.lib(nn_forward_unidirectionalsequencelstm.o)
    0x0801bf80   0x0801bf80   0x00000b0c   Code   RO          913    .text               GD_LIB_CM7_v210.lib(nn_forward_bidirectionalsequencelstm.o)
    0x0801ca8c   0x0801ca8c   0x00000004   PAD
    0x0801ca90   0x0801ca90   0x000006dc   Code   RO          922    .text               GD_LIB_CM7_v210.lib(arm_nn_vec_mat_mult_t_s8.o)
    0x0801d16c   0x0801d16c   0x00000004   PAD
    0x0801d170   0x0801d170   0x00000dec   Code   RO          931    .text               GD_LIB_CM7_v210.lib(arm_nn_vec_mat_mult_t_s8_cmsis600.o)
    0x0801df5c   0x0801df5c   0x00000004   PAD
    0x0801df60   0x0801df60   0x00005598   Code   RO          940    .text               GD_LIB_CM7_v210.lib(unidirectionalsequencelstm.o)
    0x080234f8   0x080234f8   0x000001f0   Code   RO          950    .text               GD_LIB_CM7_v210.lib(bidirectionlasequencelstm_int.o)
    0x080236e8   0x080236e8   0x000000d0   Code   RO          958    .text               GD_LIB_CM7_v210.lib(arm_lstm_unidirectional_s8.o)
    0x080237b8   0x080237b8   0x00000188   Code   RO          966    .text               GD_LIB_CM7_v210.lib(arm_vector_sum_s8.o)
    0x08023940   0x08023940   0x0000179e   Code   RO          975    .text               GD_LIB_CM7_v210.lib(nn_forward_op_quan_dequan.o)
    0x080250de   0x080250de   0x00000002   PAD
    0x080250e0   0x080250e0   0x000000f8   Code   RO          984    .text               GD_LIB_CM7_v210.lib(arm_nn_lstm_step_s8.o)
    0x080251d8   0x080251d8   0x00000220   Code   RO          992    .text               GD_LIB_CM7_v210.lib(dequantization.o)
    0x080253f8   0x080253f8   0x00000250   Code   RO         1001    .text               GD_LIB_CM7_v210.lib(quantization.o)
    0x08025648   0x08025648   0x0000012c   Code   RO         1010    .text               GD_LIB_CM7_v210.lib(arm_elementwise_mul_s16.o)
    0x08025774   0x08025774   0x00000004   PAD
    0x08025778   0x08025778   0x00000146   Code   RO         1019    .text               GD_LIB_CM7_v210.lib(arm_elementwise_mul_acc_s16.o)
    0x080258be   0x080258be   0x00000002   PAD
    0x080258c0   0x080258c0   0x00000308   Code   RO         1028    .text               GD_LIB_CM7_v210.lib(arm_elementwise_mul_s16_s8.o)
    0x08025bc8   0x08025bc8   0x00000086   Code   RO         1037    .text               GD_LIB_CM7_v210.lib(arm_nn_lstm_calculate_gate_s8_s16.o)
    0x08025c4e   0x08025c4e   0x00000002   PAD
    0x08025c50   0x08025c50   0x00000570   Code   RO         1045    .text               GD_LIB_CM7_v210.lib(arm_nn_activation_s16.o)
    0x080261c0   0x080261c0   0x000006b4   Code   RO         1060    .text               GD_LIB_CM7_v210.lib(arm_nn_vec_mat_mul_result_acc_s8_s16.o)
    0x08026874   0x08026874   0x00000062   Code   RO         1092    .text               mc_w.l(uldiv.o)
    0x080268d6   0x080268d6   0x00000062   Code   RO         1094    .text               mc_w.l(ldiv.o)
    0x08026938   0x08026938   0x00000024   Code   RO         1096    .text               mc_w.l(memcpya.o)
    0x0802695c   0x0802695c   0x00000024   Code   RO         1098    .text               mc_w.l(memseta.o)
    0x08026980   0x08026980   0x0000000e   Code   RO         1100    .text               mc_w.l(strlen.o)
    0x0802698e   0x0802698e   0x00000012   Code   RO         1102    .text               mc_w.l(strcpy.o)
    0x080269a0   0x080269a0   0x0000002c   Code   RO         1202    .text               mc_w.l(uidiv.o)
    0x080269cc   0x080269cc   0x0000001e   Code   RO         1204    .text               mc_w.l(llshl.o)
    0x080269ea   0x080269ea   0x00000020   Code   RO         1206    .text               mc_w.l(llushr.o)
    0x08026a0a   0x08026a0a   0x00000000   Code   RO         1217    .text               mc_w.l(iusefp.o)
    0x08026a0a   0x08026a0a   0x0000014e   Code   RO         1218    .text               mf_w.l(dadd.o)
    0x08026b58   0x08026b58   0x000000e4   Code   RO         1220    .text               mf_w.l(dmul.o)
    0x08026c3c   0x08026c3c   0x000000de   Code   RO         1222    .text               mf_w.l(ddiv.o)
    0x08026d1a   0x08026d1a   0x00000030   Code   RO         1224    .text               mf_w.l(dfixul.o)
    0x08026d4a   0x08026d4a   0x00000002   PAD
    0x08026d4c   0x08026d4c   0x00000030   Code   RO         1226    .text               mf_w.l(cdrcmple.o)
    0x08026d7c   0x08026d7c   0x00000030   Code   RO         1228    .text               mc_w.l(init.o)
    0x08026dac   0x08026dac   0x00000024   Code   RO         1230    .text               mc_w.l(llsshr.o)
    0x08026dd0   0x08026dd0   0x000000ba   Code   RO         1232    .text               mf_w.l(depilogue.o)
    0x08026e8a   0x08026e8a   0x00000006   PAD
    0x08026e90   0x08026e90   0x00000106   Code   RO          580    .text.vTaskSwitchContext  tasks.o
    0x08026f96   0x08026f96   0x00000002   PAD
    0x08026f98   0x08026f98   0x00000020   Code   RO         1107    i.__0printf         mc_w.l(printfa.o)
    0x08026fb8   0x08026fb8   0x00000034   Code   RO         1108    i.__0snprintf       mc_w.l(printfa.o)
    0x08026fec   0x08026fec   0x00000034   Code   RO         1112    i.__0vsnprintf      mc_w.l(printfa.o)
    0x08027020   0x08027020   0x00000026   Code   RO         1162    i.__ARM_fpclassifyf  m_wv.l(fpclassifyf.o)
    0x08027046   0x08027046   0x00000002   PAD
    0x08027048   0x08027048   0x000001ec   Code   RO         1069    i.__hardfp_expf     m_wv.l(expf.o)
    0x08027234   0x08027234   0x0000016c   Code   RO         1076    i.__hardfp_logf     m_wv.l(logf.o)
    0x080273a0   0x080273a0   0x000000e4   Code   RO         1083    i.__hardfp_tanhf    m_wv.l(tanhf.o)
    0x08027484   0x08027484   0x00000014   Code   RO         1164    i.__mathlib_flt_divzero  m_wv.l(funder.o)
    0x08027498   0x08027498   0x00000006   Code   RO         1165    i.__mathlib_flt_infnan  m_wv.l(funder.o)
    0x0802749e   0x0802749e   0x00000002   PAD
    0x080274a0   0x080274a0   0x00000010   Code   RO         1167    i.__mathlib_flt_invalid  m_wv.l(funder.o)
    0x080274b0   0x080274b0   0x00000010   Code   RO         1168    i.__mathlib_flt_overflow  m_wv.l(funder.o)
    0x080274c0   0x080274c0   0x00000010   Code   RO         1170    i.__mathlib_flt_underflow  m_wv.l(funder.o)
    0x080274d0   0x080274d0   0x0000000e   Code   RO         1236    i.__scatterload_copy  mc_w.l(handlers.o)
    0x080274de   0x080274de   0x00000002   Code   RO         1237    i.__scatterload_null  mc_w.l(handlers.o)
    0x080274e0   0x080274e0   0x0000000e   Code   RO         1238    i.__scatterload_zeroinit  mc_w.l(handlers.o)
    0x080274ee   0x080274ee   0x00000002   PAD
    0x080274f0   0x080274f0   0x0000000c   Code   RO         1212    i.__set_errno       mc_w.l(errno.o)
    0x080274fc   0x080274fc   0x00000184   Code   RO         1114    i._fp_digits        mc_w.l(printfa.o)
    0x08027680   0x08027680   0x000006dc   Code   RO         1115    i._printf_core      mc_w.l(printfa.o)
    0x08027d5c   0x08027d5c   0x00000024   Code   RO         1116    i._printf_post_padding  mc_w.l(printfa.o)
    0x08027d80   0x08027d80   0x0000002e   Code   RO         1117    i._printf_pre_padding  mc_w.l(printfa.o)
    0x08027dae   0x08027dae   0x00000016   Code   RO         1118    i._snputc           mc_w.l(printfa.o)
    0x08027dc4   0x08027dc4   0x00000050   Code   RO         1134    i.free              mc_w.l(malloc.o)
    0x08027e14   0x08027e14   0x00000030   Data   RO         1072    .constdata          m_wv.l(expf.o)
    0x08027e44   0x08027e44   0x00000040   Data   RO         1079    .constdata          m_wv.l(logf.o)
    0x08027e84   0x08027e84   0x00000002   Data   RO          540    .rodata.COM_CLK     gd32h759i_start.o
    0x08027e86   0x08027e86   0x00000002   PAD
    0x08027e88   0x08027e88   0x00000004   Data   RO          542    .rodata.COM_RX_PIN  gd32h759i_start.o
    0x08027e8c   0x08027e8c   0x00000004   Data   RO          541    .rodata.COM_TX_PIN  gd32h759i_start.o
    0x08027e90   0x08027e90   0x00000008   Data   RO          530    .rodata.GPIO_CLK    gd32h759i_start.o
    0x08027e98   0x08027e98   0x00000010   Data   RO          532    .rodata.GPIO_PIN    gd32h759i_start.o
    0x08027ea8   0x08027ea8   0x00000010   Data   RO          531    .rodata.GPIO_PORT   gd32h759i_start.o
    0x08027eb8   0x08027eb8   0x00000002   Data   RO          533    .rodata.KEY_CLK     gd32h759i_start.o
    0x08027eba   0x08027eba   0x00000002   Data   RO          539    .rodata.KEY_EXTI_LINE  gd32h759i_start.o
    0x08027ebc   0x08027ebc   0x00000002   Data   RO          536    .rodata.KEY_IRQn    gd32h759i_start.o
    0x08027ebe   0x08027ebe   0x00000002   PAD
    0x08027ec0   0x08027ec0   0x00000004   Data   RO          535    .rodata.KEY_PIN     gd32h759i_start.o
    0x08027ec4   0x08027ec4   0x00000001   Data   RO          538    .rodata.KEY_PIN_SOURCE  gd32h759i_start.o
    0x08027ec5   0x08027ec5   0x00000003   PAD
    0x08027ec8   0x08027ec8   0x00000004   Data   RO          534    .rodata.KEY_PORT    gd32h759i_start.o
    0x08027ecc   0x08027ecc   0x00000001   Data   RO          537    .rodata.KEY_PORT_SOURCE  gd32h759i_start.o
    0x08027ecd   0x08027ecd   0x00000003   PAD
    0x08027ed0   0x08027ed0   0x00000030   Data   RO           27    .rodata.fusion_data  main.o
    0x08027f00   0x08027f00   0x000018ac   Data   RO           83    .rodata.model_paras_arr_mlp  nn_model_configure.o
    0x080297ac   0x080297ac   0x0000eca4   Data   RO           78    .rodata.model_paras_arr_transform  nn_model_configure.o
    0x08038450   0x08038450   0x00010000   Data   RO           84    .rodata.model_paras_data_mlp  nn_model_configure.o
    0x08048450   0x08048450   0x00033180   Data   RO           79    .rodata.model_paras_data_transform  nn_model_configure.o
    0x0807b5d0   0x0807b5d0   0x00000200   Data   RO          942    .rodata.sigmoid_table_uint16  GD_LIB_CM7_v210.lib(unidirectionalsequencelstm.o)
    0x0807b7d0   0x0807b7d0   0x00000200   Data   RO         1055    .rodata.sigmoid_table_uint16  GD_LIB_CM7_v210.lib(arm_nntables.o)
    0x0807b9d0   0x0807b9d0   0x00000097   Data   RO            4    .rodata.str1.1      gd32h7xx_it.o
    0x0807ba67   0x0807ba67   0x00000534   Data   RO           35    .rodata.str1.1      main.o
    0x0807bf9b   0x0807bf9b   0x00000051   Data   RO           66    .rodata.str1.1      nn_model_configure.o
    0x0807bfec   0x0807bfec   0x00000356   Data   RO          101    .rodata.str1.1      nn_model_report.o
    0x0807c342   0x0807c342   0x00000014   Data   RO          602    .rodata.str1.1      tasks.o
    0x0807c356   0x0807c356   0x0000000d   Data   RO          614    .rodata.str1.1      timers.o
    0x0807c363   0x0807c363   0x00000001   PAD
    0x0807c364   0x0807c364   0x00000780   Data   RO           28    .rodata.trans_data  main.o
    0x0807cae4   0x0807cae4   0x00000004   Data   RO          599    .rodata.uxTopUsedPriority  tasks.o
    0x0807cae8   0x0807cae8   0x00000020   Data   RO         1235    Region$$Table       anon$$obj.o


    Execution Region RW_IRAM1 (Exec base: 0x24000000, Load base: 0x0807cb20, Size: 0x000bd0c0, Max: 0x000f0000, ABSOLUTE)

    Exec Addr    Load Addr    Size         Type   Attr      Idx    E Section Name        Object

    0x24000000   0x0807cb20   0x00000004   Data   RW         1192    .data               mc_w.l(stdout.o)
    0x24000004   0x0807cb24   0x00000004   Data   RW         1208    .data               mc_w.l(mvars.o)
    0x24000008   0x0807cb28   0x00000004   Data   RW         1213    .data               mc_w.l(errno.o)
    0x2400000c   0x0807cb2c   0x00000004   Data   RW          124    .data.SystemCoreClock  system_gd32h7xx.o
    0x24000010   0x0807cb30   0x00000010   Data   RW           80    .data.func_cb_arr_mlp  nn_model_configure.o
    0x24000020   0x0807cb40   0x00000098   Data   RW           65    .data.func_cb_arr_transform  nn_model_configure.o
    0x240000b8   0x0807cbd8   0x00000004   Data   RW           21    .data.input_data_mlp  main.o
    0x240000bc   0x0807cbdc   0x00000004   Data   RW           20    .data.input_data_transform  main.o
    0x240000c0   0x0807cbe0   0x00000004   Data   RW           75    .data.lstm_numbers  nn_model_configure.o
    0x240000c4   0x0807cbe4   0x00000008   Data   RW           23    .data.model_paras_array_and_data_mlp  main.o
    0x240000cc   0x0807cbec   0x00000008   Data   RW           22    .data.model_paras_array_and_data_transform  main.o
    0x240000d4   0x0807cbf4   0x00000004   Data   RW           69    .data.platform_name  nn_model_configure.o
    0x240000d8   0x0807cbf8   0x00000014   Data   RW          102    .data.quantization_type_name  nn_model_report.o
    0x240000ec   0x0807cc0c   0x00000004   Data   RW          630    .data.uxCriticalNesting  port.o
    0x240000f0   0x0807cc10   0x00000010   PAD
    0x24000100        -       0x00000010   Zero   RW          716    .bss.SwapRowColumnDims.swapped_shape  GD_LIB_CM7_v210.lib(nn_forward_batch_matmul.o)
    0x24000110   0x0807cc10   0x00000010   PAD
    0x24000120        -       0x00002544   Zero   RW           86    .bss.ai_layer_mem   nn_model_configure.o
    0x24002664        -       0x00000004   Zero   RW          746    .bss.ai_layer_size  GD_LIB_CM7_v210.lib(gd_nn_other.o)
    0x24002668        -       0x00000020   Zero   RW          763    .bss.back_in_dims_arr  GD_LIB_CM7_v210.lib(gd_nn_tensor.o)
    0x24002688        -       0x00000020   Zero   RW          764    .bss.back_out_dims_arr  GD_LIB_CM7_v210.lib(gd_nn_tensor.o)
    0x240026a8        -       0x00000004   Zero   RW           90    .bss.bias_data_buffer  nn_model_configure.o
    0x240026ac        -       0x00000001   Zero   RW           77    .bss.bidirectional_lstm_cell_and_out_state_need_clear_every_invoke  nn_model_configure.o
    0x240026ad        -       0x00000001   Zero   RW           87    .bss.ctx_buffer     nn_model_configure.o
    0x240026ae   0x0807cc10   0x00000002   PAD
    0x240026b0        -       0x00000004   Zero   RW           49    .bss.fusion_filldata_task_handle  main.o
    0x240026b4        -       0x00000004   Zero   RW           42    .bss.fusion_input_data_queue  main.o
    0x240026b8        -       0x00000004   Zero   RW           43    .bss.fusion_output_data_queue  main.o
    0x240026bc        -       0x00000004   Zero   RW           51    .bss.fusion_process_output_task_handle  main.o
    0x240026c0        -       0x00000008   Zero   RW          662    .bss.g_ctx          GD_LIB_CM7_v210.lib(nn_forward_fc.o)
    0x240026c8        -       0x00000008   Zero   RW          715    .bss.g_ctx          GD_LIB_CM7_v210.lib(nn_forward_batch_matmul.o)
    0x240026d0        -       0x00000001   Zero   RW           26    .bss.g_transfer_complete  main.o
    0x240026d1   0x0807cc10   0x00000003   PAD
    0x240026d4        -       0x00000004   Zero   RW          652    .bss.global_start_array_address  GD_LIB_CM7_v210.lib(gd_nn_interface.o)
    0x240026d8        -       0x00000020   Zero   RW           30    .bss.imu_error_scalable  main.o
    0x240026f8        -       0x00000004   Zero   RW           47    .bss.imu_error_scalable_task_handle  main.o
    0x240026fc        -       0x00000020   Zero   RW           36    .bss.imu_fusion_mlp  main.o
    0x2400271c        -       0x00000004   Zero   RW           48    .bss.imu_fusion_mlp_task_handle  main.o
    0x24002720        -       0x00000004   Zero   RW           46    .bss.led_flash_task_handle  main.o
    0x24002724        -       0x00000001   Zero   RW           92    .bss.lstm_buffer    nn_model_configure.o
    0x24002725   0x0807cc10   0x00000003   PAD
    0x24002728        -       0x00000004   Zero   RW           74    .bss.lstm_status_index  nn_model_configure.o
    0x2400272c        -       0x00000004   Zero   RW           93    .bss.lstm_status_info_arr  nn_model_configure.o
    0x24002730        -       0x00000004   Zero   RW           25    .bss.mlp_fps        main.o
    0x24002734        -       0x00000004   Zero   RW           41    .bss.model_mutex    main.o
    0x24002738        -       0x00000008   Zero   RW           38    .bss.model_paras_array_info_buf_mlp  main.o
    0x24002740        -       0x00000008   Zero   RW           32    .bss.model_paras_array_info_buf_transform  main.o
    0x24002748        -       0x0000001c   Zero   RW           39    .bss.nn_report_mlp  main.o
    0x24002764        -       0x0000001c   Zero   RW           33    .bss.nn_report_transform  main.o
    0x24002780        -       0x00000004   Zero   RW           71    .bss.out_node_arr_offset  nn_model_configure.o
    0x24002784        -       0x00000004   Zero   RW           37    .bss.output_data_ptr_mlp  main.o
    0x24002788        -       0x00000004   Zero   RW           31    .bss.output_data_ptr_transform  main.o
    0x2400278c        -       0x00000004   Zero   RW          618    .bss.prvSampleTimeNow.xLastTime  timers.o
    0x24002790        -       0x00000004   Zero   RW          582    .bss.pxCurrentTCB   tasks.o
    0x24002794        -       0x00000004   Zero   RW          616    .bss.pxCurrentTimerList  timers.o
    0x24002798        -       0x00000004   Zero   RW          592    .bss.pxDelayedTaskList  tasks.o
    0x2400279c        -       0x00000004   Zero   RW          638    .bss.pxEnd          heap_4.o
    0x240027a0        -       0x00000004   Zero   RW          593    .bss.pxOverflowDelayedTaskList  tasks.o
    0x240027a4        -       0x00000004   Zero   RW          617    .bss.pxOverflowTimerList  timers.o
    0x240027a8        -       0x00000280   Zero   RW          583    .bss.pxReadyTasksLists  tasks.o
    0x24002a28        -       0x00000001   Zero   RW          736    .bss.quantization_type  GD_LIB_CM7_v210.lib(gd_nn_layer.o)
    0x24002a29   0x0807cc10   0x00000003   PAD
    0x24002a2c        -       0x00000004   Zero   RW           54    .bss.rev_messgae_task_handle  main.o
    0x24002a30        -       0x00000001   Zero   RW           56    .bss.rx_count       main.o
    0x24002a31   0x0807cc10   0x00000003   PAD
    0x24002a34        -       0x00000004   Zero   RW           29    .bss.rx_mutex       main.o
    0x24002a38   0x0807cc10   0x00000008   PAD
    0x24002a40        -       0x00000800   Zero   RW           55    .bss.rxbuffer       main.o
    0x24003240        -       0x00000004   Zero   RW           50    .bss.scalable_filldata_task_handle  main.o
    0x24003244        -       0x00000004   Zero   RW           44    .bss.scalable_input_data_queue  main.o
    0x24003248        -       0x00000004   Zero   RW           45    .bss.scalable_output_data_queue  main.o
    0x2400324c        -       0x00000004   Zero   RW           52    .bss.scalable_process_output_task_handle  main.o
    0x24003250        -       0x00004b04   Zero   RW           91    .bss.scratch_buffer  nn_model_configure.o
    0x24007d54   0x0807cc10   0x0000000c   PAD
    0x24007d60        -       0x00000800   Zero   RW           57    .bss.send_buffer    main.o
    0x24008560        -       0x00000004   Zero   RW           53    .bss.send_messgae_task_handle  main.o
    0x24008564        -       0x00000004   Zero   RW           40    .bss.start_task_handle  main.o
    0x24008568   0x0807cc10   0x00000018   PAD
    0x24008580        -       0x0004e200   Zero   RW           85    .bss.static_buffer_peak  nn_model_configure.o
    0x24056780        -       0x00000004   Zero   RW           70    .bss.static_multi_in_buffer_pool  nn_model_configure.o
    0x24056784        -       0x00000004   Zero   RW            3    .bss.sys_count      gd32h7xx_it.o
    0x24056788        -       0x00000004   Zero   RW           24    .bss.trans_fps      main.o
    0x2405678c        -       0x0000080c   Zero   RW           34    .bss.tx_buffer      main.o
    0x24056f98        -       0x00064000   Zero   RW          641    .bss.ucHeap         heap_4.o
    0x240baf98        -       0x00000001   Zero   RW          628    .bss.ucMaxSysCallPriority  port.o
    0x240baf99   0x0807cc10   0x00000003   PAD
    0x240baf9c        -       0x00000004   Zero   RW          629    .bss.ulMaxPRIGROUPValue  port.o
    0x240bafa0        -       0x00000001   Zero   RW           76    .bss.undirectional_lstm_cell_and_out_state_need_clear_every_invoke  nn_model_configure.o
    0x240bafa1   0x0807cc10   0x00000003   PAD
    0x240bafa4        -       0x00000004   Zero   RW          589    .bss.uxCurrentNumberOfTasks  tasks.o
    0x240bafa8        -       0x00000004   Zero   RW          588    .bss.uxDeletedTasksWaitingCleanUp  tasks.o
    0x240bafac        -       0x00000004   Zero   RW          590    .bss.uxSchedulerSuspended  tasks.o
    0x240bafb0        -       0x00000004   Zero   RW          585    .bss.uxTaskNumber   tasks.o
    0x240bafb4        -       0x00000004   Zero   RW          584    .bss.uxTopReadyPriority  tasks.o
    0x240bafb8        -       0x00000014   Zero   RW          619    .bss.xActiveTimerList1  timers.o
    0x240bafcc        -       0x00000014   Zero   RW          620    .bss.xActiveTimerList2  timers.o
    0x240bafe0        -       0x00000014   Zero   RW          603    .bss.xDelayedTaskList1  tasks.o
    0x240baff4        -       0x00000014   Zero   RW          604    .bss.xDelayedTaskList2  tasks.o
    0x240bb008        -       0x00000004   Zero   RW          639    .bss.xFreeBytesRemaining  heap_4.o
    0x240bb00c        -       0x00000004   Zero   RW          598    .bss.xIdleTaskHandles  tasks.o
    0x240bb010        -       0x00000004   Zero   RW          642    .bss.xMinimumEverFreeBytesRemaining  heap_4.o
    0x240bb014        -       0x00000004   Zero   RW          597    .bss.xNextTaskUnblockTime  tasks.o
    0x240bb018        -       0x00000004   Zero   RW          601    .bss.xNumOfOverflows  tasks.o
    0x240bb01c        -       0x00000004   Zero   RW          643    .bss.xNumberOfSuccessfulAllocations  heap_4.o
    0x240bb020        -       0x00000004   Zero   RW          644    .bss.xNumberOfSuccessfulFrees  heap_4.o
    0x240bb024        -       0x00000004   Zero   RW          600    .bss.xPendedTicks   tasks.o
    0x240bb028        -       0x00000014   Zero   RW          594    .bss.xPendingReadyList  tasks.o
    0x240bb03c        -       0x00000040   Zero   RW          565    .bss.xQueueRegistry  queue.o
    0x240bb07c        -       0x00000004   Zero   RW          586    .bss.xSchedulerRunning  tasks.o
    0x240bb080        -       0x00000008   Zero   RW          640    .bss.xStart         heap_4.o
    0x240bb088        -       0x00000014   Zero   RW          595    .bss.xSuspendedTaskList  tasks.o
    0x240bb09c        -       0x00000014   Zero   RW          587    .bss.xTasksWaitingTermination  tasks.o
    0x240bb0b0        -       0x00000004   Zero   RW          591    .bss.xTickCount     tasks.o
    0x240bb0b4        -       0x00000004   Zero   RW          613    .bss.xTimerQueue    timers.o
    0x240bb0b8        -       0x00000004   Zero   RW          615    .bss.xTimerTaskHandle  timers.o
    0x240bb0bc        -       0x00000004   Zero   RW          596    .bss.xYieldPendings  tasks.o
    0x240bb0c0        -       0x00002000   Zero   RW          519    STACK               startup_gd32h7xx.o



  Load Region LR$$.ARM.__at_0x30000000 (Base: 0x30000000, Size: 0x00000050, Max: 0x00000050, ABSOLUTE)

    Execution Region ER$$.ARM.__at_0x30000000 (Exec base: 0x30000000, Load base: 0x30000000, Size: 0x00000050, Max: 0x00000050, ABSOLUTE, UNINIT)

    Exec Addr    Load Addr    Size         Type   Attr      Idx    E Section Name        Object

    0x30000000   0x30000000   0x00000050   Data   RW          255    .ARM.__at_0x30000000  gd32h7xx_enet.o



  Load Region LR$$.ARM.__at_0x30000160 (Base: 0x30000160, Size: 0x00000050, Max: 0x00000050, ABSOLUTE)

    Execution Region ER$$.ARM.__at_0x30000160 (Exec base: 0x30000160, Load base: 0x30000160, Size: 0x00000050, Max: 0x00000050, ABSOLUTE, UNINIT)

    Exec Addr    Load Addr    Size         Type   Attr      Idx    E Section Name        Object

    0x30000160   0x30000160   0x00000050   Data   RW          252    .ARM.__at_0x30000160  gd32h7xx_enet.o



  Load Region LR$$.ARM.__at_0x30000300 (Base: 0x30000300, Size: 0x00001dc4, Max: 0x00001dc4, ABSOLUTE)

    Execution Region ER$$.ARM.__at_0x30000300 (Exec base: 0x30000300, Load base: 0x30000300, Size: 0x00001dc4, Max: 0x00001dc4, ABSOLUTE, UNINIT)

    Exec Addr    Load Addr    Size         Type   Attr      Idx    E Section Name        Object

    0x30000300   0x30000300   0x00001dc4   Data   RW          256    .ARM.__at_0x30000300  gd32h7xx_enet.o



  Load Region LR$$.ARM.__at_0x30002100 (Base: 0x30002100, Size: 0x00001dc4, Max: 0x00001dc4, ABSOLUTE)

    Execution Region ER$$.ARM.__at_0x30002100 (Exec base: 0x30002100, Load base: 0x30002100, Size: 0x00001dc4, Max: 0x00001dc4, ABSOLUTE, UNINIT)

    Exec Addr    Load Addr    Size         Type   Attr      Idx    E Section Name        Object

    0x30002100   0x30002100   0x00001dc4   Data   RW          253    .ARM.__at_0x30002100  gd32h7xx_enet.o


==============================================================================

Image component sizes


      Code (inc. data)   RO Data    RW Data    ZI Data      Debug   Object Name

       700          0         66          0          0       8898   gd32h759i_start.o
      5144         64          0          0          0      13869   gd32h7xx_dma.o
         0          0          0      15400          0      28817   gd32h7xx_enet.o
       928          4          0          0          0       3019   gd32h7xx_exti.o
      1376          0          0          0          0       5809   gd32h7xx_gpio.o
       862          0        151          0          4      12399   gd32h7xx_it.o
       666          0          0          0          0       4634   gd32h7xx_misc.o
      9224         68          0          0          0      27027   gd32h7xx_rcu.o
      1200         12          0          0          0      11027   gd32h7xx_syscfg.o
     16020        284          0          0          0      28610   gd32h7xx_timer.o
      3778          8          0          0          0      16058   gd32h7xx_usart.o
      1990          0          0          0     409628       4760   heap_4.o
       312          0          0          0          0       2011   list.o
      4160          0       3300         24       6374      19358   main.o
         0          0     341793        176     348768       3573   nn_model_configure.o
       792         20        854         20          0       2840   nn_model_report.o
      1340         28          0          4          5       3663   port.o
      5852          0          0          0         64      14954   queue.o
      1218          0          0          0          0       4157   ringbuffer.o
        60         14        932          0       8192        928   startup_gd32h7xx.o
      1178          4          0          4          0       3066   system_gd32h7xx.o
     13618         18         24          0        800      26565   tasks.o
      2526         10         13          0         60       8624   timers.o

    ----------------------------------------------------------------------
     73000        534     347176      15628     773972     254666   Object Totals
         0          0         32          0          0          0   (incl. Generated)
        56          0         11          0         77          0   (incl. Padding)

    ----------------------------------------------------------------------

      Code (inc. data)   RO Data    RW Data    ZI Data      Debug   Library Member Name

      3504          0          0          0          0      16647   add_broadcast.o
       552          0          0          0          0       4843   add_f32.o
       288          0          0          0          0       3166   arm_batch_matmul_s8.o
      1372          0          0          0          0       9227   arm_elementwise_add_s8.o
       326          0          0          0          0       3714   arm_elementwise_mul_acc_s16.o
       300          0          0          0          0       3372   arm_elementwise_mul_s16.o
       776          0          0          0          0       4968   arm_elementwise_mul_s16_s8.o
       794          0          0          0          0       7353   arm_elementwise_mul_s8.o
       102          0          0          0          0       2118   arm_fully_connected_s8.o
       208          0          0          0          0       3272   arm_lstm_unidirectional_s8.o
      1392          0          0          0          0       5291   arm_nn_activation_s16.o
       134          0          0          0          0       2500   arm_nn_lstm_calculate_gate_s8_s16.o
       248          0          0          0          0       2899   arm_nn_lstm_step_s8.o
      1716          0          0          0          0       9452   arm_nn_vec_mat_mul_result_acc_s8_s16.o
      1756          0          0          0          0       9513   arm_nn_vec_mat_mult_t_s8.o
      3564          0          0          0          0      17027   arm_nn_vec_mat_mult_t_s8_cmsis600.o
         0          0        512          0          0        613   arm_nntables.o
       392          0          0          0          0       2196   arm_vector_sum_s8.o
      1724          4          0          0          0       9547   batch_matmul.o
       496          0          0          0          0       4392   bidirectionlasequencelstm_int.o
       544          0          0          0          0       3868   dequantization.o
       872          4          0          0          0       5580   fullyconnected_fast_f32.o
        66          0          0          0          0       2126   gd_nn_basic_types.o
      1256         12          0          0          4      10866   gd_nn_interface.o
      1504         52          0          0          1      15034   gd_nn_layer.o
        34          0          0          0          4        760   gd_nn_other.o
      5036        116          0          0          0      32701   gd_nn_special_op_and_quan.o
        36          0          0          0          0       1806   gd_nn_support.o
       126          0          0          0         64       2676   gd_nn_tensor.o
      1520         20          0          0          0      31262   log_softmax.o
      4176          0          0          0          0      15751   mul_broadcast.o
       298          0          0          0          0       3493   mul_common.o
       460          0          0          0          0       5260   nn_forward_add.o
      2494          0          0          0         24      15260   nn_forward_batch_matmul.o
      2828          0          0          0          0      16707   nn_forward_bidirectionalsequencelstm.o
       192          0          0          0          8       4600   nn_forward_fc.o
      2614          0          0          0          0      11124   nn_forward_mul.o
      6046          8          0          0          0      35995   nn_forward_op_quan_dequan.o
       160          0          0          0          0       5330   nn_forward_softmax.o
       218          0          0          0          0       4369   nn_forward_stridedslice.o
       210          0          0          0          0       3742   nn_forward_transpose.o
      1480          0          0          0          0      13531   nn_forward_unidirectionalsequencelstm.o
       592          0          0          0          0       4301   quantization.o
      1396         16          0          0          0       5247   softmax_f32.o
      6772          0          0          0          0      23178   stridedslice.o
      1540          0          0          0          0       6635   transpose.o
     21912         86        512          0          0      77966   unidirectionalsequencelstm.o
       492         62         48          0          0        236   expf.o
        38          0          0          0          0        116   fpclassifyf.o
        74         24          0          0          0        580   funder.o
       364         44         64          0          0        140   logf.o
       228         20          0          0          0        152   tanhf.o
         0          0          0          0          0          0   entry.o
         0          0          0          0          0          0   entry10a.o
         0          0          0          0          0          0   entry11a.o
         8          4          0          0          0          0   entry2.o
         4          0          0          0          0          0   entry5.o
         0          0          0          0          0          0   entry7b.o
         0          0          0          0          0          0   entry8b.o
         8          4          0          0          0          0   entry9a.o
        12          6          0          4          0         68   errno.o
        30          0          0          0          0          0   handlers.o
        48         10          0          0          0         68   init.o
         0          0          0          0          0          0   iusefp.o
        98          0          0          0          0         84   ldiv.o
        30          0          0          0          0         68   llshl.o
        36          0          0          0          0         68   llsshr.o
        32          0          0          0          0         68   llushr.o
        80          4          0          0          0         76   malloc.o
        36          0          0          0          0         68   memcpya.o
        36          0          0          0          0        108   memseta.o
         0          0          0          4          0          0   mvars.o
      2384        100          0          0          0        688   printfa.o
         0          0          0          4          0          0   stdout.o
        18          0          0          0          0         68   strcpy.o
        14          0          0          0          0         68   strlen.o
        44          0          0          0          0         80   uidiv.o
        98          0          0          0          0         92   uldiv.o
        48          0          0          0          0         68   cdrcmple.o
       334          0          0          0          0        148   dadd.o
       222          0          0          0          0        100   ddiv.o
       186          0          0          0          0        176   depilogue.o
        48          0          0          0          0         68   dfixul.o
       228          0          0          0          0         96   dmul.o

    ----------------------------------------------------------------------
     89416        600       1136         12        124     484830   Library Totals
       112          4          0          0         19          0   (incl. Padding)

    ----------------------------------------------------------------------

      Code (inc. data)   RO Data    RW Data    ZI Data      Debug   Library Name

     84026        318       1024          0        105     481278   GD_LIB_CM7_v210.lib
      1196        150        112          0          0       1224   m_wv.l
      3016        128          0         12          0       1672   mc_w.l
      1066          0          0          0          0        656   mf_w.l

    ----------------------------------------------------------------------
     89416        600       1136         12        124     484830   Library Totals

    ----------------------------------------------------------------------

==============================================================================


      Code (inc. data)   RO Data    RW Data    ZI Data      Debug   

    162416       1134     348312      15640     774096     736404   Grand Totals
    162416       1134     348312      15640     774096     736404   ELF Image Totals
    162416       1134     348312      15640          0          0   ROM Totals

==============================================================================

    Total RO  Size (Code + RO Data)               510728 ( 498.76kB)
    Total RW  Size (RW Data + ZI Data)            789736 ( 771.23kB)
    Total ROM Size (Code + RO Data + RW Data)     526368 ( 514.03kB)

==============================================================================

