<html>
<body>
<pre>
<h1>µVision Build Log</h1>
<h2>Tool Versions:</h2>
IDE-Version: ¦ÌVision V5.41.0.0
Copyright (C) 2024 ARM Ltd and ARM Germany GmbH. All rights reserved.
License Information: yang YYH, scau, LIC=LSNXV-P0SV1-452T5-GR2KI-9ZMPV-A5W1G
 
Tool Versions:
Toolchain:       MDK-ARM Plus  Version: 5.41.0.0
Toolchain Path:  D:\Users\YYH\AppData\Local\Keil_v5\ARM\ARMCLANG\Bin
C Compiler:      ArmClang.exe V6.22
Assembler:       Armasm.exe V6.22
Linker/Locator:  ArmLink.exe V6.22
Library Manager: ArmAr.exe V6.22
Hex Converter:   FromElf.exe V6.22
CPU DLL:         SARMCM3.DLL V5.41.0.0
Dialog DLL:      DCM.DLL V1.17.5.0
Target DLL:      CMSIS_AGDI.dll V1.33.21.0
Dialog DLL:      TCM.DLL V1.56.4.0
 
<h2>Project:</h2>
D:\GD32\project\IMU2AI\GD_Embedded_AI\GD32H759-MDK-ARM\GD32H759I_START.uvprojx
Project File Date:  04/23/2026

<h2>Output:</h2>
*** Using Compiler 'V6.22', folder: 'D:\Users\YYH\AppData\Local\Keil_v5\ARM\ARMCLANG\Bin'
Rebuild target 'GD32H759_NN_Invoke'
compiling systick.c...
compiling nn_model_report.c...
compiling nn_usart.c...
compiling ringbuffer.c...
compiling gd32h7xx_it.c...
compiling main.c...
compiling system_gd32h7xx.c...
compiling gd32h7xx_cau.c...
compiling gd32h7xx_adc.c...
compiling gd32h7xx_cau_des.c...
compiling gd32h7xx_cau_aes.c...
compiling gd32h7xx_can.c...
compiling gd32h7xx_cau_tdes.c...
compiling gd32h7xx_cpdm.c...
compiling gd32h7xx_cmp.c...
compiling gd32h7xx_crc.c...
compiling gd32h7xx_ctc.c...
compiling gd32h7xx_dac.c...
compiling gd32h7xx_dbg.c...
compiling nn_model_configure.c...
compiling gd32h7xx_dci.c...
compiling gd32h7xx_dma.c...
compiling gd32h7xx_edout.c...
compiling gd32h7xx_efuse.c...
compiling gd32h7xx_exmc.c...
compiling gd32h7xx_enet.c...
compiling gd32h7xx_exti.c...
compiling gd32h7xx_fac.c...
compiling gd32h7xx_fmc.c...
compiling gd32h7xx_fwdgt.c...
compiling gd32h7xx_gpio.c...
compiling gd32h7xx_hau.c...
compiling gd32h7xx_hau_sha_md5.c...
compiling gd32h7xx_hwsem.c...
compiling gd32h7xx_hpdf.c...
compiling gd32h7xx_i2c.c...
compiling gd32h7xx_ipa.c...
compiling gd32h7xx_lpdts.c...
compiling gd32h7xx_mdio.c...
compiling gd32h7xx_misc.c...
compiling gd32h7xx_mdma.c...
compiling gd32h7xx_ospi.c...
compiling gd32h7xx_ospim.c...
compiling gd32h7xx_pmu.c...
compiling gd32h7xx_rameccmu.c...
compiling gd32h7xx_rspdif.c...
compiling gd32h7xx_rtc.c...
compiling gd32h7xx_rcu.c...
compiling gd32h7xx_rtdec.c...
compiling gd32h7xx_sdio.c...
compiling gd32h7xx_sai.c...
compiling gd32h7xx_spi.c...
compiling gd32h7xx_syscfg.c...
compiling gd32h7xx_tmu.c...
compiling gd32h7xx_tli.c...
compiling gd32h7xx_trigsel.c...
compiling gd32h7xx_trng.c...
compiling gd32h7xx_usart.c...
assembling startup_gd32h7xx.s...
compiling gd32h7xx_timer.c...
compiling gd32h7xx_vref.c...
compiling gd32h7xx_wwdgt.c...
compiling gd32h759i_start.c...
compiling croutine.c...
compiling event_groups.c...
compiling list.c...
compiling stream_buffer.c...
compiling queue.c...
compiling timers.c...
compiling port.c...
compiling heap_4.c...
compiling tasks.c...
linking...
Program Size: Code=162416 RO-data=348312 RW-data=15640 ZI-data=774096  
FromELF: creating hex file...
".\output\GD32H759.axf" - 0 Error(s), 0 Warning(s).

<h2>Software Packages used:</h2>

Package Vendor: ARM
                http://www.keil.com/pack/ARM.CMSIS.5.5.1.pack
                ARM::CMSIS@5.5.1
                CMSIS (Cortex Microcontroller Software Interface Standard)
   * Component: CORE Version: 5.2.0

Package Vendor: GigaDevice
                https://gd32mcu.com/GigaDevice.GD32H7xx_DFP.1.4.0.pack
                GigaDevice::GD32H7xx_DFP@1.4.0
                GigaDevice GD32H7xx Series Device Support and Examples

<h2>Collection of Component include folders:</h2>
  ./RTE/_GD32H759_NN_Invoke
  D:/Users/YYH/AppData/Local/Arm/Packs/ARM/CMSIS/5.5.1/CMSIS/Core/Include
  D:/Users/YYH/AppData/Local/Arm/Packs/GigaDevice/GD32H7xx_DFP/1.4.0/Device/Include

<h2>Collection of Component Files used:</h2>

   * Component: ARM::CMSIS:CORE@5.2.0
Build Time Elapsed:  00:00:08
</pre>
</body>
</html>
