<!doctype html public "-//w3c//dtd html 4.0 transitional//en">
<html><head>
<title>Static Call Graph - [.\output\GD32H759.axf]</title></head>
<body><HR>
<H1>Static Call Graph for image .\output\GD32H759.axf</H1><HR>
<BR><P>#&#060CALLGRAPH&#062# ARM Linker, 6220000: Last Updated: Tue May  5 11:10:33 2026
<BR><P>
<H3>Maximum Stack Usage =       2240 bytes + Unknown(Cycles, Untraceable Function Pointers)</H3><H3>
Call chain for Maximum Stack Depth:</H3>
scalable_process_output_Task &rArr; rb_printf &rArr; rb_write_bytes &rArr; rb_free_space &rArr; rb_used_space
<P>
<H3>
Mutually Recursive functions
</H3> <LI><a href="#[9]">SysTick_Handler</a>&nbsp;&nbsp;&nbsp;&rArr;&nbsp;&nbsp;&nbsp;<a href="#[9]">SysTick_Handler</a><BR>
 <LI><a href="#[1c]">ADC0_1_IRQHandler</a>&nbsp;&nbsp;&nbsp;&rArr;&nbsp;&nbsp;&nbsp;<a href="#[1c]">ADC0_1_IRQHandler</a><BR>
 <LI><a href="#[204]">transpose_impl_int8</a>&nbsp;&nbsp;&nbsp;&rArr;&nbsp;&nbsp;&nbsp;<a href="#[204]">transpose_impl_int8</a><BR>
 <LI><a href="#[203]">transpose_impl_f32</a>&nbsp;&nbsp;&nbsp;&rArr;&nbsp;&nbsp;&nbsp;<a href="#[203]">transpose_impl_f32</a><BR>
 <LI><a href="#[1e5]">repeat_recursive_int8</a>&nbsp;&nbsp;&nbsp;&rArr;&nbsp;&nbsp;&nbsp;<a href="#[1e5]">repeat_recursive_int8</a><BR>
</UL>
<P>
<H3>
Function Pointers
</H3><UL>
 <LI><a href="#[1c]">ADC0_1_IRQHandler</a> from startup_gd32h7xx.o(.text) referenced from startup_gd32h7xx.o(RESET)
 <LI><a href="#[6d]">ADC2_IRQHandler</a> from startup_gd32h7xx.o(.text) referenced from startup_gd32h7xx.o(RESET)
 <LI><a href="#[b]">AVD_LVD_OVD_IRQHandler</a> from startup_gd32h7xx.o(.text) referenced from startup_gd32h7xx.o(RESET)
 <LI><a href="#[4]">BusFault_Handler</a> from gd32h7xx_it.o(.text) referenced from startup_gd32h7xx.o(RESET)
 <LI><a href="#[89]">CAN0_Busoff_IRQHandler</a> from startup_gd32h7xx.o(.text) referenced from startup_gd32h7xx.o(RESET)
 <LI><a href="#[8a]">CAN0_Error_IRQHandler</a> from startup_gd32h7xx.o(.text) referenced from startup_gd32h7xx.o(RESET)
 <LI><a href="#[8b]">CAN0_FastError_IRQHandler</a> from startup_gd32h7xx.o(.text) referenced from startup_gd32h7xx.o(RESET)
 <LI><a href="#[88]">CAN0_Message_IRQHandler</a> from startup_gd32h7xx.o(.text) referenced from startup_gd32h7xx.o(RESET)
 <LI><a href="#[8d]">CAN0_REC_IRQHandler</a> from startup_gd32h7xx.o(.text) referenced from startup_gd32h7xx.o(RESET)
 <LI><a href="#[8c]">CAN0_TEC_IRQHandler</a> from startup_gd32h7xx.o(.text) referenced from startup_gd32h7xx.o(RESET)
 <LI><a href="#[87]">CAN0_WKUP_IRQHandler</a> from startup_gd32h7xx.o(.text) referenced from startup_gd32h7xx.o(RESET)
 <LI><a href="#[90]">CAN1_Busoff_IRQHandler</a> from startup_gd32h7xx.o(.text) referenced from startup_gd32h7xx.o(RESET)
 <LI><a href="#[91]">CAN1_Error_IRQHandler</a> from startup_gd32h7xx.o(.text) referenced from startup_gd32h7xx.o(RESET)
 <LI><a href="#[92]">CAN1_FastError_IRQHandler</a> from startup_gd32h7xx.o(.text) referenced from startup_gd32h7xx.o(RESET)
 <LI><a href="#[8f]">CAN1_Message_IRQHandler</a> from startup_gd32h7xx.o(.text) referenced from startup_gd32h7xx.o(RESET)
 <LI><a href="#[94]">CAN1_REC_IRQHandler</a> from startup_gd32h7xx.o(.text) referenced from startup_gd32h7xx.o(RESET)
 <LI><a href="#[93]">CAN1_TEC_IRQHandler</a> from startup_gd32h7xx.o(.text) referenced from startup_gd32h7xx.o(RESET)
 <LI><a href="#[8e]">CAN1_WKUP_IRQHandler</a> from startup_gd32h7xx.o(.text) referenced from startup_gd32h7xx.o(RESET)
 <LI><a href="#[97]">CAN2_Busoff_IRQHandler</a> from startup_gd32h7xx.o(.text) referenced from startup_gd32h7xx.o(RESET)
 <LI><a href="#[98]">CAN2_Error_IRQHandler</a> from startup_gd32h7xx.o(.text) referenced from startup_gd32h7xx.o(RESET)
 <LI><a href="#[99]">CAN2_FastError_IRQHandler</a> from startup_gd32h7xx.o(.text) referenced from startup_gd32h7xx.o(RESET)
 <LI><a href="#[96]">CAN2_Message_IRQHandler</a> from startup_gd32h7xx.o(.text) referenced from startup_gd32h7xx.o(RESET)
 <LI><a href="#[9b]">CAN2_REC_IRQHandler</a> from startup_gd32h7xx.o(.text) referenced from startup_gd32h7xx.o(RESET)
 <LI><a href="#[9a]">CAN2_TEC_IRQHandler</a> from startup_gd32h7xx.o(.text) referenced from startup_gd32h7xx.o(RESET)
 <LI><a href="#[95]">CAN2_WKUP_IRQHandler</a> from startup_gd32h7xx.o(.text) referenced from startup_gd32h7xx.o(RESET)
 <LI><a href="#[4f]">CAU_IRQHandler</a> from startup_gd32h7xx.o(.text) referenced from startup_gd32h7xx.o(RESET)
 <LI><a href="#[6e]">CMP0_1_IRQHandler</a> from startup_gd32h7xx.o(.text) referenced from startup_gd32h7xx.o(RESET)
 <LI><a href="#[6f]">CTC_IRQHandler</a> from startup_gd32h7xx.o(.text) referenced from startup_gd32h7xx.o(RESET)
 <LI><a href="#[4e]">DCI_IRQHandler</a> from startup_gd32h7xx.o(.text) referenced from startup_gd32h7xx.o(RESET)
 <LI><a href="#[15]">DMA0_Channel0_IRQHandler</a> from startup_gd32h7xx.o(.text) referenced from startup_gd32h7xx.o(RESET)
 <LI><a href="#[16]">DMA0_Channel1_IRQHandler</a> from startup_gd32h7xx.o(.text) referenced from startup_gd32h7xx.o(RESET)
 <LI><a href="#[17]">DMA0_Channel2_IRQHandler</a> from startup_gd32h7xx.o(.text) referenced from startup_gd32h7xx.o(RESET)
 <LI><a href="#[18]">DMA0_Channel3_IRQHandler</a> from startup_gd32h7xx.o(.text) referenced from startup_gd32h7xx.o(RESET)
 <LI><a href="#[19]">DMA0_Channel4_IRQHandler</a> from startup_gd32h7xx.o(.text) referenced from startup_gd32h7xx.o(RESET)
 <LI><a href="#[1a]">DMA0_Channel5_IRQHandler</a> from startup_gd32h7xx.o(.text) referenced from startup_gd32h7xx.o(RESET)
 <LI><a href="#[1b]">DMA0_Channel6_IRQHandler</a> from startup_gd32h7xx.o(.text) referenced from startup_gd32h7xx.o(RESET)
 <LI><a href="#[34]">DMA0_Channel7_IRQHandler</a> from startup_gd32h7xx.o(.text) referenced from startup_gd32h7xx.o(RESET)
 <LI><a href="#[3d]">DMA1_Channel0_IRQHandler</a> from startup_gd32h7xx.o(.text) referenced from startup_gd32h7xx.o(RESET)
 <LI><a href="#[3e]">DMA1_Channel1_IRQHandler</a> from startup_gd32h7xx.o(.text) referenced from startup_gd32h7xx.o(RESET)
 <LI><a href="#[3f]">DMA1_Channel2_IRQHandler</a> from startup_gd32h7xx.o(.text) referenced from startup_gd32h7xx.o(RESET)
 <LI><a href="#[40]">DMA1_Channel3_IRQHandler</a> from startup_gd32h7xx.o(.text) referenced from startup_gd32h7xx.o(RESET)
 <LI><a href="#[41]">DMA1_Channel4_IRQHandler</a> from startup_gd32h7xx.o(.text) referenced from startup_gd32h7xx.o(RESET)
 <LI><a href="#[44]">DMA1_Channel5_IRQHandler</a> from startup_gd32h7xx.o(.text) referenced from startup_gd32h7xx.o(RESET)
 <LI><a href="#[45]">DMA1_Channel6_IRQHandler</a> from startup_gd32h7xx.o(.text) referenced from startup_gd32h7xx.o(RESET)
 <LI><a href="#[46]">DMA1_Channel7_IRQHandler</a> from main.o(.text) referenced from startup_gd32h7xx.o(RESET)
 <LI><a href="#[60]">DMAMUX_OVR_IRQHandler</a> from startup_gd32h7xx.o(.text) referenced from startup_gd32h7xx.o(RESET)
 <LI><a href="#[7]">DebugMon_Handler</a> from gd32h7xx_it.o(.text) referenced from startup_gd32h7xx.o(RESET)
 <LI><a href="#[9c]">EFUSE_IRQHandler</a> from startup_gd32h7xx.o(.text) referenced from startup_gd32h7xx.o(RESET)
 <LI><a href="#[42]">ENET0_IRQHandler</a> from startup_gd32h7xx.o(.text) referenced from startup_gd32h7xx.o(RESET)
 <LI><a href="#[43]">ENET0_WKUP_IRQHandler</a> from startup_gd32h7xx.o(.text) referenced from startup_gd32h7xx.o(RESET)
 <LI><a href="#[85]">ENET1_IRQHandler</a> from startup_gd32h7xx.o(.text) referenced from startup_gd32h7xx.o(RESET)
 <LI><a href="#[86]">ENET1_WKUP_IRQHandler</a> from startup_gd32h7xx.o(.text) referenced from startup_gd32h7xx.o(RESET)
 <LI><a href="#[35]">EXMC_IRQHandler</a> from startup_gd32h7xx.o(.text) referenced from startup_gd32h7xx.o(RESET)
 <LI><a href="#[10]">EXTI0_IRQHandler</a> from startup_gd32h7xx.o(.text) referenced from startup_gd32h7xx.o(RESET)
 <LI><a href="#[2e]">EXTI10_15_IRQHandler</a> from startup_gd32h7xx.o(.text) referenced from startup_gd32h7xx.o(RESET)
 <LI><a href="#[11]">EXTI1_IRQHandler</a> from startup_gd32h7xx.o(.text) referenced from startup_gd32h7xx.o(RESET)
 <LI><a href="#[12]">EXTI2_IRQHandler</a> from startup_gd32h7xx.o(.text) referenced from startup_gd32h7xx.o(RESET)
 <LI><a href="#[13]">EXTI3_IRQHandler</a> from startup_gd32h7xx.o(.text) referenced from startup_gd32h7xx.o(RESET)
 <LI><a href="#[14]">EXTI4_IRQHandler</a> from startup_gd32h7xx.o(.text) referenced from startup_gd32h7xx.o(RESET)
 <LI><a href="#[1d]">EXTI5_9_IRQHandler</a> from startup_gd32h7xx.o(.text) referenced from startup_gd32h7xx.o(RESET)
 <LI><a href="#[74]">FAC_IRQHandler</a> from startup_gd32h7xx.o(.text) referenced from startup_gd32h7xx.o(RESET)
 <LI><a href="#[e]">FMC_IRQHandler</a> from startup_gd32h7xx.o(.text) referenced from startup_gd32h7xx.o(RESET)
 <LI><a href="#[51]">FPU_IRQHandler</a> from startup_gd32h7xx.o(.text) referenced from startup_gd32h7xx.o(RESET)
 <LI><a href="#[50]">HAU_TRNG_IRQHandler</a> from startup_gd32h7xx.o(.text) referenced from startup_gd32h7xx.o(RESET)
 <LI><a href="#[61]">HPDF_INT0_IRQHandler</a> from startup_gd32h7xx.o(.text) referenced from startup_gd32h7xx.o(RESET)
 <LI><a href="#[62]">HPDF_INT1_IRQHandler</a> from startup_gd32h7xx.o(.text) referenced from startup_gd32h7xx.o(RESET)
 <LI><a href="#[63]">HPDF_INT2_IRQHandler</a> from startup_gd32h7xx.o(.text) referenced from startup_gd32h7xx.o(RESET)
 <LI><a href="#[64]">HPDF_INT3_IRQHandler</a> from startup_gd32h7xx.o(.text) referenced from startup_gd32h7xx.o(RESET)
 <LI><a href="#[6c]">HWSEM_IRQHandler</a> from startup_gd32h7xx.o(.text) referenced from startup_gd32h7xx.o(RESET)
 <LI><a href="#[2]">HardFault_Handler</a> from gd32h7xx_it.o(.text) referenced from startup_gd32h7xx.o(RESET)
 <LI><a href="#[26]">I2C0_ER_IRQHandler</a> from startup_gd32h7xx.o(.text) referenced from startup_gd32h7xx.o(RESET)
 <LI><a href="#[25]">I2C0_EV_IRQHandler</a> from startup_gd32h7xx.o(.text) referenced from startup_gd32h7xx.o(RESET)
 <LI><a href="#[9d]">I2C0_WKUP_IRQHandler</a> from startup_gd32h7xx.o(.text) referenced from startup_gd32h7xx.o(RESET)
 <LI><a href="#[28]">I2C1_ER_IRQHandler</a> from startup_gd32h7xx.o(.text) referenced from startup_gd32h7xx.o(RESET)
 <LI><a href="#[27]">I2C1_EV_IRQHandler</a> from startup_gd32h7xx.o(.text) referenced from startup_gd32h7xx.o(RESET)
 <LI><a href="#[9e]">I2C1_WKUP_IRQHandler</a> from startup_gd32h7xx.o(.text) referenced from startup_gd32h7xx.o(RESET)
 <LI><a href="#[49]">I2C2_ER_IRQHandler</a> from startup_gd32h7xx.o(.text) referenced from startup_gd32h7xx.o(RESET)
 <LI><a href="#[48]">I2C2_EV_IRQHandler</a> from startup_gd32h7xx.o(.text) referenced from startup_gd32h7xx.o(RESET)
 <LI><a href="#[9f]">I2C2_WKUP_IRQHandler</a> from startup_gd32h7xx.o(.text) referenced from startup_gd32h7xx.o(RESET)
 <LI><a href="#[5e]">I2C3_ER_IRQHandler</a> from startup_gd32h7xx.o(.text) referenced from startup_gd32h7xx.o(RESET)
 <LI><a href="#[5d]">I2C3_EV_IRQHandler</a> from startup_gd32h7xx.o(.text) referenced from startup_gd32h7xx.o(RESET)
 <LI><a href="#[a0]">I2C3_WKUP_IRQHandler</a> from startup_gd32h7xx.o(.text) referenced from startup_gd32h7xx.o(RESET)
 <LI><a href="#[5a]">IPA_IRQHandler</a> from startup_gd32h7xx.o(.text) referenced from startup_gd32h7xx.o(RESET)
 <LI><a href="#[a1]">LPDTS_IRQHandler</a> from startup_gd32h7xx.o(.text) referenced from startup_gd32h7xx.o(RESET)
 <LI><a href="#[a2]">LPDTS_WKUP_IRQHandler</a> from startup_gd32h7xx.o(.text) referenced from startup_gd32h7xx.o(RESET)
 <LI><a href="#[69]">MDIO_IRQHandler</a> from startup_gd32h7xx.o(.text) referenced from startup_gd32h7xx.o(RESET)
 <LI><a href="#[6a]">MDMA_IRQHandler</a> from startup_gd32h7xx.o(.text) referenced from startup_gd32h7xx.o(RESET)
 <LI><a href="#[3]">MemManage_Handler</a> from gd32h7xx_it.o(.text) referenced from startup_gd32h7xx.o(RESET)
 <LI><a href="#[1]">NMI_Handler</a> from gd32h7xx_it.o(.text) referenced from startup_gd32h7xx.o(RESET)
 <LI><a href="#[5c]">OSPI0_IRQHandler</a> from startup_gd32h7xx.o(.text) referenced from startup_gd32h7xx.o(RESET)
 <LI><a href="#[71]">OSPI1_IRQHandler</a> from startup_gd32h7xx.o(.text) referenced from startup_gd32h7xx.o(RESET)
 <LI><a href="#[8]">PendSV_Handler</a> from port.o(.text) referenced 2 times from port.o(.text)
 <LI><a href="#[8]">PendSV_Handler</a> from port.o(.text) referenced from startup_gd32h7xx.o(RESET)
 <LI><a href="#[70]">RAMECCMU_IRQHandler</a> from startup_gd32h7xx.o(.text) referenced from startup_gd32h7xx.o(RESET)
 <LI><a href="#[f]">RCU_IRQHandler</a> from startup_gd32h7xx.o(.text) referenced from startup_gd32h7xx.o(RESET)
 <LI><a href="#[5f]">RSPDIF_IRQHandler</a> from startup_gd32h7xx.o(.text) referenced from startup_gd32h7xx.o(RESET)
 <LI><a href="#[2f]">RTC_Alarm_IRQHandler</a> from startup_gd32h7xx.o(.text) referenced from startup_gd32h7xx.o(RESET)
 <LI><a href="#[d]">RTC_WKUP_IRQHandler</a> from startup_gd32h7xx.o(.text) referenced from startup_gd32h7xx.o(RESET)
 <LI><a href="#[72]">RTDEC0_IRQHandler</a> from startup_gd32h7xx.o(.text) referenced from startup_gd32h7xx.o(RESET)
 <LI><a href="#[73]">RTDEC1_IRQHandler</a> from startup_gd32h7xx.o(.text) referenced from startup_gd32h7xx.o(RESET)
 <LI><a href="#[0]">Reset_Handler</a> from startup_gd32h7xx.o(.text) referenced from startup_gd32h7xx.o(RESET)
 <LI><a href="#[57]">SAI0_IRQHandler</a> from startup_gd32h7xx.o(.text) referenced from startup_gd32h7xx.o(RESET)
 <LI><a href="#[5b]">SAI1_IRQHandler</a> from startup_gd32h7xx.o(.text) referenced from startup_gd32h7xx.o(RESET)
 <LI><a href="#[65]">SAI2_IRQHandler</a> from startup_gd32h7xx.o(.text) referenced from startup_gd32h7xx.o(RESET)
 <LI><a href="#[36]">SDIO0_IRQHandler</a> from startup_gd32h7xx.o(.text) referenced from startup_gd32h7xx.o(RESET)
 <LI><a href="#[6b]">SDIO1_IRQHandler</a> from startup_gd32h7xx.o(.text) referenced from startup_gd32h7xx.o(RESET)
 <LI><a href="#[29]">SPI0_IRQHandler</a> from startup_gd32h7xx.o(.text) referenced from startup_gd32h7xx.o(RESET)
 <LI><a href="#[2a]">SPI1_IRQHandler</a> from startup_gd32h7xx.o(.text) referenced from startup_gd32h7xx.o(RESET)
 <LI><a href="#[38]">SPI2_IRQHandler</a> from startup_gd32h7xx.o(.text) referenced from startup_gd32h7xx.o(RESET)
 <LI><a href="#[54]">SPI3_IRQHandler</a> from startup_gd32h7xx.o(.text) referenced from startup_gd32h7xx.o(RESET)
 <LI><a href="#[55]">SPI4_IRQHandler</a> from startup_gd32h7xx.o(.text) referenced from startup_gd32h7xx.o(RESET)
 <LI><a href="#[56]">SPI5_IRQHandler</a> from startup_gd32h7xx.o(.text) referenced from startup_gd32h7xx.o(RESET)
 <LI><a href="#[6]">SVC_Handler</a> from port.o(.text) referenced 2 times from port.o(.text)
 <LI><a href="#[6]">SVC_Handler</a> from port.o(.text) referenced from startup_gd32h7xx.o(RESET)
 <LI><a href="#[9]">SysTick_Handler</a> from startup_gd32h7xx.o(.text) referenced from startup_gd32h7xx.o(RESET)
 <LI><a href="#[b8]">SystemInit</a> from system_gd32h7xx.o(.text) referenced from startup_gd32h7xx.o(.text)
 <LI><a href="#[c]">TAMPER_STAMP_LXTAL_IRQHandler</a> from startup_gd32h7xx.o(.text) referenced from startup_gd32h7xx.o(RESET)
 <LI><a href="#[1e]">TIMER0_BRK_IRQHandler</a> from startup_gd32h7xx.o(.text) referenced from startup_gd32h7xx.o(RESET)
 <LI><a href="#[21]">TIMER0_Channel_IRQHandler</a> from startup_gd32h7xx.o(.text) referenced from startup_gd32h7xx.o(RESET)
 <LI><a href="#[a3]">TIMER0_DEC_IRQHandler</a> from startup_gd32h7xx.o(.text) referenced from startup_gd32h7xx.o(RESET)
 <LI><a href="#[20]">TIMER0_TRG_CMT_IRQHandler</a> from startup_gd32h7xx.o(.text) referenced from startup_gd32h7xx.o(RESET)
 <LI><a href="#[1f]">TIMER0_UP_IRQHandler</a> from startup_gd32h7xx.o(.text) referenced from startup_gd32h7xx.o(RESET)
 <LI><a href="#[66]">TIMER14_IRQHandler</a> from startup_gd32h7xx.o(.text) referenced from startup_gd32h7xx.o(RESET)
 <LI><a href="#[67]">TIMER15_IRQHandler</a> from startup_gd32h7xx.o(.text) referenced from startup_gd32h7xx.o(RESET)
 <LI><a href="#[68]">TIMER16_IRQHandler</a> from startup_gd32h7xx.o(.text) referenced from startup_gd32h7xx.o(RESET)
 <LI><a href="#[a5]">TIMER1_DEC_IRQHandler</a> from startup_gd32h7xx.o(.text) referenced from startup_gd32h7xx.o(RESET)
 <LI><a href="#[22]">TIMER1_IRQHandler</a> from gd32h7xx_it.o(.text) referenced from startup_gd32h7xx.o(RESET)
 <LI><a href="#[a9]">TIMER22_DEC_IRQHandler</a> from startup_gd32h7xx.o(.text) referenced from startup_gd32h7xx.o(RESET)
 <LI><a href="#[76]">TIMER22_IRQHandler</a> from startup_gd32h7xx.o(.text) referenced from startup_gd32h7xx.o(RESET)
 <LI><a href="#[aa]">TIMER23_DEC_IRQHandler</a> from startup_gd32h7xx.o(.text) referenced from startup_gd32h7xx.o(RESET)
 <LI><a href="#[77]">TIMER23_IRQHandler</a> from startup_gd32h7xx.o(.text) referenced from startup_gd32h7xx.o(RESET)
 <LI><a href="#[a6]">TIMER2_DEC_IRQHandler</a> from startup_gd32h7xx.o(.text) referenced from startup_gd32h7xx.o(RESET)
 <LI><a href="#[23]">TIMER2_IRQHandler</a> from startup_gd32h7xx.o(.text) referenced from startup_gd32h7xx.o(RESET)
 <LI><a href="#[ab]">TIMER30_DEC_IRQHandler</a> from startup_gd32h7xx.o(.text) referenced from startup_gd32h7xx.o(RESET)
 <LI><a href="#[78]">TIMER30_IRQHandler</a> from startup_gd32h7xx.o(.text) referenced from startup_gd32h7xx.o(RESET)
 <LI><a href="#[ac]">TIMER31_DEC_IRQHandler</a> from startup_gd32h7xx.o(.text) referenced from startup_gd32h7xx.o(RESET)
 <LI><a href="#[79]">TIMER31_IRQHandler</a> from startup_gd32h7xx.o(.text) referenced from startup_gd32h7xx.o(RESET)
 <LI><a href="#[a7]">TIMER3_DEC_IRQHandler</a> from startup_gd32h7xx.o(.text) referenced from startup_gd32h7xx.o(RESET)
 <LI><a href="#[24]">TIMER3_IRQHandler</a> from startup_gd32h7xx.o(.text) referenced from startup_gd32h7xx.o(RESET)
 <LI><a href="#[7a]">TIMER40_IRQHandler</a> from startup_gd32h7xx.o(.text) referenced from startup_gd32h7xx.o(RESET)
 <LI><a href="#[7b]">TIMER41_IRQHandler</a> from startup_gd32h7xx.o(.text) referenced from startup_gd32h7xx.o(RESET)
 <LI><a href="#[7c]">TIMER42_IRQHandler</a> from startup_gd32h7xx.o(.text) referenced from startup_gd32h7xx.o(RESET)
 <LI><a href="#[7d]">TIMER43_IRQHandler</a> from startup_gd32h7xx.o(.text) referenced from startup_gd32h7xx.o(RESET)
 <LI><a href="#[7e]">TIMER44_IRQHandler</a> from startup_gd32h7xx.o(.text) referenced from startup_gd32h7xx.o(RESET)
 <LI><a href="#[a8]">TIMER4_DEC_IRQHandler</a> from startup_gd32h7xx.o(.text) referenced from startup_gd32h7xx.o(RESET)
 <LI><a href="#[37]">TIMER4_IRQHandler</a> from gd32h7xx_it.o(.text) referenced from startup_gd32h7xx.o(RESET)
 <LI><a href="#[7f]">TIMER50_IRQHandler</a> from startup_gd32h7xx.o(.text) referenced from startup_gd32h7xx.o(RESET)
 <LI><a href="#[80]">TIMER51_IRQHandler</a> from startup_gd32h7xx.o(.text) referenced from startup_gd32h7xx.o(RESET)
 <LI><a href="#[3b]">TIMER5_DAC_UDR_IRQHandler</a> from startup_gd32h7xx.o(.text) referenced from startup_gd32h7xx.o(RESET)
 <LI><a href="#[3c]">TIMER6_IRQHandler</a> from startup_gd32h7xx.o(.text) referenced from startup_gd32h7xx.o(RESET)
 <LI><a href="#[30]">TIMER7_BRK_IRQHandler</a> from startup_gd32h7xx.o(.text) referenced from startup_gd32h7xx.o(RESET)
 <LI><a href="#[33]">TIMER7_Channel_IRQHandler</a> from startup_gd32h7xx.o(.text) referenced from startup_gd32h7xx.o(RESET)
 <LI><a href="#[a4]">TIMER7_DEC_IRQHandler</a> from startup_gd32h7xx.o(.text) referenced from startup_gd32h7xx.o(RESET)
 <LI><a href="#[32]">TIMER7_TRG_CMT_IRQHandler</a> from startup_gd32h7xx.o(.text) referenced from startup_gd32h7xx.o(RESET)
 <LI><a href="#[31]">TIMER7_UP_IRQHandler</a> from startup_gd32h7xx.o(.text) referenced from startup_gd32h7xx.o(RESET)
 <LI><a href="#[59]">TLI_ER_IRQHandler</a> from startup_gd32h7xx.o(.text) referenced from startup_gd32h7xx.o(RESET)
 <LI><a href="#[58]">TLI_IRQHandler</a> from startup_gd32h7xx.o(.text) referenced from startup_gd32h7xx.o(RESET)
 <LI><a href="#[75]">TMU_IRQHandler</a> from startup_gd32h7xx.o(.text) referenced from startup_gd32h7xx.o(RESET)
 <LI><a href="#[39]">UART3_IRQHandler</a> from startup_gd32h7xx.o(.text) referenced from startup_gd32h7xx.o(RESET)
 <LI><a href="#[3a]">UART4_IRQHandler</a> from startup_gd32h7xx.o(.text) referenced from startup_gd32h7xx.o(RESET)
 <LI><a href="#[52]">UART6_IRQHandler</a> from startup_gd32h7xx.o(.text) referenced from startup_gd32h7xx.o(RESET)
 <LI><a href="#[53]">UART7_IRQHandler</a> from startup_gd32h7xx.o(.text) referenced from startup_gd32h7xx.o(RESET)
 <LI><a href="#[2b]">USART0_IRQHandler</a> from main.o(.text) referenced from startup_gd32h7xx.o(RESET)
 <LI><a href="#[2c]">USART1_IRQHandler</a> from startup_gd32h7xx.o(.text) referenced from startup_gd32h7xx.o(RESET)
 <LI><a href="#[2d]">USART2_IRQHandler</a> from startup_gd32h7xx.o(.text) referenced from startup_gd32h7xx.o(RESET)
 <LI><a href="#[47]">USART5_IRQHandler</a> from startup_gd32h7xx.o(.text) referenced from startup_gd32h7xx.o(RESET)
 <LI><a href="#[4b]">USBHS0_EP1_IN_IRQHandler</a> from startup_gd32h7xx.o(.text) referenced from startup_gd32h7xx.o(RESET)
 <LI><a href="#[4a]">USBHS0_EP1_OUT_IRQHandler</a> from startup_gd32h7xx.o(.text) referenced from startup_gd32h7xx.o(RESET)
 <LI><a href="#[4d]">USBHS0_IRQHandler</a> from startup_gd32h7xx.o(.text) referenced from startup_gd32h7xx.o(RESET)
 <LI><a href="#[4c]">USBHS0_WKUP_IRQHandler</a> from startup_gd32h7xx.o(.text) referenced from startup_gd32h7xx.o(RESET)
 <LI><a href="#[82]">USBHS1_EP1_IN_IRQHandler</a> from startup_gd32h7xx.o(.text) referenced from startup_gd32h7xx.o(RESET)
 <LI><a href="#[81]">USBHS1_EP1_OUT_IRQHandler</a> from startup_gd32h7xx.o(.text) referenced from startup_gd32h7xx.o(RESET)
 <LI><a href="#[84]">USBHS1_IRQHandler</a> from startup_gd32h7xx.o(.text) referenced from startup_gd32h7xx.o(RESET)
 <LI><a href="#[83]">USBHS1_WKUP_IRQHandler</a> from startup_gd32h7xx.o(.text) referenced from startup_gd32h7xx.o(RESET)
 <LI><a href="#[5]">UsageFault_Handler</a> from gd32h7xx_it.o(.text) referenced from startup_gd32h7xx.o(RESET)
 <LI><a href="#[a]">WWDGT_IRQHandler</a> from startup_gd32h7xx.o(.text) referenced from startup_gd32h7xx.o(RESET)
 <LI><a href="#[b9]">__main</a> from entry.o(.ARM.Collect$$$$00000000) referenced from startup_gd32h7xx.o(.text)
 <LI><a href="#[be]">_snputc</a> from printfa.o(i._snputc) referenced from printfa.o(i.__0snprintf)
 <LI><a href="#[be]">_snputc</a> from printfa.o(i._snputc) referenced from printfa.o(i.__0vsnprintf)
 <LI><a href="#[bd]">fputc</a> from gd32h7xx_it.o(.text) referenced from printfa.o(i.__0printf)
 <LI><a href="#[b2]">fusion_filldata_Task</a> from main.o(.text) referenced 2 times from main.o(.text)
 <LI><a href="#[b4]">fusion_process_output_Task</a> from main.o(.text) referenced 2 times from main.o(.text)
 <LI><a href="#[b0]">imu_error_scalable_Task</a> from main.o(.text) referenced 2 times from main.o(.text)
 <LI><a href="#[b1]">imu_fusion_mlp_Task</a> from main.o(.text) referenced 2 times from main.o(.text)
 <LI><a href="#[af]">led_flash_Task</a> from main.o(.text) referenced 2 times from main.o(.text)
 <LI><a href="#[ad]">main</a> from main.o(.text) referenced from entry9a.o(.ARM.Collect$$$$0000000B)
 <LI><a href="#[c1]">nn_wrapper_add_func</a> from nn_forward_add.o(.text) referenced 5 times from nn_model_configure.o(.data.func_cb_arr_transform)
 <LI><a href="#[c3]">nn_wrapper_batch_matmul_func</a> from nn_forward_batch_matmul.o(.text) referenced 4 times from nn_model_configure.o(.data.func_cb_arr_transform)
 <LI><a href="#[bf]">nn_wrapper_fc_func</a> from nn_forward_fc.o(.text) referenced 4 times from nn_model_configure.o(.data.func_cb_arr_mlp)
 <LI><a href="#[bf]">nn_wrapper_fc_func</a> from nn_forward_fc.o(.text) referenced 10 times from nn_model_configure.o(.data.func_cb_arr_transform)
 <LI><a href="#[c4]">nn_wrapper_mul_func</a> from nn_forward_mul.o(.text) referenced 2 times from nn_model_configure.o(.data.func_cb_arr_transform)
 <LI><a href="#[c5]">nn_wrapper_softmax_func</a> from nn_forward_softmax.o(.text) referenced 2 times from nn_model_configure.o(.data.func_cb_arr_transform)
 <LI><a href="#[c2]">nn_wrapper_stridedslice_func</a> from nn_forward_stridedslice.o(.text) referenced 6 times from nn_model_configure.o(.data.func_cb_arr_transform)
 <LI><a href="#[c0]">nn_wrapper_transpose_func</a> from nn_forward_transpose.o(.text) referenced 9 times from nn_model_configure.o(.data.func_cb_arr_transform)
 <LI><a href="#[ba]">prvIdleTask</a> from tasks.o(.text) referenced 2 times from tasks.o(.text)
 <LI><a href="#[bc]">prvTaskExitError</a> from port.o(.text) referenced 2 times from port.o(.text)
 <LI><a href="#[bb]">prvTimerTask</a> from timers.o(.text) referenced 2 times from timers.o(.text)
 <LI><a href="#[b7]">rev_messgae_Task</a> from main.o(.text) referenced 2 times from main.o(.text)
 <LI><a href="#[b3]">scalable_filldata_Task</a> from main.o(.text) referenced 2 times from main.o(.text)
 <LI><a href="#[b5]">scalable_process_output_Task</a> from main.o(.text) referenced 2 times from main.o(.text)
 <LI><a href="#[b6]">send_messgae_Task</a> from main.o(.text) referenced 2 times from main.o(.text)
 <LI><a href="#[ae]">start_task</a> from main.o(.text) referenced 2 times from main.o(.text)
</UL>
<P>
<H3>
Global Symbols
</H3>
<P><STRONG><a name="[b9]"></a>__main</STRONG> (Thumb, 0 bytes, Stack size unknown bytes, entry.o(.ARM.Collect$$$$00000000))
<BR>[Address Reference Count : 1]<UL><LI> startup_gd32h7xx.o(.text)
</UL>
<P><STRONG><a name="[283]"></a>_main_stk</STRONG> (Thumb, 0 bytes, Stack size unknown bytes, entry2.o(.ARM.Collect$$$$00000001))

<P><STRONG><a name="[c7]"></a>_main_scatterload</STRONG> (Thumb, 0 bytes, Stack size unknown bytes, entry5.o(.ARM.Collect$$$$00000004))
<BR><BR>[Calls]<UL><LI><a href="#[c8]">&gt;&gt;</a>&nbsp;&nbsp;&nbsp;__scatterload
</UL>

<P><STRONG><a name="[271]"></a>__main_after_scatterload</STRONG> (Thumb, 0 bytes, Stack size unknown bytes, entry5.o(.ARM.Collect$$$$00000004))
<BR><BR>[Called By]<UL><LI><a href="#[c8]">&gt;&gt;</a>&nbsp;&nbsp;&nbsp;__scatterload
</UL>

<P><STRONG><a name="[284]"></a>_main_clock</STRONG> (Thumb, 0 bytes, Stack size unknown bytes, entry7b.o(.ARM.Collect$$$$00000008))

<P><STRONG><a name="[285]"></a>_main_cpp_init</STRONG> (Thumb, 0 bytes, Stack size unknown bytes, entry8b.o(.ARM.Collect$$$$0000000A))

<P><STRONG><a name="[286]"></a>_main_init</STRONG> (Thumb, 0 bytes, Stack size unknown bytes, entry9a.o(.ARM.Collect$$$$0000000B))

<P><STRONG><a name="[287]"></a>__rt_final_cpp</STRONG> (Thumb, 0 bytes, Stack size unknown bytes, entry10a.o(.ARM.Collect$$$$0000000D))

<P><STRONG><a name="[288]"></a>__rt_final_exit</STRONG> (Thumb, 0 bytes, Stack size unknown bytes, entry11a.o(.ARM.Collect$$$$0000000F))

<P><STRONG><a name="[1]"></a>NMI_Handler</STRONG> (Thumb, 4 bytes, Stack size 0 bytes, gd32h7xx_it.o(.text))
<BR>[Address Reference Count : 1]<UL><LI> startup_gd32h7xx.o(RESET)
</UL>
<P><STRONG><a name="[2]"></a>HardFault_Handler</STRONG> (Thumb, 106 bytes, Stack size 8 bytes, gd32h7xx_it.o(.text))
<BR><BR>[Stack]<UL><LI>Max Depth = 32<LI>Call Chain = HardFault_Handler &rArr; printf
</UL>
<BR>[Calls]<UL><LI><a href="#[c9]">&gt;&gt;</a>&nbsp;&nbsp;&nbsp;printf
</UL>
<BR>[Address Reference Count : 1]<UL><LI> startup_gd32h7xx.o(RESET)
</UL>
<P><STRONG><a name="[3]"></a>MemManage_Handler</STRONG> (Thumb, 18 bytes, Stack size 8 bytes, gd32h7xx_it.o(.text))
<BR><BR>[Stack]<UL><LI>Max Depth = 32<LI>Call Chain = MemManage_Handler &rArr; printf
</UL>
<BR>[Calls]<UL><LI><a href="#[c9]">&gt;&gt;</a>&nbsp;&nbsp;&nbsp;printf
</UL>
<BR>[Address Reference Count : 1]<UL><LI> startup_gd32h7xx.o(RESET)
</UL>
<P><STRONG><a name="[4]"></a>BusFault_Handler</STRONG> (Thumb, 18 bytes, Stack size 8 bytes, gd32h7xx_it.o(.text))
<BR><BR>[Stack]<UL><LI>Max Depth = 32<LI>Call Chain = BusFault_Handler &rArr; printf
</UL>
<BR>[Calls]<UL><LI><a href="#[c9]">&gt;&gt;</a>&nbsp;&nbsp;&nbsp;printf
</UL>
<BR>[Address Reference Count : 1]<UL><LI> startup_gd32h7xx.o(RESET)
</UL>
<P><STRONG><a name="[5]"></a>UsageFault_Handler</STRONG> (Thumb, 18 bytes, Stack size 8 bytes, gd32h7xx_it.o(.text))
<BR><BR>[Stack]<UL><LI>Max Depth = 32<LI>Call Chain = UsageFault_Handler &rArr; printf
</UL>
<BR>[Calls]<UL><LI><a href="#[c9]">&gt;&gt;</a>&nbsp;&nbsp;&nbsp;printf
</UL>
<BR>[Address Reference Count : 1]<UL><LI> startup_gd32h7xx.o(RESET)
</UL>
<P><STRONG><a name="[7]"></a>DebugMon_Handler</STRONG> (Thumb, 4 bytes, Stack size 0 bytes, gd32h7xx_it.o(.text))
<BR>[Address Reference Count : 1]<UL><LI> startup_gd32h7xx.o(RESET)
</UL>
<P><STRONG><a name="[272]"></a>vApplicationStackOverflowHook</STRONG> (Thumb, 32 bytes, Stack size 12 bytes, gd32h7xx_it.o(.text))
<BR><BR>[Stack]<UL><LI>Max Depth = 12<LI>Call Chain = vApplicationStackOverflowHook
</UL>
<BR>[Called By]<UL><LI><a href="#[c6]">&gt;&gt;</a>&nbsp;&nbsp;&nbsp;vTaskSwitchContext
</UL>

<P><STRONG><a name="[1bf]"></a>vApplicationMallocFailedHook</STRONG> (Thumb, 28 bytes, Stack size 4 bytes, gd32h7xx_it.o(.text))
<BR><BR>[Stack]<UL><LI>Max Depth = 4<LI>Call Chain = vApplicationMallocFailedHook
</UL>
<BR>[Called By]<UL><LI><a href="#[14e]">&gt;&gt;</a>&nbsp;&nbsp;&nbsp;pvPortMalloc
</UL>

<P><STRONG><a name="[22]"></a>TIMER1_IRQHandler</STRONG> (Thumb, 38 bytes, Stack size 8 bytes, gd32h7xx_it.o(.text))
<BR><BR>[Stack]<UL><LI>Max Depth = 24<LI>Call Chain = TIMER1_IRQHandler &rArr; timer_interrupt_flag_get
</UL>
<BR>[Calls]<UL><LI><a href="#[cc]">&gt;&gt;</a>&nbsp;&nbsp;&nbsp;gd_eval_led_toggle
<LI><a href="#[cb]">&gt;&gt;</a>&nbsp;&nbsp;&nbsp;timer_interrupt_flag_clear
<LI><a href="#[ca]">&gt;&gt;</a>&nbsp;&nbsp;&nbsp;timer_interrupt_flag_get
</UL>
<BR>[Address Reference Count : 1]<UL><LI> startup_gd32h7xx.o(RESET)
</UL>
<P><STRONG><a name="[cd]"></a>vPortSetupTimerInterrupt</STRONG> (Thumb, 104 bytes, Stack size 48 bytes, gd32h7xx_it.o(.text))
<BR><BR>[Stack]<UL><LI>Max Depth = 156<LI>Call Chain = vPortSetupTimerInterrupt &rArr; timer_deinit &rArr; rcu_periph_reset_disable
</UL>
<BR>[Calls]<UL><LI><a href="#[d4]">&gt;&gt;</a>&nbsp;&nbsp;&nbsp;nvic_irq_enable
<LI><a href="#[d3]">&gt;&gt;</a>&nbsp;&nbsp;&nbsp;timer_enable
<LI><a href="#[d2]">&gt;&gt;</a>&nbsp;&nbsp;&nbsp;timer_interrupt_enable
<LI><a href="#[d1]">&gt;&gt;</a>&nbsp;&nbsp;&nbsp;timer_init
<LI><a href="#[d0]">&gt;&gt;</a>&nbsp;&nbsp;&nbsp;timer_struct_para_init
<LI><a href="#[cf]">&gt;&gt;</a>&nbsp;&nbsp;&nbsp;timer_deinit
<LI><a href="#[ce]">&gt;&gt;</a>&nbsp;&nbsp;&nbsp;rcu_periph_clock_enable
</UL>
<BR>[Called By]<UL><LI><a href="#[18b]">&gt;&gt;</a>&nbsp;&nbsp;&nbsp;xPortStartScheduler
</UL>

<P><STRONG><a name="[37]"></a>TIMER4_IRQHandler</STRONG> (Thumb, 56 bytes, Stack size 8 bytes, gd32h7xx_it.o(.text))
<BR><BR>[Stack]<UL><LI>Max Depth = 72<LI>Call Chain = TIMER4_IRQHandler &rArr; xPortSysTickHandler &rArr; xTaskIncrementTick
</UL>
<BR>[Calls]<UL><LI><a href="#[d6]">&gt;&gt;</a>&nbsp;&nbsp;&nbsp;xPortSysTickHandler
<LI><a href="#[d5]">&gt;&gt;</a>&nbsp;&nbsp;&nbsp;xTaskGetSchedulerState
<LI><a href="#[cb]">&gt;&gt;</a>&nbsp;&nbsp;&nbsp;timer_interrupt_flag_clear
<LI><a href="#[ca]">&gt;&gt;</a>&nbsp;&nbsp;&nbsp;timer_interrupt_flag_get
</UL>
<BR>[Address Reference Count : 1]<UL><LI> startup_gd32h7xx.o(RESET)
</UL>
<P><STRONG><a name="[d7]"></a>led_init</STRONG> (Thumb, 64 bytes, Stack size 24 bytes, gd32h7xx_it.o(.text))
<BR><BR>[Stack]<UL><LI>Max Depth = 84<LI>Call Chain = led_init &rArr; gd_eval_led_init &rArr; gpio_mode_set
</UL>
<BR>[Calls]<UL><LI><a href="#[d9]">&gt;&gt;</a>&nbsp;&nbsp;&nbsp;gd_eval_led_on
<LI><a href="#[d8]">&gt;&gt;</a>&nbsp;&nbsp;&nbsp;gd_eval_led_init
</UL>
<BR>[Called By]<UL><LI><a href="#[ad]">&gt;&gt;</a>&nbsp;&nbsp;&nbsp;main
</UL>

<P><STRONG><a name="[da]"></a>usart_init</STRONG> (Thumb, 50 bytes, Stack size 16 bytes, gd32h7xx_it.o(.text))
<BR><BR>[Stack]<UL><LI>Max Depth = 364<LI>Call Chain = usart_init &rArr; gd_eval_com_init &rArr; usart_baudrate_set &rArr; rcu_clock_freq_get &rArr; rcu_pll_clock_freq_cal
</UL>
<BR>[Calls]<UL><LI><a href="#[dd]">&gt;&gt;</a>&nbsp;&nbsp;&nbsp;usart_interrupt_enable
<LI><a href="#[dc]">&gt;&gt;</a>&nbsp;&nbsp;&nbsp;usart_flag_clear
<LI><a href="#[db]">&gt;&gt;</a>&nbsp;&nbsp;&nbsp;gd_eval_com_init
<LI><a href="#[d4]">&gt;&gt;</a>&nbsp;&nbsp;&nbsp;nvic_irq_enable
</UL>
<BR>[Called By]<UL><LI><a href="#[ad]">&gt;&gt;</a>&nbsp;&nbsp;&nbsp;main
</UL>

<P><STRONG><a name="[de]"></a>mpu_config</STRONG> (Thumb, 92 bytes, Stack size 32 bytes, gd32h7xx_it.o(.text))
<BR><BR>[Stack]<UL><LI>Max Depth = 44<LI>Call Chain = mpu_config &rArr; mpu_region_config
</UL>
<BR>[Calls]<UL><LI><a href="#[e3]">&gt;&gt;</a>&nbsp;&nbsp;&nbsp;mpu_region_enable
<LI><a href="#[e2]">&gt;&gt;</a>&nbsp;&nbsp;&nbsp;mpu_region_config
<LI><a href="#[df]">&gt;&gt;</a>&nbsp;&nbsp;&nbsp;mpu_region_struct_para_init
<LI><a href="#[e4]">&gt;&gt;</a>&nbsp;&nbsp;&nbsp;ARM_MPU_Enable
<LI><a href="#[e1]">&gt;&gt;</a>&nbsp;&nbsp;&nbsp;ARM_MPU_SetRegion
<LI><a href="#[e0]">&gt;&gt;</a>&nbsp;&nbsp;&nbsp;ARM_MPU_Disable
</UL>
<BR>[Called By]<UL><LI><a href="#[ad]">&gt;&gt;</a>&nbsp;&nbsp;&nbsp;main
</UL>

<P><STRONG><a name="[bd]"></a>fputc</STRONG> (Thumb, 54 bytes, Stack size 16 bytes, gd32h7xx_it.o(.text))
<BR><BR>[Stack]<UL><LI>Max Depth = 28<LI>Call Chain = fputc &rArr; usart_flag_get
</UL>
<BR>[Calls]<UL><LI><a href="#[e6]">&gt;&gt;</a>&nbsp;&nbsp;&nbsp;usart_flag_get
<LI><a href="#[e5]">&gt;&gt;</a>&nbsp;&nbsp;&nbsp;usart_data_transmit
</UL>
<BR>[Address Reference Count : 1]<UL><LI> printfa.o(i.__0printf)
</UL>
<P><STRONG><a name="[ad]"></a>main</STRONG> (Thumb, 674 bytes, Stack size 56 bytes, main.o(.text))
<BR><BR>[Stack]<UL><LI>Max Depth = 420<LI>Call Chain = main &rArr; usart_init &rArr; gd_eval_com_init &rArr; usart_baudrate_set &rArr; rcu_clock_freq_get &rArr; rcu_pll_clock_freq_cal
</UL>
<BR>[Calls]<UL><LI><a href="#[f3]">&gt;&gt;</a>&nbsp;&nbsp;&nbsp;vTaskStartScheduler
<LI><a href="#[f2]">&gt;&gt;</a>&nbsp;&nbsp;&nbsp;xTaskCreate
<LI><a href="#[f1]">&gt;&gt;</a>&nbsp;&nbsp;&nbsp;rb_init
<LI><a href="#[f0]">&gt;&gt;</a>&nbsp;&nbsp;&nbsp;rb_printf
<LI><a href="#[ef]">&gt;&gt;</a>&nbsp;&nbsp;&nbsp;nn_model_init
<LI><a href="#[ee]">&gt;&gt;</a>&nbsp;&nbsp;&nbsp;usart_dma_receive_config
<LI><a href="#[ed]">&gt;&gt;</a>&nbsp;&nbsp;&nbsp;usart_dma_transmit_config
<LI><a href="#[ec]">&gt;&gt;</a>&nbsp;&nbsp;&nbsp;usart_receive_config
<LI><a href="#[eb]">&gt;&gt;</a>&nbsp;&nbsp;&nbsp;dma_rev_config
<LI><a href="#[ea]">&gt;&gt;</a>&nbsp;&nbsp;&nbsp;xQueueGenericCreate
<LI><a href="#[e9]">&gt;&gt;</a>&nbsp;&nbsp;&nbsp;nvic_priority_group_set
<LI><a href="#[e8]">&gt;&gt;</a>&nbsp;&nbsp;&nbsp;timer1_1s_config
<LI><a href="#[f4]">&gt;&gt;</a>&nbsp;&nbsp;&nbsp;__NVIC_SystemReset
<LI><a href="#[e7]">&gt;&gt;</a>&nbsp;&nbsp;&nbsp;cache_enable
<LI><a href="#[de]">&gt;&gt;</a>&nbsp;&nbsp;&nbsp;mpu_config
<LI><a href="#[da]">&gt;&gt;</a>&nbsp;&nbsp;&nbsp;usart_init
<LI><a href="#[d7]">&gt;&gt;</a>&nbsp;&nbsp;&nbsp;led_init
<LI><a href="#[d4]">&gt;&gt;</a>&nbsp;&nbsp;&nbsp;nvic_irq_enable
<LI><a href="#[ce]">&gt;&gt;</a>&nbsp;&nbsp;&nbsp;rcu_periph_clock_enable
<LI><a href="#[c9]">&gt;&gt;</a>&nbsp;&nbsp;&nbsp;printf
</UL>
<BR>[Address Reference Count : 1]<UL><LI> entry9a.o(.ARM.Collect$$$$0000000B)
</UL>
<P><STRONG><a name="[e8]"></a>timer1_1s_config</STRONG> (Thumb, 110 bytes, Stack size 48 bytes, main.o(.text))
<BR><BR>[Stack]<UL><LI>Max Depth = 156<LI>Call Chain = timer1_1s_config &rArr; timer_deinit &rArr; rcu_periph_reset_disable
</UL>
<BR>[Calls]<UL><LI><a href="#[d4]">&gt;&gt;</a>&nbsp;&nbsp;&nbsp;nvic_irq_enable
<LI><a href="#[d3]">&gt;&gt;</a>&nbsp;&nbsp;&nbsp;timer_enable
<LI><a href="#[d2]">&gt;&gt;</a>&nbsp;&nbsp;&nbsp;timer_interrupt_enable
<LI><a href="#[d1]">&gt;&gt;</a>&nbsp;&nbsp;&nbsp;timer_init
<LI><a href="#[d0]">&gt;&gt;</a>&nbsp;&nbsp;&nbsp;timer_struct_para_init
<LI><a href="#[cf]">&gt;&gt;</a>&nbsp;&nbsp;&nbsp;timer_deinit
<LI><a href="#[ce]">&gt;&gt;</a>&nbsp;&nbsp;&nbsp;rcu_periph_clock_enable
<LI><a href="#[cb]">&gt;&gt;</a>&nbsp;&nbsp;&nbsp;timer_interrupt_flag_clear
</UL>
<BR>[Called By]<UL><LI><a href="#[ad]">&gt;&gt;</a>&nbsp;&nbsp;&nbsp;main
</UL>

<P><STRONG><a name="[eb]"></a>dma_rev_config</STRONG> (Thumb, 128 bytes, Stack size 64 bytes, main.o(.text))
<BR><BR>[Stack]<UL><LI>Max Depth = 80<LI>Call Chain = dma_rev_config &rArr; dma_single_data_mode_init
</UL>
<BR>[Calls]<UL><LI><a href="#[fa]">&gt;&gt;</a>&nbsp;&nbsp;&nbsp;dma_channel_enable
<LI><a href="#[f9]">&gt;&gt;</a>&nbsp;&nbsp;&nbsp;dmamux_synchronization_disable
<LI><a href="#[f8]">&gt;&gt;</a>&nbsp;&nbsp;&nbsp;dma_circulation_disable
<LI><a href="#[f7]">&gt;&gt;</a>&nbsp;&nbsp;&nbsp;dma_single_data_mode_init
<LI><a href="#[f6]">&gt;&gt;</a>&nbsp;&nbsp;&nbsp;dma_single_data_para_struct_init
<LI><a href="#[f5]">&gt;&gt;</a>&nbsp;&nbsp;&nbsp;dma_deinit
<LI><a href="#[ce]">&gt;&gt;</a>&nbsp;&nbsp;&nbsp;rcu_periph_clock_enable
</UL>
<BR>[Called By]<UL><LI><a href="#[ad]">&gt;&gt;</a>&nbsp;&nbsp;&nbsp;main
</UL>

<P><STRONG><a name="[ae]"></a>start_task</STRONG> (Thumb, 782 bytes, Stack size 40 bytes, main.o(.text))
<BR><BR>[Stack]<UL><LI>Max Depth = 304<LI>Call Chain = start_task &rArr; xTaskCreate &rArr; prvCreateTask &rArr; pvPortMalloc &rArr; xTaskResumeAll &rArr; xTaskIncrementTick
</UL>
<BR>[Calls]<UL><LI><a href="#[fe]">&gt;&gt;</a>&nbsp;&nbsp;&nbsp;vTaskDelete
<LI><a href="#[fd]">&gt;&gt;</a>&nbsp;&nbsp;&nbsp;xQueueGenericSend
<LI><a href="#[fc]">&gt;&gt;</a>&nbsp;&nbsp;&nbsp;xQueueSemaphoreTake
<LI><a href="#[fb]">&gt;&gt;</a>&nbsp;&nbsp;&nbsp;xQueueCreateMutex
<LI><a href="#[f2]">&gt;&gt;</a>&nbsp;&nbsp;&nbsp;xTaskCreate
<LI><a href="#[f0]">&gt;&gt;</a>&nbsp;&nbsp;&nbsp;rb_printf
<LI><a href="#[ea]">&gt;&gt;</a>&nbsp;&nbsp;&nbsp;xQueueGenericCreate
<LI><a href="#[c9]">&gt;&gt;</a>&nbsp;&nbsp;&nbsp;printf
</UL>
<BR>[Address Reference Count : 1]<UL><LI> main.o(.text)
</UL>
<P><STRONG><a name="[af]"></a>led_flash_Task</STRONG> (Thumb, 132 bytes, Stack size 16 bytes, main.o(.text))
<BR><BR>[Stack]<UL><LI>Max Depth = 272<LI>Call Chain = led_flash_Task &rArr; rb_printf &rArr; rb_write_bytes &rArr; rb_free_space &rArr; rb_used_space
</UL>
<BR>[Calls]<UL><LI><a href="#[ff]">&gt;&gt;</a>&nbsp;&nbsp;&nbsp;vTaskDelay
<LI><a href="#[fd]">&gt;&gt;</a>&nbsp;&nbsp;&nbsp;xQueueGenericSend
<LI><a href="#[fc]">&gt;&gt;</a>&nbsp;&nbsp;&nbsp;xQueueSemaphoreTake
<LI><a href="#[f0]">&gt;&gt;</a>&nbsp;&nbsp;&nbsp;rb_printf
<LI><a href="#[cc]">&gt;&gt;</a>&nbsp;&nbsp;&nbsp;gd_eval_led_toggle
</UL>
<BR>[Address Reference Count : 1]<UL><LI> main.o(.text)
</UL>
<P><STRONG><a name="[b0]"></a>imu_error_scalable_Task</STRONG> (Thumb, 332 bytes, Stack size 32 bytes, main.o(.text))
<BR><BR>[Stack]<UL><LI>Max Depth = 288<LI>Call Chain = imu_error_scalable_Task &rArr; rb_printf &rArr; rb_write_bytes &rArr; rb_free_space &rArr; rb_used_space
</UL>
<BR>[Calls]<UL><LI><a href="#[103]">&gt;&gt;</a>&nbsp;&nbsp;&nbsp;gd_eval_led_off
<LI><a href="#[102]">&gt;&gt;</a>&nbsp;&nbsp;&nbsp;nn_model_invoke
<LI><a href="#[101]">&gt;&gt;</a>&nbsp;&nbsp;&nbsp;xQueueReceive
<LI><a href="#[100]">&gt;&gt;</a>&nbsp;&nbsp;&nbsp;xTaskGetTickCount
<LI><a href="#[ff]">&gt;&gt;</a>&nbsp;&nbsp;&nbsp;vTaskDelay
<LI><a href="#[fd]">&gt;&gt;</a>&nbsp;&nbsp;&nbsp;xQueueGenericSend
<LI><a href="#[fc]">&gt;&gt;</a>&nbsp;&nbsp;&nbsp;xQueueSemaphoreTake
<LI><a href="#[f0]">&gt;&gt;</a>&nbsp;&nbsp;&nbsp;rb_printf
<LI><a href="#[d9]">&gt;&gt;</a>&nbsp;&nbsp;&nbsp;gd_eval_led_on
</UL>
<BR>[Address Reference Count : 1]<UL><LI> main.o(.text)
</UL>
<P><STRONG><a name="[b1]"></a>imu_fusion_mlp_Task</STRONG> (Thumb, 332 bytes, Stack size 32 bytes, main.o(.text))
<BR><BR>[Stack]<UL><LI>Max Depth = 288<LI>Call Chain = imu_fusion_mlp_Task &rArr; rb_printf &rArr; rb_write_bytes &rArr; rb_free_space &rArr; rb_used_space
</UL>
<BR>[Calls]<UL><LI><a href="#[103]">&gt;&gt;</a>&nbsp;&nbsp;&nbsp;gd_eval_led_off
<LI><a href="#[102]">&gt;&gt;</a>&nbsp;&nbsp;&nbsp;nn_model_invoke
<LI><a href="#[101]">&gt;&gt;</a>&nbsp;&nbsp;&nbsp;xQueueReceive
<LI><a href="#[100]">&gt;&gt;</a>&nbsp;&nbsp;&nbsp;xTaskGetTickCount
<LI><a href="#[ff]">&gt;&gt;</a>&nbsp;&nbsp;&nbsp;vTaskDelay
<LI><a href="#[fd]">&gt;&gt;</a>&nbsp;&nbsp;&nbsp;xQueueGenericSend
<LI><a href="#[fc]">&gt;&gt;</a>&nbsp;&nbsp;&nbsp;xQueueSemaphoreTake
<LI><a href="#[f0]">&gt;&gt;</a>&nbsp;&nbsp;&nbsp;rb_printf
<LI><a href="#[d9]">&gt;&gt;</a>&nbsp;&nbsp;&nbsp;gd_eval_led_on
</UL>
<BR>[Address Reference Count : 1]<UL><LI> main.o(.text)
</UL>
<P><STRONG><a name="[b2]"></a>fusion_filldata_Task</STRONG> (Thumb, 72 bytes, Stack size 16 bytes, main.o(.text))
<BR><BR>[Stack]<UL><LI>Max Depth = 272<LI>Call Chain = fusion_filldata_Task &rArr; rb_printf &rArr; rb_write_bytes &rArr; rb_free_space &rArr; rb_used_space
</UL>
<BR>[Calls]<UL><LI><a href="#[ff]">&gt;&gt;</a>&nbsp;&nbsp;&nbsp;vTaskDelay
<LI><a href="#[fd]">&gt;&gt;</a>&nbsp;&nbsp;&nbsp;xQueueGenericSend
<LI><a href="#[f0]">&gt;&gt;</a>&nbsp;&nbsp;&nbsp;rb_printf
</UL>
<BR>[Address Reference Count : 1]<UL><LI> main.o(.text)
</UL>
<P><STRONG><a name="[b3]"></a>scalable_filldata_Task</STRONG> (Thumb, 72 bytes, Stack size 16 bytes, main.o(.text))
<BR><BR>[Stack]<UL><LI>Max Depth = 272<LI>Call Chain = scalable_filldata_Task &rArr; rb_printf &rArr; rb_write_bytes &rArr; rb_free_space &rArr; rb_used_space
</UL>
<BR>[Calls]<UL><LI><a href="#[ff]">&gt;&gt;</a>&nbsp;&nbsp;&nbsp;vTaskDelay
<LI><a href="#[fd]">&gt;&gt;</a>&nbsp;&nbsp;&nbsp;xQueueGenericSend
<LI><a href="#[f0]">&gt;&gt;</a>&nbsp;&nbsp;&nbsp;rb_printf
</UL>
<BR>[Address Reference Count : 1]<UL><LI> main.o(.text)
</UL>
<P><STRONG><a name="[b4]"></a>fusion_process_output_Task</STRONG> (Thumb, 158 bytes, Stack size 80 bytes, main.o(.text))
<BR><BR>[Stack]<UL><LI>Max Depth = 336<LI>Call Chain = fusion_process_output_Task &rArr; rb_printf &rArr; rb_write_bytes &rArr; rb_free_space &rArr; rb_used_space
</UL>
<BR>[Calls]<UL><LI><a href="#[101]">&gt;&gt;</a>&nbsp;&nbsp;&nbsp;xQueueReceive
<LI><a href="#[ff]">&gt;&gt;</a>&nbsp;&nbsp;&nbsp;vTaskDelay
<LI><a href="#[f0]">&gt;&gt;</a>&nbsp;&nbsp;&nbsp;rb_printf
</UL>
<BR>[Address Reference Count : 1]<UL><LI> main.o(.text)
</UL>
<P><STRONG><a name="[b5]"></a>scalable_process_output_Task</STRONG> (Thumb, 182 bytes, Stack size 1984 bytes, main.o(.text))
<BR><BR>[Stack]<UL><LI>Max Depth = 2240<LI>Call Chain = scalable_process_output_Task &rArr; rb_printf &rArr; rb_write_bytes &rArr; rb_free_space &rArr; rb_used_space
</UL>
<BR>[Calls]<UL><LI><a href="#[101]">&gt;&gt;</a>&nbsp;&nbsp;&nbsp;xQueueReceive
<LI><a href="#[ff]">&gt;&gt;</a>&nbsp;&nbsp;&nbsp;vTaskDelay
<LI><a href="#[f0]">&gt;&gt;</a>&nbsp;&nbsp;&nbsp;rb_printf
</UL>
<BR>[Address Reference Count : 1]<UL><LI> main.o(.text)
</UL>
<P><STRONG><a name="[b6]"></a>send_messgae_Task</STRONG> (Thumb, 100 bytes, Stack size 24 bytes, main.o(.text))
<BR><BR>[Stack]<UL><LI>Max Depth = 144<LI>Call Chain = send_messgae_Task &rArr; vTaskDelay &rArr; xTaskResumeAll &rArr; xTaskIncrementTick
</UL>
<BR>[Calls]<UL><LI><a href="#[107]">&gt;&gt;</a>&nbsp;&nbsp;&nbsp;dma_config
<LI><a href="#[106]">&gt;&gt;</a>&nbsp;&nbsp;&nbsp;rb_read_all
<LI><a href="#[104]">&gt;&gt;</a>&nbsp;&nbsp;&nbsp;rb_used_space
<LI><a href="#[ff]">&gt;&gt;</a>&nbsp;&nbsp;&nbsp;vTaskDelay
<LI><a href="#[105]">&gt;&gt;</a>&nbsp;&nbsp;&nbsp;__aeabi_memclr8
</UL>
<BR>[Address Reference Count : 1]<UL><LI> main.o(.text)
</UL>
<P><STRONG><a name="[b7]"></a>rev_messgae_Task</STRONG> (Thumb, 312 bytes, Stack size 56 bytes, main.o(.text))
<BR><BR>[Stack]<UL><LI>Max Depth = 312<LI>Call Chain = rev_messgae_Task &rArr; rb_printf &rArr; rb_write_bytes &rArr; rb_free_space &rArr; rb_used_space
</UL>
<BR>[Calls]<UL><LI><a href="#[ff]">&gt;&gt;</a>&nbsp;&nbsp;&nbsp;vTaskDelay
<LI><a href="#[fd]">&gt;&gt;</a>&nbsp;&nbsp;&nbsp;xQueueGenericSend
<LI><a href="#[fc]">&gt;&gt;</a>&nbsp;&nbsp;&nbsp;xQueueSemaphoreTake
<LI><a href="#[f0]">&gt;&gt;</a>&nbsp;&nbsp;&nbsp;rb_printf
<LI><a href="#[105]">&gt;&gt;</a>&nbsp;&nbsp;&nbsp;__aeabi_memclr8
</UL>
<BR>[Address Reference Count : 1]<UL><LI> main.o(.text)
</UL>
<P><STRONG><a name="[107]"></a>dma_config</STRONG> (Thumb, 220 bytes, Stack size 80 bytes, main.o(.text))
<BR><BR>[Stack]<UL><LI>Max Depth = 96<LI>Call Chain = dma_config &rArr; dma_single_data_mode_init
</UL>
<BR>[Calls]<UL><LI><a href="#[108]">&gt;&gt;</a>&nbsp;&nbsp;&nbsp;dma_interrupt_enable
<LI><a href="#[fa]">&gt;&gt;</a>&nbsp;&nbsp;&nbsp;dma_channel_enable
<LI><a href="#[f8]">&gt;&gt;</a>&nbsp;&nbsp;&nbsp;dma_circulation_disable
<LI><a href="#[f7]">&gt;&gt;</a>&nbsp;&nbsp;&nbsp;dma_single_data_mode_init
<LI><a href="#[f6]">&gt;&gt;</a>&nbsp;&nbsp;&nbsp;dma_single_data_para_struct_init
<LI><a href="#[f5]">&gt;&gt;</a>&nbsp;&nbsp;&nbsp;dma_deinit
</UL>
<BR>[Called By]<UL><LI><a href="#[b6]">&gt;&gt;</a>&nbsp;&nbsp;&nbsp;send_messgae_Task
</UL>

<P><STRONG><a name="[46]"></a>DMA1_Channel7_IRQHandler</STRONG> (Thumb, 54 bytes, Stack size 8 bytes, main.o(.text))
<BR><BR>[Stack]<UL><LI>Max Depth = 44<LI>Call Chain = DMA1_Channel7_IRQHandler &rArr; dma_interrupt_flag_get
</UL>
<BR>[Calls]<UL><LI><a href="#[10a]">&gt;&gt;</a>&nbsp;&nbsp;&nbsp;dma_interrupt_flag_clear
<LI><a href="#[109]">&gt;&gt;</a>&nbsp;&nbsp;&nbsp;dma_interrupt_flag_get
</UL>
<BR>[Address Reference Count : 1]<UL><LI> startup_gd32h7xx.o(RESET)
</UL>
<P><STRONG><a name="[2b]"></a>USART0_IRQHandler</STRONG> (Thumb, 200 bytes, Stack size 24 bytes, main.o(.text))
<BR><BR>[Stack]<UL><LI>Max Depth = 128<LI>Call Chain = USART0_IRQHandler &rArr; xQueueGiveFromISR &rArr; xTaskRemoveFromEventList
</UL>
<BR>[Calls]<UL><LI><a href="#[110]">&gt;&gt;</a>&nbsp;&nbsp;&nbsp;xQueueGiveFromISR
<LI><a href="#[10f]">&gt;&gt;</a>&nbsp;&nbsp;&nbsp;dma_flag_clear
<LI><a href="#[10e]">&gt;&gt;</a>&nbsp;&nbsp;&nbsp;dma_transfer_number_config
<LI><a href="#[10d]">&gt;&gt;</a>&nbsp;&nbsp;&nbsp;dma_channel_disable
<LI><a href="#[10c]">&gt;&gt;</a>&nbsp;&nbsp;&nbsp;dma_transfer_number_get
<LI><a href="#[10b]">&gt;&gt;</a>&nbsp;&nbsp;&nbsp;usart_interrupt_flag_get
<LI><a href="#[fa]">&gt;&gt;</a>&nbsp;&nbsp;&nbsp;dma_channel_enable
<LI><a href="#[dc]">&gt;&gt;</a>&nbsp;&nbsp;&nbsp;usart_flag_clear
<LI><a href="#[cc]">&gt;&gt;</a>&nbsp;&nbsp;&nbsp;gd_eval_led_toggle
</UL>
<BR>[Address Reference Count : 1]<UL><LI> startup_gd32h7xx.o(RESET)
</UL>
<P><STRONG><a name="[111]"></a>gd_nn_report_printf</STRONG> (Thumb, 572 bytes, Stack size 80 bytes, nn_model_report.o(.text), UNUSED)
<BR><BR>[Calls]<UL><LI><a href="#[c9]">&gt;&gt;</a>&nbsp;&nbsp;&nbsp;printf
</UL>

<P><STRONG><a name="[1cf]"></a>gd_nn_measure_time_start</STRONG> (Thumb, 64 bytes, Stack size 0 bytes, nn_model_report.o(.text))
<BR><BR>[Called By]<UL><LI><a href="#[1ce]">&gt;&gt;</a>&nbsp;&nbsp;&nbsp;nn_model_single_invoke
<LI><a href="#[1cd]">&gt;&gt;</a>&nbsp;&nbsp;&nbsp;nn_model_multi_invoke
</UL>

<P><STRONG><a name="[1d0]"></a>gd_nn_measure_time_get</STRONG> (Thumb, 104 bytes, Stack size 16 bytes, nn_model_report.o(.text))
<BR><BR>[Stack]<UL><LI>Max Depth = 16<LI>Call Chain = gd_nn_measure_time_get
</UL>
<BR>[Called By]<UL><LI><a href="#[1ce]">&gt;&gt;</a>&nbsp;&nbsp;&nbsp;nn_model_single_invoke
<LI><a href="#[1cd]">&gt;&gt;</a>&nbsp;&nbsp;&nbsp;nn_model_multi_invoke
</UL>

<P><STRONG><a name="[1d1]"></a>gd_nn_measure_time_stop</STRONG> (Thumb, 32 bytes, Stack size 0 bytes, nn_model_report.o(.text))
<BR><BR>[Called By]<UL><LI><a href="#[1ce]">&gt;&gt;</a>&nbsp;&nbsp;&nbsp;nn_model_single_invoke
<LI><a href="#[1cd]">&gt;&gt;</a>&nbsp;&nbsp;&nbsp;nn_model_multi_invoke
</UL>

<P><STRONG><a name="[f1]"></a>rb_init</STRONG> (Thumb, 56 bytes, Stack size 16 bytes, ringbuffer.o(.text))
<BR><BR>[Stack]<UL><LI>Max Depth = 224<LI>Call Chain = rb_init &rArr; xQueueGenericCreate &rArr; pvPortMalloc &rArr; xTaskResumeAll &rArr; xTaskIncrementTick
</UL>
<BR>[Calls]<UL><LI><a href="#[fd]">&gt;&gt;</a>&nbsp;&nbsp;&nbsp;xQueueGenericSend
<LI><a href="#[ea]">&gt;&gt;</a>&nbsp;&nbsp;&nbsp;xQueueGenericCreate
</UL>
<BR>[Called By]<UL><LI><a href="#[ad]">&gt;&gt;</a>&nbsp;&nbsp;&nbsp;main
</UL>

<P><STRONG><a name="[112]"></a>rb_put</STRONG> (Thumb, 76 bytes, Stack size 24 bytes, ringbuffer.o(.text), UNUSED)
<BR><BR>[Calls]<UL><LI><a href="#[113]">&gt;&gt;</a>&nbsp;&nbsp;&nbsp;rb_is_full
</UL>

<P><STRONG><a name="[114]"></a>rb_get</STRONG> (Thumb, 74 bytes, Stack size 24 bytes, ringbuffer.o(.text), UNUSED)
<BR><BR>[Calls]<UL><LI><a href="#[115]">&gt;&gt;</a>&nbsp;&nbsp;&nbsp;rb_is_empty
</UL>

<P><STRONG><a name="[104]"></a>rb_used_space</STRONG> (Thumb, 60 bytes, Stack size 16 bytes, ringbuffer.o(.text))
<BR><BR>[Stack]<UL><LI>Max Depth = 16<LI>Call Chain = rb_used_space
</UL>
<BR>[Called By]<UL><LI><a href="#[11e]">&gt;&gt;</a>&nbsp;&nbsp;&nbsp;rb_skip_bytes
<LI><a href="#[11c]">&gt;&gt;</a>&nbsp;&nbsp;&nbsp;rb_peek_bytes
<LI><a href="#[116]">&gt;&gt;</a>&nbsp;&nbsp;&nbsp;rb_free_space
<LI><a href="#[106]">&gt;&gt;</a>&nbsp;&nbsp;&nbsp;rb_read_all
<LI><a href="#[b6]">&gt;&gt;</a>&nbsp;&nbsp;&nbsp;send_messgae_Task
</UL>

<P><STRONG><a name="[116]"></a>rb_free_space</STRONG> (Thumb, 24 bytes, Stack size 16 bytes, ringbuffer.o(.text))
<BR><BR>[Stack]<UL><LI>Max Depth = 32<LI>Call Chain = rb_free_space &rArr; rb_used_space
</UL>
<BR>[Calls]<UL><LI><a href="#[104]">&gt;&gt;</a>&nbsp;&nbsp;&nbsp;rb_used_space
</UL>
<BR>[Called By]<UL><LI><a href="#[117]">&gt;&gt;</a>&nbsp;&nbsp;&nbsp;rb_write_bytes
</UL>

<P><STRONG><a name="[117]"></a>rb_write_bytes</STRONG> (Thumb, 180 bytes, Stack size 56 bytes, ringbuffer.o(.text))
<BR><BR>[Stack]<UL><LI>Max Depth = 88<LI>Call Chain = rb_write_bytes &rArr; rb_free_space &rArr; rb_used_space
</UL>
<BR>[Calls]<UL><LI><a href="#[116]">&gt;&gt;</a>&nbsp;&nbsp;&nbsp;rb_free_space
<LI><a href="#[113]">&gt;&gt;</a>&nbsp;&nbsp;&nbsp;rb_is_full
<LI><a href="#[118]">&gt;&gt;</a>&nbsp;&nbsp;&nbsp;__aeabi_memcpy
</UL>
<BR>[Called By]<UL><LI><a href="#[119]">&gt;&gt;</a>&nbsp;&nbsp;&nbsp;rb_write_string
<LI><a href="#[f0]">&gt;&gt;</a>&nbsp;&nbsp;&nbsp;rb_printf
</UL>

<P><STRONG><a name="[119]"></a>rb_write_string</STRONG> (Thumb, 66 bytes, Stack size 24 bytes, ringbuffer.o(.text), UNUSED)
<BR><BR>[Calls]<UL><LI><a href="#[117]">&gt;&gt;</a>&nbsp;&nbsp;&nbsp;rb_write_bytes
<LI><a href="#[11a]">&gt;&gt;</a>&nbsp;&nbsp;&nbsp;strlen
</UL>

<P><STRONG><a name="[f0]"></a>rb_printf</STRONG> (Thumb, 106 bytes, Stack size 168 bytes, ringbuffer.o(.text))
<BR><BR>[Stack]<UL><LI>Max Depth = 256<LI>Call Chain = rb_printf &rArr; rb_write_bytes &rArr; rb_free_space &rArr; rb_used_space
</UL>
<BR>[Calls]<UL><LI><a href="#[117]">&gt;&gt;</a>&nbsp;&nbsp;&nbsp;rb_write_bytes
<LI><a href="#[11b]">&gt;&gt;</a>&nbsp;&nbsp;&nbsp;vsnprintf
</UL>
<BR>[Called By]<UL><LI><a href="#[b7]">&gt;&gt;</a>&nbsp;&nbsp;&nbsp;rev_messgae_Task
<LI><a href="#[b5]">&gt;&gt;</a>&nbsp;&nbsp;&nbsp;scalable_process_output_Task
<LI><a href="#[b4]">&gt;&gt;</a>&nbsp;&nbsp;&nbsp;fusion_process_output_Task
<LI><a href="#[b3]">&gt;&gt;</a>&nbsp;&nbsp;&nbsp;scalable_filldata_Task
<LI><a href="#[b2]">&gt;&gt;</a>&nbsp;&nbsp;&nbsp;fusion_filldata_Task
<LI><a href="#[b1]">&gt;&gt;</a>&nbsp;&nbsp;&nbsp;imu_fusion_mlp_Task
<LI><a href="#[b0]">&gt;&gt;</a>&nbsp;&nbsp;&nbsp;imu_error_scalable_Task
<LI><a href="#[af]">&gt;&gt;</a>&nbsp;&nbsp;&nbsp;led_flash_Task
<LI><a href="#[ae]">&gt;&gt;</a>&nbsp;&nbsp;&nbsp;start_task
<LI><a href="#[ad]">&gt;&gt;</a>&nbsp;&nbsp;&nbsp;main
</UL>

<P><STRONG><a name="[11c]"></a>rb_peek_bytes</STRONG> (Thumb, 162 bytes, Stack size 48 bytes, ringbuffer.o(.text), UNUSED)
<BR><BR>[Calls]<UL><LI><a href="#[115]">&gt;&gt;</a>&nbsp;&nbsp;&nbsp;rb_is_empty
<LI><a href="#[104]">&gt;&gt;</a>&nbsp;&nbsp;&nbsp;rb_used_space
<LI><a href="#[118]">&gt;&gt;</a>&nbsp;&nbsp;&nbsp;__aeabi_memcpy
</UL>
<BR>[Called By]<UL><LI><a href="#[11d]">&gt;&gt;</a>&nbsp;&nbsp;&nbsp;rb_read_bytes
</UL>

<P><STRONG><a name="[11d]"></a>rb_read_bytes</STRONG> (Thumb, 56 bytes, Stack size 24 bytes, ringbuffer.o(.text), UNUSED)
<BR><BR>[Calls]<UL><LI><a href="#[11c]">&gt;&gt;</a>&nbsp;&nbsp;&nbsp;rb_peek_bytes
</UL>

<P><STRONG><a name="[11e]"></a>rb_skip_bytes</STRONG> (Thumb, 68 bytes, Stack size 32 bytes, ringbuffer.o(.text), UNUSED)
<BR><BR>[Calls]<UL><LI><a href="#[104]">&gt;&gt;</a>&nbsp;&nbsp;&nbsp;rb_used_space
</UL>

<P><STRONG><a name="[106]"></a>rb_read_all</STRONG> (Thumb, 178 bytes, Stack size 48 bytes, ringbuffer.o(.text))
<BR><BR>[Stack]<UL><LI>Max Depth = 64<LI>Call Chain = rb_read_all &rArr; rb_used_space
</UL>
<BR>[Calls]<UL><LI><a href="#[115]">&gt;&gt;</a>&nbsp;&nbsp;&nbsp;rb_is_empty
<LI><a href="#[104]">&gt;&gt;</a>&nbsp;&nbsp;&nbsp;rb_used_space
<LI><a href="#[118]">&gt;&gt;</a>&nbsp;&nbsp;&nbsp;__aeabi_memcpy
</UL>
<BR>[Called By]<UL><LI><a href="#[b6]">&gt;&gt;</a>&nbsp;&nbsp;&nbsp;send_messgae_Task
</UL>

<P><STRONG><a name="[b8]"></a>SystemInit</STRONG> (Thumb, 432 bytes, Stack size 16 bytes, system_gd32h7xx.o(.text))
<BR><BR>[Stack]<UL><LI>Max Depth = 40<LI>Call Chain = SystemInit &rArr; system_clock_config &rArr; system_clock_600m_hxtal
</UL>
<BR>[Calls]<UL><LI><a href="#[120]">&gt;&gt;</a>&nbsp;&nbsp;&nbsp;nvic_vector_table_set
<LI><a href="#[11f]">&gt;&gt;</a>&nbsp;&nbsp;&nbsp;system_clock_config
</UL>
<BR>[Address Reference Count : 1]<UL><LI> startup_gd32h7xx.o(.text)
</UL>
<P><STRONG><a name="[289]"></a>SystemCoreClockUpdate</STRONG> (Thumb, 356 bytes, Stack size 28 bytes, system_gd32h7xx.o(.text), UNUSED)

<P><STRONG><a name="[f5]"></a>dma_deinit</STRONG> (Thumb, 220 bytes, Stack size 8 bytes, gd32h7xx_dma.o(.text))
<BR><BR>[Stack]<UL><LI>Max Depth = 8<LI>Call Chain = dma_deinit
</UL>
<BR>[Called By]<UL><LI><a href="#[107]">&gt;&gt;</a>&nbsp;&nbsp;&nbsp;dma_config
<LI><a href="#[eb]">&gt;&gt;</a>&nbsp;&nbsp;&nbsp;dma_rev_config
</UL>

<P><STRONG><a name="[f6]"></a>dma_single_data_para_struct_init</STRONG> (Thumb, 52 bytes, Stack size 4 bytes, gd32h7xx_dma.o(.text))
<BR><BR>[Stack]<UL><LI>Max Depth = 4<LI>Call Chain = dma_single_data_para_struct_init
</UL>
<BR>[Called By]<UL><LI><a href="#[107]">&gt;&gt;</a>&nbsp;&nbsp;&nbsp;dma_config
<LI><a href="#[eb]">&gt;&gt;</a>&nbsp;&nbsp;&nbsp;dma_rev_config
</UL>

<P><STRONG><a name="[28a]"></a>dma_multi_data_para_struct_init</STRONG> (Thumb, 64 bytes, Stack size 4 bytes, gd32h7xx_dma.o(.text), UNUSED)

<P><STRONG><a name="[f7]"></a>dma_single_data_mode_init</STRONG> (Thumb, 496 bytes, Stack size 16 bytes, gd32h7xx_dma.o(.text))
<BR><BR>[Stack]<UL><LI>Max Depth = 16<LI>Call Chain = dma_single_data_mode_init
</UL>
<BR>[Called By]<UL><LI><a href="#[107]">&gt;&gt;</a>&nbsp;&nbsp;&nbsp;dma_config
<LI><a href="#[eb]">&gt;&gt;</a>&nbsp;&nbsp;&nbsp;dma_rev_config
</UL>

<P><STRONG><a name="[28b]"></a>dma_multi_data_mode_init</STRONG> (Thumb, 518 bytes, Stack size 16 bytes, gd32h7xx_dma.o(.text), UNUSED)

<P><STRONG><a name="[28c]"></a>dma_periph_address_config</STRONG> (Thumb, 32 bytes, Stack size 12 bytes, gd32h7xx_dma.o(.text), UNUSED)

<P><STRONG><a name="[28d]"></a>dma_memory_address_config</STRONG> (Thumb, 66 bytes, Stack size 12 bytes, gd32h7xx_dma.o(.text), UNUSED)

<P><STRONG><a name="[10e]"></a>dma_transfer_number_config</STRONG> (Thumb, 32 bytes, Stack size 12 bytes, gd32h7xx_dma.o(.text))
<BR><BR>[Stack]<UL><LI>Max Depth = 12<LI>Call Chain = dma_transfer_number_config
</UL>
<BR>[Called By]<UL><LI><a href="#[2b]">&gt;&gt;</a>&nbsp;&nbsp;&nbsp;USART0_IRQHandler
</UL>

<P><STRONG><a name="[10c]"></a>dma_transfer_number_get</STRONG> (Thumb, 28 bytes, Stack size 8 bytes, gd32h7xx_dma.o(.text))
<BR><BR>[Stack]<UL><LI>Max Depth = 8<LI>Call Chain = dma_transfer_number_get
</UL>
<BR>[Called By]<UL><LI><a href="#[2b]">&gt;&gt;</a>&nbsp;&nbsp;&nbsp;USART0_IRQHandler
</UL>

<P><STRONG><a name="[28e]"></a>dma_priority_config</STRONG> (Thumb, 66 bytes, Stack size 16 bytes, gd32h7xx_dma.o(.text), UNUSED)

<P><STRONG><a name="[28f]"></a>dma_memory_burst_beats_config</STRONG> (Thumb, 66 bytes, Stack size 16 bytes, gd32h7xx_dma.o(.text), UNUSED)

<P><STRONG><a name="[290]"></a>dma_periph_burst_beats_config</STRONG> (Thumb, 66 bytes, Stack size 16 bytes, gd32h7xx_dma.o(.text), UNUSED)

<P><STRONG><a name="[291]"></a>dma_memory_width_config</STRONG> (Thumb, 66 bytes, Stack size 16 bytes, gd32h7xx_dma.o(.text), UNUSED)

<P><STRONG><a name="[292]"></a>dma_periph_width_config</STRONG> (Thumb, 66 bytes, Stack size 16 bytes, gd32h7xx_dma.o(.text), UNUSED)

<P><STRONG><a name="[293]"></a>dma_memory_address_generation_config</STRONG> (Thumb, 72 bytes, Stack size 8 bytes, gd32h7xx_dma.o(.text), UNUSED)

<P><STRONG><a name="[294]"></a>dma_peripheral_address_generation_config</STRONG> (Thumb, 130 bytes, Stack size 8 bytes, gd32h7xx_dma.o(.text), UNUSED)

<P><STRONG><a name="[295]"></a>dma_circulation_enable</STRONG> (Thumb, 34 bytes, Stack size 8 bytes, gd32h7xx_dma.o(.text), UNUSED)

<P><STRONG><a name="[f8]"></a>dma_circulation_disable</STRONG> (Thumb, 34 bytes, Stack size 8 bytes, gd32h7xx_dma.o(.text))
<BR><BR>[Stack]<UL><LI>Max Depth = 8<LI>Call Chain = dma_circulation_disable
</UL>
<BR>[Called By]<UL><LI><a href="#[107]">&gt;&gt;</a>&nbsp;&nbsp;&nbsp;dma_config
<LI><a href="#[eb]">&gt;&gt;</a>&nbsp;&nbsp;&nbsp;dma_rev_config
</UL>

<P><STRONG><a name="[fa]"></a>dma_channel_enable</STRONG> (Thumb, 34 bytes, Stack size 8 bytes, gd32h7xx_dma.o(.text))
<BR><BR>[Stack]<UL><LI>Max Depth = 8<LI>Call Chain = dma_channel_enable
</UL>
<BR>[Called By]<UL><LI><a href="#[2b]">&gt;&gt;</a>&nbsp;&nbsp;&nbsp;USART0_IRQHandler
<LI><a href="#[107]">&gt;&gt;</a>&nbsp;&nbsp;&nbsp;dma_config
<LI><a href="#[eb]">&gt;&gt;</a>&nbsp;&nbsp;&nbsp;dma_rev_config
</UL>

<P><STRONG><a name="[10d]"></a>dma_channel_disable</STRONG> (Thumb, 34 bytes, Stack size 8 bytes, gd32h7xx_dma.o(.text))
<BR><BR>[Stack]<UL><LI>Max Depth = 8<LI>Call Chain = dma_channel_disable
</UL>
<BR>[Called By]<UL><LI><a href="#[2b]">&gt;&gt;</a>&nbsp;&nbsp;&nbsp;USART0_IRQHandler
</UL>

<P><STRONG><a name="[296]"></a>dma_transfer_direction_config</STRONG> (Thumb, 70 bytes, Stack size 12 bytes, gd32h7xx_dma.o(.text), UNUSED)

<P><STRONG><a name="[297]"></a>dma_switch_buffer_mode_config</STRONG> (Thumb, 88 bytes, Stack size 16 bytes, gd32h7xx_dma.o(.text), UNUSED)

<P><STRONG><a name="[298]"></a>dma_using_memory_get</STRONG> (Thumb, 50 bytes, Stack size 12 bytes, gd32h7xx_dma.o(.text), UNUSED)

<P><STRONG><a name="[299]"></a>dma_switch_buffer_mode_enable</STRONG> (Thumb, 34 bytes, Stack size 8 bytes, gd32h7xx_dma.o(.text), UNUSED)

<P><STRONG><a name="[29a]"></a>dma_switch_buffer_mode_disable</STRONG> (Thumb, 34 bytes, Stack size 8 bytes, gd32h7xx_dma.o(.text), UNUSED)

<P><STRONG><a name="[29b]"></a>dma_fifo_status_get</STRONG> (Thumb, 32 bytes, Stack size 8 bytes, gd32h7xx_dma.o(.text), UNUSED)

<P><STRONG><a name="[29c]"></a>dma_flag_get</STRONG> (Thumb, 134 bytes, Stack size 16 bytes, gd32h7xx_dma.o(.text), UNUSED)

<P><STRONG><a name="[10f]"></a>dma_flag_clear</STRONG> (Thumb, 102 bytes, Stack size 12 bytes, gd32h7xx_dma.o(.text))
<BR><BR>[Stack]<UL><LI>Max Depth = 12<LI>Call Chain = dma_flag_clear
</UL>
<BR>[Called By]<UL><LI><a href="#[2b]">&gt;&gt;</a>&nbsp;&nbsp;&nbsp;USART0_IRQHandler
</UL>

<P><STRONG><a name="[108]"></a>dma_interrupt_enable</STRONG> (Thumb, 100 bytes, Stack size 12 bytes, gd32h7xx_dma.o(.text))
<BR><BR>[Stack]<UL><LI>Max Depth = 12<LI>Call Chain = dma_interrupt_enable
</UL>
<BR>[Called By]<UL><LI><a href="#[107]">&gt;&gt;</a>&nbsp;&nbsp;&nbsp;dma_config
</UL>

<P><STRONG><a name="[29d]"></a>dma_interrupt_disable</STRONG> (Thumb, 102 bytes, Stack size 12 bytes, gd32h7xx_dma.o(.text), UNUSED)

<P><STRONG><a name="[109]"></a>dma_interrupt_flag_get</STRONG> (Thumb, 734 bytes, Stack size 36 bytes, gd32h7xx_dma.o(.text))
<BR><BR>[Stack]<UL><LI>Max Depth = 36<LI>Call Chain = dma_interrupt_flag_get
</UL>
<BR>[Called By]<UL><LI><a href="#[46]">&gt;&gt;</a>&nbsp;&nbsp;&nbsp;DMA1_Channel7_IRQHandler
</UL>

<P><STRONG><a name="[10a]"></a>dma_interrupt_flag_clear</STRONG> (Thumb, 102 bytes, Stack size 12 bytes, gd32h7xx_dma.o(.text))
<BR><BR>[Stack]<UL><LI>Max Depth = 12<LI>Call Chain = dma_interrupt_flag_clear
</UL>
<BR>[Called By]<UL><LI><a href="#[46]">&gt;&gt;</a>&nbsp;&nbsp;&nbsp;DMA1_Channel7_IRQHandler
</UL>

<P><STRONG><a name="[29e]"></a>dmamux_sync_struct_para_init</STRONG> (Thumb, 38 bytes, Stack size 4 bytes, gd32h7xx_dma.o(.text), UNUSED)

<P><STRONG><a name="[29f]"></a>dmamux_synchronization_init</STRONG> (Thumb, 106 bytes, Stack size 12 bytes, gd32h7xx_dma.o(.text), UNUSED)

<P><STRONG><a name="[2a0]"></a>dmamux_synchronization_enable</STRONG> (Thumb, 34 bytes, Stack size 4 bytes, gd32h7xx_dma.o(.text), UNUSED)

<P><STRONG><a name="[f9]"></a>dmamux_synchronization_disable</STRONG> (Thumb, 34 bytes, Stack size 4 bytes, gd32h7xx_dma.o(.text))
<BR><BR>[Stack]<UL><LI>Max Depth = 4<LI>Call Chain = dmamux_synchronization_disable
</UL>
<BR>[Called By]<UL><LI><a href="#[eb]">&gt;&gt;</a>&nbsp;&nbsp;&nbsp;dma_rev_config
</UL>

<P><STRONG><a name="[2a1]"></a>dmamux_event_generation_enable</STRONG> (Thumb, 34 bytes, Stack size 4 bytes, gd32h7xx_dma.o(.text), UNUSED)

<P><STRONG><a name="[2a2]"></a>dmamux_event_generation_disable</STRONG> (Thumb, 34 bytes, Stack size 4 bytes, gd32h7xx_dma.o(.text), UNUSED)

<P><STRONG><a name="[2a3]"></a>dmamux_gen_struct_para_init</STRONG> (Thumb, 38 bytes, Stack size 4 bytes, gd32h7xx_dma.o(.text), UNUSED)

<P><STRONG><a name="[2a4]"></a>dmamux_request_generator_init</STRONG> (Thumb, 114 bytes, Stack size 12 bytes, gd32h7xx_dma.o(.text), UNUSED)

<P><STRONG><a name="[2a5]"></a>dmamux_request_generator_channel_enable</STRONG> (Thumb, 34 bytes, Stack size 4 bytes, gd32h7xx_dma.o(.text), UNUSED)

<P><STRONG><a name="[2a6]"></a>dmamux_request_generator_channel_disable</STRONG> (Thumb, 34 bytes, Stack size 4 bytes, gd32h7xx_dma.o(.text), UNUSED)

<P><STRONG><a name="[2a7]"></a>dmamux_synchronization_polarity_config</STRONG> (Thumb, 52 bytes, Stack size 8 bytes, gd32h7xx_dma.o(.text), UNUSED)

<P><STRONG><a name="[2a8]"></a>dmamux_request_forward_number_config</STRONG> (Thumb, 62 bytes, Stack size 8 bytes, gd32h7xx_dma.o(.text), UNUSED)

<P><STRONG><a name="[2a9]"></a>dmamux_sync_id_config</STRONG> (Thumb, 52 bytes, Stack size 8 bytes, gd32h7xx_dma.o(.text), UNUSED)

<P><STRONG><a name="[2aa]"></a>dmamux_request_id_config</STRONG> (Thumb, 52 bytes, Stack size 8 bytes, gd32h7xx_dma.o(.text), UNUSED)

<P><STRONG><a name="[2ab]"></a>dmamux_trigger_polarity_config</STRONG> (Thumb, 52 bytes, Stack size 8 bytes, gd32h7xx_dma.o(.text), UNUSED)

<P><STRONG><a name="[2ac]"></a>dmamux_request_generate_number_config</STRONG> (Thumb, 62 bytes, Stack size 8 bytes, gd32h7xx_dma.o(.text), UNUSED)

<P><STRONG><a name="[2ad]"></a>dmamux_trigger_id_config</STRONG> (Thumb, 52 bytes, Stack size 8 bytes, gd32h7xx_dma.o(.text), UNUSED)

<P><STRONG><a name="[2ae]"></a>dmamux_flag_get</STRONG> (Thumb, 62 bytes, Stack size 4 bytes, gd32h7xx_dma.o(.text), UNUSED)

<P><STRONG><a name="[2af]"></a>dmamux_flag_clear</STRONG> (Thumb, 34 bytes, Stack size 4 bytes, gd32h7xx_dma.o(.text), UNUSED)

<P><STRONG><a name="[2b0]"></a>dmamux_interrupt_enable</STRONG> (Thumb, 40 bytes, Stack size 4 bytes, gd32h7xx_dma.o(.text), UNUSED)

<P><STRONG><a name="[2b1]"></a>dmamux_interrupt_disable</STRONG> (Thumb, 40 bytes, Stack size 4 bytes, gd32h7xx_dma.o(.text), UNUSED)

<P><STRONG><a name="[2b2]"></a>dmamux_interrupt_flag_get</STRONG> (Thumb, 96 bytes, Stack size 16 bytes, gd32h7xx_dma.o(.text), UNUSED)

<P><STRONG><a name="[2b3]"></a>dmamux_interrupt_flag_clear</STRONG> (Thumb, 32 bytes, Stack size 4 bytes, gd32h7xx_dma.o(.text), UNUSED)

<P><STRONG><a name="[2b4]"></a>exti_deinit</STRONG> (Thumb, 82 bytes, Stack size 0 bytes, gd32h7xx_exti.o(.text), UNUSED)

<P><STRONG><a name="[142]"></a>exti_init</STRONG> (Thumb, 408 bytes, Stack size 12 bytes, gd32h7xx_exti.o(.text), UNUSED)
<BR><BR>[Called By]<UL><LI><a href="#[140]">&gt;&gt;</a>&nbsp;&nbsp;&nbsp;gd_eval_key_init
</UL>

<P><STRONG><a name="[2b5]"></a>exti_interrupt_enable</STRONG> (Thumb, 36 bytes, Stack size 4 bytes, gd32h7xx_exti.o(.text), UNUSED)

<P><STRONG><a name="[2b6]"></a>exti_interrupt_disable</STRONG> (Thumb, 36 bytes, Stack size 4 bytes, gd32h7xx_exti.o(.text), UNUSED)

<P><STRONG><a name="[2b7]"></a>exti_event_enable</STRONG> (Thumb, 38 bytes, Stack size 4 bytes, gd32h7xx_exti.o(.text), UNUSED)

<P><STRONG><a name="[2b8]"></a>exti_event_disable</STRONG> (Thumb, 38 bytes, Stack size 4 bytes, gd32h7xx_exti.o(.text), UNUSED)

<P><STRONG><a name="[2b9]"></a>exti_software_interrupt_enable</STRONG> (Thumb, 38 bytes, Stack size 4 bytes, gd32h7xx_exti.o(.text), UNUSED)

<P><STRONG><a name="[2ba]"></a>exti_software_interrupt_disable</STRONG> (Thumb, 38 bytes, Stack size 4 bytes, gd32h7xx_exti.o(.text), UNUSED)

<P><STRONG><a name="[2bb]"></a>exti_flag_get</STRONG> (Thumb, 58 bytes, Stack size 4 bytes, gd32h7xx_exti.o(.text), UNUSED)

<P><STRONG><a name="[2bc]"></a>exti_flag_clear</STRONG> (Thumb, 32 bytes, Stack size 4 bytes, gd32h7xx_exti.o(.text), UNUSED)

<P><STRONG><a name="[2bd]"></a>exti_interrupt_flag_get</STRONG> (Thumb, 58 bytes, Stack size 4 bytes, gd32h7xx_exti.o(.text), UNUSED)

<P><STRONG><a name="[143]"></a>exti_interrupt_flag_clear</STRONG> (Thumb, 32 bytes, Stack size 4 bytes, gd32h7xx_exti.o(.text), UNUSED)
<BR><BR>[Called By]<UL><LI><a href="#[140]">&gt;&gt;</a>&nbsp;&nbsp;&nbsp;gd_eval_key_init
</UL>

<P><STRONG><a name="[122]"></a>gpio_deinit</STRONG> (Thumb, 352 bytes, Stack size 56 bytes, gd32h7xx_gpio.o(.text), UNUSED)
<BR><BR>[Calls]<UL><LI><a href="#[124]">&gt;&gt;</a>&nbsp;&nbsp;&nbsp;rcu_periph_reset_disable
<LI><a href="#[123]">&gt;&gt;</a>&nbsp;&nbsp;&nbsp;rcu_periph_reset_enable
</UL>

<P><STRONG><a name="[13e]"></a>gpio_mode_set</STRONG> (Thumb, 156 bytes, Stack size 28 bytes, gd32h7xx_gpio.o(.text))
<BR><BR>[Stack]<UL><LI>Max Depth = 28<LI>Call Chain = gpio_mode_set
</UL>
<BR>[Called By]<UL><LI><a href="#[db]">&gt;&gt;</a>&nbsp;&nbsp;&nbsp;gd_eval_com_init
<LI><a href="#[d8]">&gt;&gt;</a>&nbsp;&nbsp;&nbsp;gd_eval_led_init
<LI><a href="#[140]">&gt;&gt;</a>&nbsp;&nbsp;&nbsp;gd_eval_key_init
</UL>

<P><STRONG><a name="[13f]"></a>gpio_output_options_set</STRONG> (Thumb, 146 bytes, Stack size 24 bytes, gd32h7xx_gpio.o(.text))
<BR><BR>[Stack]<UL><LI>Max Depth = 24<LI>Call Chain = gpio_output_options_set
</UL>
<BR>[Called By]<UL><LI><a href="#[db]">&gt;&gt;</a>&nbsp;&nbsp;&nbsp;gd_eval_com_init
<LI><a href="#[d8]">&gt;&gt;</a>&nbsp;&nbsp;&nbsp;gd_eval_led_init
</UL>

<P><STRONG><a name="[2be]"></a>gpio_bit_set</STRONG> (Thumb, 16 bytes, Stack size 8 bytes, gd32h7xx_gpio.o(.text), UNUSED)

<P><STRONG><a name="[2bf]"></a>gpio_bit_reset</STRONG> (Thumb, 16 bytes, Stack size 8 bytes, gd32h7xx_gpio.o(.text), UNUSED)

<P><STRONG><a name="[2c0]"></a>gpio_bit_write</STRONG> (Thumb, 38 bytes, Stack size 12 bytes, gd32h7xx_gpio.o(.text), UNUSED)

<P><STRONG><a name="[2c1]"></a>gpio_port_write</STRONG> (Thumb, 20 bytes, Stack size 8 bytes, gd32h7xx_gpio.o(.text), UNUSED)

<P><STRONG><a name="[2c2]"></a>gpio_input_filter_set</STRONG> (Thumb, 182 bytes, Stack size 28 bytes, gd32h7xx_gpio.o(.text), UNUSED)

<P><STRONG><a name="[145]"></a>gpio_input_bit_get</STRONG> (Thumb, 42 bytes, Stack size 12 bytes, gd32h7xx_gpio.o(.text), UNUSED)
<BR><BR>[Called By]<UL><LI><a href="#[144]">&gt;&gt;</a>&nbsp;&nbsp;&nbsp;gd_eval_key_state_get
</UL>

<P><STRONG><a name="[2c3]"></a>gpio_input_port_get</STRONG> (Thumb, 14 bytes, Stack size 4 bytes, gd32h7xx_gpio.o(.text), UNUSED)

<P><STRONG><a name="[2c4]"></a>gpio_output_bit_get</STRONG> (Thumb, 42 bytes, Stack size 12 bytes, gd32h7xx_gpio.o(.text), UNUSED)

<P><STRONG><a name="[2c5]"></a>gpio_output_port_get</STRONG> (Thumb, 14 bytes, Stack size 4 bytes, gd32h7xx_gpio.o(.text), UNUSED)

<P><STRONG><a name="[146]"></a>gpio_af_set</STRONG> (Thumb, 212 bytes, Stack size 24 bytes, gd32h7xx_gpio.o(.text))
<BR><BR>[Stack]<UL><LI>Max Depth = 24<LI>Call Chain = gpio_af_set
</UL>
<BR>[Called By]<UL><LI><a href="#[db]">&gt;&gt;</a>&nbsp;&nbsp;&nbsp;gd_eval_com_init
</UL>

<P><STRONG><a name="[2c6]"></a>gpio_pin_lock</STRONG> (Thumb, 54 bytes, Stack size 12 bytes, gd32h7xx_gpio.o(.text), UNUSED)

<P><STRONG><a name="[2c7]"></a>gpio_bit_toggle</STRONG> (Thumb, 16 bytes, Stack size 8 bytes, gd32h7xx_gpio.o(.text), UNUSED)

<P><STRONG><a name="[2c8]"></a>gpio_port_toggle</STRONG> (Thumb, 16 bytes, Stack size 4 bytes, gd32h7xx_gpio.o(.text), UNUSED)

<P><STRONG><a name="[e9]"></a>nvic_priority_group_set</STRONG> (Thumb, 28 bytes, Stack size 4 bytes, gd32h7xx_misc.o(.text))
<BR><BR>[Stack]<UL><LI>Max Depth = 4<LI>Call Chain = nvic_priority_group_set
</UL>
<BR>[Called By]<UL><LI><a href="#[ad]">&gt;&gt;</a>&nbsp;&nbsp;&nbsp;main
<LI><a href="#[d4]">&gt;&gt;</a>&nbsp;&nbsp;&nbsp;nvic_irq_enable
</UL>

<P><STRONG><a name="[d4]"></a>nvic_irq_enable</STRONG> (Thumb, 244 bytes, Stack size 32 bytes, gd32h7xx_misc.o(.text))
<BR><BR>[Stack]<UL><LI>Max Depth = 36<LI>Call Chain = nvic_irq_enable &rArr; nvic_priority_group_set
</UL>
<BR>[Calls]<UL><LI><a href="#[e9]">&gt;&gt;</a>&nbsp;&nbsp;&nbsp;nvic_priority_group_set
</UL>
<BR>[Called By]<UL><LI><a href="#[e8]">&gt;&gt;</a>&nbsp;&nbsp;&nbsp;timer1_1s_config
<LI><a href="#[ad]">&gt;&gt;</a>&nbsp;&nbsp;&nbsp;main
<LI><a href="#[da]">&gt;&gt;</a>&nbsp;&nbsp;&nbsp;usart_init
<LI><a href="#[cd]">&gt;&gt;</a>&nbsp;&nbsp;&nbsp;vPortSetupTimerInterrupt
<LI><a href="#[140]">&gt;&gt;</a>&nbsp;&nbsp;&nbsp;gd_eval_key_init
</UL>

<P><STRONG><a name="[2c9]"></a>nvic_irq_disable</STRONG> (Thumb, 46 bytes, Stack size 4 bytes, gd32h7xx_misc.o(.text), UNUSED)

<P><STRONG><a name="[120]"></a>nvic_vector_table_set</STRONG> (Thumb, 40 bytes, Stack size 8 bytes, gd32h7xx_misc.o(.text))
<BR><BR>[Stack]<UL><LI>Max Depth = 8<LI>Call Chain = nvic_vector_table_set
</UL>
<BR>[Called By]<UL><LI><a href="#[b8]">&gt;&gt;</a>&nbsp;&nbsp;&nbsp;SystemInit
</UL>

<P><STRONG><a name="[2ca]"></a>system_lowpower_set</STRONG> (Thumb, 28 bytes, Stack size 4 bytes, gd32h7xx_misc.o(.text), UNUSED)

<P><STRONG><a name="[2cb]"></a>system_lowpower_reset</STRONG> (Thumb, 28 bytes, Stack size 4 bytes, gd32h7xx_misc.o(.text), UNUSED)

<P><STRONG><a name="[2cc]"></a>systick_clksource_set</STRONG> (Thumb, 52 bytes, Stack size 4 bytes, gd32h7xx_misc.o(.text), UNUSED)

<P><STRONG><a name="[df]"></a>mpu_region_struct_para_init</STRONG> (Thumb, 54 bytes, Stack size 4 bytes, gd32h7xx_misc.o(.text))
<BR><BR>[Stack]<UL><LI>Max Depth = 4<LI>Call Chain = mpu_region_struct_para_init
</UL>
<BR>[Called By]<UL><LI><a href="#[de]">&gt;&gt;</a>&nbsp;&nbsp;&nbsp;mpu_config
</UL>

<P><STRONG><a name="[e2]"></a>mpu_region_config</STRONG> (Thumb, 104 bytes, Stack size 12 bytes, gd32h7xx_misc.o(.text))
<BR><BR>[Stack]<UL><LI>Max Depth = 12<LI>Call Chain = mpu_region_config
</UL>
<BR>[Called By]<UL><LI><a href="#[de]">&gt;&gt;</a>&nbsp;&nbsp;&nbsp;mpu_config
</UL>

<P><STRONG><a name="[e3]"></a>mpu_region_enable</STRONG> (Thumb, 18 bytes, Stack size 0 bytes, gd32h7xx_misc.o(.text))
<BR><BR>[Called By]<UL><LI><a href="#[de]">&gt;&gt;</a>&nbsp;&nbsp;&nbsp;mpu_config
</UL>

<P><STRONG><a name="[2cd]"></a>rcu_deinit</STRONG> (Thumb, 266 bytes, Stack size 0 bytes, gd32h7xx_rcu.o(.text), UNUSED)

<P><STRONG><a name="[ce]"></a>rcu_periph_clock_enable</STRONG> (Thumb, 40 bytes, Stack size 4 bytes, gd32h7xx_rcu.o(.text))
<BR><BR>[Stack]<UL><LI>Max Depth = 4<LI>Call Chain = rcu_periph_clock_enable
</UL>
<BR>[Called By]<UL><LI><a href="#[eb]">&gt;&gt;</a>&nbsp;&nbsp;&nbsp;dma_rev_config
<LI><a href="#[e8]">&gt;&gt;</a>&nbsp;&nbsp;&nbsp;timer1_1s_config
<LI><a href="#[ad]">&gt;&gt;</a>&nbsp;&nbsp;&nbsp;main
<LI><a href="#[db]">&gt;&gt;</a>&nbsp;&nbsp;&nbsp;gd_eval_com_init
<LI><a href="#[d8]">&gt;&gt;</a>&nbsp;&nbsp;&nbsp;gd_eval_led_init
<LI><a href="#[cd]">&gt;&gt;</a>&nbsp;&nbsp;&nbsp;vPortSetupTimerInterrupt
<LI><a href="#[140]">&gt;&gt;</a>&nbsp;&nbsp;&nbsp;gd_eval_key_init
</UL>

<P><STRONG><a name="[2ce]"></a>rcu_periph_clock_disable</STRONG> (Thumb, 40 bytes, Stack size 4 bytes, gd32h7xx_rcu.o(.text), UNUSED)

<P><STRONG><a name="[2cf]"></a>rcu_periph_clock_sleep_enable</STRONG> (Thumb, 40 bytes, Stack size 4 bytes, gd32h7xx_rcu.o(.text), UNUSED)

<P><STRONG><a name="[2d0]"></a>rcu_periph_clock_sleep_disable</STRONG> (Thumb, 40 bytes, Stack size 4 bytes, gd32h7xx_rcu.o(.text), UNUSED)

<P><STRONG><a name="[123]"></a>rcu_periph_reset_enable</STRONG> (Thumb, 40 bytes, Stack size 4 bytes, gd32h7xx_rcu.o(.text))
<BR><BR>[Stack]<UL><LI>Max Depth = 4<LI>Call Chain = rcu_periph_reset_enable
</UL>
<BR>[Called By]<UL><LI><a href="#[13c]">&gt;&gt;</a>&nbsp;&nbsp;&nbsp;usart_deinit
<LI><a href="#[cf]">&gt;&gt;</a>&nbsp;&nbsp;&nbsp;timer_deinit
<LI><a href="#[12a]">&gt;&gt;</a>&nbsp;&nbsp;&nbsp;syscfg_deinit
<LI><a href="#[122]">&gt;&gt;</a>&nbsp;&nbsp;&nbsp;gpio_deinit
</UL>

<P><STRONG><a name="[124]"></a>rcu_periph_reset_disable</STRONG> (Thumb, 40 bytes, Stack size 4 bytes, gd32h7xx_rcu.o(.text))
<BR><BR>[Stack]<UL><LI>Max Depth = 4<LI>Call Chain = rcu_periph_reset_disable
</UL>
<BR>[Called By]<UL><LI><a href="#[13c]">&gt;&gt;</a>&nbsp;&nbsp;&nbsp;usart_deinit
<LI><a href="#[cf]">&gt;&gt;</a>&nbsp;&nbsp;&nbsp;timer_deinit
<LI><a href="#[12a]">&gt;&gt;</a>&nbsp;&nbsp;&nbsp;syscfg_deinit
<LI><a href="#[122]">&gt;&gt;</a>&nbsp;&nbsp;&nbsp;gpio_deinit
</UL>

<P><STRONG><a name="[2d1]"></a>rcu_bkp_reset_enable</STRONG> (Thumb, 18 bytes, Stack size 0 bytes, gd32h7xx_rcu.o(.text), UNUSED)

<P><STRONG><a name="[2d2]"></a>rcu_bkp_reset_disable</STRONG> (Thumb, 18 bytes, Stack size 0 bytes, gd32h7xx_rcu.o(.text), UNUSED)

<P><STRONG><a name="[2d3]"></a>rcu_system_clock_source_config</STRONG> (Thumb, 36 bytes, Stack size 8 bytes, gd32h7xx_rcu.o(.text), UNUSED)

<P><STRONG><a name="[2d4]"></a>rcu_system_clock_source_get</STRONG> (Thumb, 16 bytes, Stack size 0 bytes, gd32h7xx_rcu.o(.text), UNUSED)

<P><STRONG><a name="[2d5]"></a>rcu_ahb_clock_config</STRONG> (Thumb, 36 bytes, Stack size 8 bytes, gd32h7xx_rcu.o(.text), UNUSED)

<P><STRONG><a name="[2d6]"></a>rcu_apb1_clock_config</STRONG> (Thumb, 36 bytes, Stack size 8 bytes, gd32h7xx_rcu.o(.text), UNUSED)

<P><STRONG><a name="[2d7]"></a>rcu_apb2_clock_config</STRONG> (Thumb, 36 bytes, Stack size 8 bytes, gd32h7xx_rcu.o(.text), UNUSED)

<P><STRONG><a name="[2d8]"></a>rcu_apb3_clock_config</STRONG> (Thumb, 36 bytes, Stack size 8 bytes, gd32h7xx_rcu.o(.text), UNUSED)

<P><STRONG><a name="[2d9]"></a>rcu_apb4_clock_config</STRONG> (Thumb, 36 bytes, Stack size 8 bytes, gd32h7xx_rcu.o(.text), UNUSED)

<P><STRONG><a name="[2da]"></a>rcu_ckout0_config</STRONG> (Thumb, 42 bytes, Stack size 12 bytes, gd32h7xx_rcu.o(.text), UNUSED)

<P><STRONG><a name="[2db]"></a>rcu_ckout1_config</STRONG> (Thumb, 42 bytes, Stack size 12 bytes, gd32h7xx_rcu.o(.text), UNUSED)

<P><STRONG><a name="[2dc]"></a>rcu_pll_input_output_clock_range_config</STRONG> (Thumb, 134 bytes, Stack size 16 bytes, gd32h7xx_rcu.o(.text), UNUSED)

<P><STRONG><a name="[2dd]"></a>rcu_pll_fractional_config</STRONG> (Thumb, 126 bytes, Stack size 12 bytes, gd32h7xx_rcu.o(.text), UNUSED)

<P><STRONG><a name="[2de]"></a>rcu_pll_fractional_latch_enable</STRONG> (Thumb, 94 bytes, Stack size 8 bytes, gd32h7xx_rcu.o(.text), UNUSED)

<P><STRONG><a name="[2df]"></a>rcu_pll_fractional_latch_disable</STRONG> (Thumb, 94 bytes, Stack size 8 bytes, gd32h7xx_rcu.o(.text), UNUSED)

<P><STRONG><a name="[2e0]"></a>rcu_pll_source_config</STRONG> (Thumb, 32 bytes, Stack size 4 bytes, gd32h7xx_rcu.o(.text), UNUSED)

<P><STRONG><a name="[2e1]"></a>rcu_pll0_config</STRONG> (Thumb, 208 bytes, Stack size 20 bytes, gd32h7xx_rcu.o(.text), UNUSED)

<P><STRONG><a name="[2e2]"></a>rcu_pll1_config</STRONG> (Thumb, 194 bytes, Stack size 20 bytes, gd32h7xx_rcu.o(.text), UNUSED)

<P><STRONG><a name="[2e3]"></a>rcu_pll2_config</STRONG> (Thumb, 190 bytes, Stack size 20 bytes, gd32h7xx_rcu.o(.text), UNUSED)

<P><STRONG><a name="[2e4]"></a>rcu_pll_clock_output_enable</STRONG> (Thumb, 24 bytes, Stack size 4 bytes, gd32h7xx_rcu.o(.text), UNUSED)

<P><STRONG><a name="[2e5]"></a>rcu_pll_clock_output_disable</STRONG> (Thumb, 24 bytes, Stack size 4 bytes, gd32h7xx_rcu.o(.text), UNUSED)

<P><STRONG><a name="[2e6]"></a>rcu_pllusb0_config</STRONG> (Thumb, 72 bytes, Stack size 16 bytes, gd32h7xx_rcu.o(.text), UNUSED)

<P><STRONG><a name="[2e7]"></a>rcu_pllusb1_config</STRONG> (Thumb, 80 bytes, Stack size 16 bytes, gd32h7xx_rcu.o(.text), UNUSED)

<P><STRONG><a name="[2e8]"></a>rcu_rtc_clock_config</STRONG> (Thumb, 36 bytes, Stack size 8 bytes, gd32h7xx_rcu.o(.text), UNUSED)

<P><STRONG><a name="[2e9]"></a>rcu_rtc_div_config</STRONG> (Thumb, 36 bytes, Stack size 8 bytes, gd32h7xx_rcu.o(.text), UNUSED)

<P><STRONG><a name="[2ea]"></a>rcu_ck48m_clock_config</STRONG> (Thumb, 36 bytes, Stack size 8 bytes, gd32h7xx_rcu.o(.text), UNUSED)

<P><STRONG><a name="[2eb]"></a>rcu_pll48m_clock_config</STRONG> (Thumb, 36 bytes, Stack size 8 bytes, gd32h7xx_rcu.o(.text), UNUSED)

<P><STRONG><a name="[2ec]"></a>rcu_irc64mdiv_clock_config</STRONG> (Thumb, 36 bytes, Stack size 8 bytes, gd32h7xx_rcu.o(.text), UNUSED)

<P><STRONG><a name="[128]"></a>rcu_irc64mdiv_freq_get</STRONG> (Thumb, 152 bytes, Stack size 4 bytes, gd32h7xx_rcu.o(.text))
<BR><BR>[Stack]<UL><LI>Max Depth = 4<LI>Call Chain = rcu_irc64mdiv_freq_get
</UL>
<BR>[Called By]<UL><LI><a href="#[127]">&gt;&gt;</a>&nbsp;&nbsp;&nbsp;rcu_clock_freq_get
</UL>

<P><STRONG><a name="[2ed]"></a>rcu_timer_clock_prescaler_config</STRONG> (Thumb, 56 bytes, Stack size 4 bytes, gd32h7xx_rcu.o(.text), UNUSED)

<P><STRONG><a name="[2ee]"></a>rcu_spi_clock_config</STRONG> (Thumb, 202 bytes, Stack size 12 bytes, gd32h7xx_rcu.o(.text), UNUSED)

<P><STRONG><a name="[2ef]"></a>rcu_sdio_clock_config</STRONG> (Thumb, 86 bytes, Stack size 12 bytes, gd32h7xx_rcu.o(.text), UNUSED)

<P><STRONG><a name="[2f0]"></a>rcu_deepsleep_wakeup_sys_clock_config</STRONG> (Thumb, 32 bytes, Stack size 4 bytes, gd32h7xx_rcu.o(.text), UNUSED)

<P><STRONG><a name="[2f1]"></a>rcu_tli_clock_div_config</STRONG> (Thumb, 36 bytes, Stack size 8 bytes, gd32h7xx_rcu.o(.text), UNUSED)

<P><STRONG><a name="[2f2]"></a>rcu_usart_clock_config</STRONG> (Thumb, 146 bytes, Stack size 12 bytes, gd32h7xx_rcu.o(.text), UNUSED)

<P><STRONG><a name="[2f3]"></a>rcu_i2c_clock_config</STRONG> (Thumb, 146 bytes, Stack size 12 bytes, gd32h7xx_rcu.o(.text), UNUSED)

<P><STRONG><a name="[2f4]"></a>rcu_can_clock_config</STRONG> (Thumb, 124 bytes, Stack size 12 bytes, gd32h7xx_rcu.o(.text), UNUSED)

<P><STRONG><a name="[2f5]"></a>rcu_adc_clock_config</STRONG> (Thumb, 90 bytes, Stack size 12 bytes, gd32h7xx_rcu.o(.text), UNUSED)

<P><STRONG><a name="[2f6]"></a>rcu_sai_clock_config</STRONG> (Thumb, 88 bytes, Stack size 12 bytes, gd32h7xx_rcu.o(.text), UNUSED)

<P><STRONG><a name="[2f7]"></a>rcu_sai2_block_clock_config</STRONG> (Thumb, 88 bytes, Stack size 12 bytes, gd32h7xx_rcu.o(.text), UNUSED)

<P><STRONG><a name="[2f8]"></a>rcu_rspdif_clock_config</STRONG> (Thumb, 32 bytes, Stack size 4 bytes, gd32h7xx_rcu.o(.text), UNUSED)

<P><STRONG><a name="[2f9]"></a>rcu_exmc_clock_config</STRONG> (Thumb, 32 bytes, Stack size 4 bytes, gd32h7xx_rcu.o(.text), UNUSED)

<P><STRONG><a name="[2fa]"></a>rcu_hpdf_clock_config</STRONG> (Thumb, 32 bytes, Stack size 4 bytes, gd32h7xx_rcu.o(.text), UNUSED)

<P><STRONG><a name="[2fb]"></a>rcu_per_clock_config</STRONG> (Thumb, 32 bytes, Stack size 4 bytes, gd32h7xx_rcu.o(.text), UNUSED)

<P><STRONG><a name="[2fc]"></a>rcu_usbhs_pll1qpsc_config</STRONG> (Thumb, 88 bytes, Stack size 12 bytes, gd32h7xx_rcu.o(.text), UNUSED)

<P><STRONG><a name="[2fd]"></a>rcu_usb48m_clock_config</STRONG> (Thumb, 88 bytes, Stack size 12 bytes, gd32h7xx_rcu.o(.text), UNUSED)

<P><STRONG><a name="[2fe]"></a>rcu_usbhs_clock_config</STRONG> (Thumb, 88 bytes, Stack size 12 bytes, gd32h7xx_rcu.o(.text), UNUSED)

<P><STRONG><a name="[2ff]"></a>rcu_usbhs_clock_selection_enable</STRONG> (Thumb, 68 bytes, Stack size 8 bytes, gd32h7xx_rcu.o(.text), UNUSED)

<P><STRONG><a name="[300]"></a>rcu_usbhs_clock_selection_disable</STRONG> (Thumb, 68 bytes, Stack size 8 bytes, gd32h7xx_rcu.o(.text), UNUSED)

<P><STRONG><a name="[301]"></a>rcu_lxtal_drive_capability_config</STRONG> (Thumb, 36 bytes, Stack size 8 bytes, gd32h7xx_rcu.o(.text), UNUSED)

<P><STRONG><a name="[125]"></a>rcu_osci_stab_wait</STRONG> (Thumb, 1048 bytes, Stack size 72 bytes, gd32h7xx_rcu.o(.text), UNUSED)
<BR><BR>[Calls]<UL><LI><a href="#[126]">&gt;&gt;</a>&nbsp;&nbsp;&nbsp;rcu_flag_get
</UL>

<P><STRONG><a name="[126]"></a>rcu_flag_get</STRONG> (Thumb, 62 bytes, Stack size 4 bytes, gd32h7xx_rcu.o(.text), UNUSED)
[...]
</UL>

<P><STRONG><a name="[20d]"></a>nn_transpose_conv2d_params_struct_init</STRONG> (Thumb, 160 bytes, Stack size 16 bytes, gd_nn_special_op_and_quan.o(.text))
<BR><BR>[Stack]<UL><LI>Max Depth = 16<LI>Call Chain = nn_transpose_conv2d_params_struct_init
</UL>
<BR>[Calls]<UL><LI><a href="#[232]">&gt;&gt;</a>&nbsp;&nbsp;&nbsp;read_nn_f32
<LI><a href="#[200]">&gt;&gt;</a>&nbsp;&nbsp;&nbsp;read_nn_int32
</UL>
<BR>[Called By]<UL><LI><a href="#[1f7]">&gt;&gt;</a>&nbsp;&nbsp;&nbsp;nn_special_params_struct_create_init
</UL>

<P><STRONG><a name="[20e]"></a>nn_abs_struct_init</STRONG> (Thumb, 64 bytes, Stack size 16 bytes, gd_nn_special_op_and_quan.o(.text))
<BR><BR>[Stack]<UL><LI>Max Depth = 16<LI>Call Chain = nn_abs_struct_init
</UL>
<BR>[Calls]<UL><LI><a href="#[200]">&gt;&gt;</a>&nbsp;&nbsp;&nbsp;read_nn_int32
</UL>
<BR>[Called By]<UL><LI><a href="#[1f7]">&gt;&gt;</a>&nbsp;&nbsp;&nbsp;nn_special_params_struct_create_init
</UL>

<P><STRONG><a name="[20f]"></a>nn_prelu_struct_init</STRONG> (Thumb, 84 bytes, Stack size 16 bytes, gd_nn_special_op_and_quan.o(.text))
<BR><BR>[Stack]<UL><LI>Max Depth = 16<LI>Call Chain = nn_prelu_struct_init
</UL>
<BR>[Calls]<UL><LI><a href="#[200]">&gt;&gt;</a>&nbsp;&nbsp;&nbsp;read_nn_int32
</UL>
<BR>[Called By]<UL><LI><a href="#[1f7]">&gt;&gt;</a>&nbsp;&nbsp;&nbsp;nn_special_params_struct_create_init
</UL>

<P><STRONG><a name="[210]"></a>nn_sub_struct_init</STRONG> (Thumb, 168 bytes, Stack size 16 bytes, gd_nn_special_op_and_quan.o(.text))
<BR><BR>[Stack]<UL><LI>Max Depth = 16<LI>Call Chain = nn_sub_struct_init
</UL>
<BR>[Calls]<UL><LI><a href="#[232]">&gt;&gt;</a>&nbsp;&nbsp;&nbsp;read_nn_f32
<LI><a href="#[200]">&gt;&gt;</a>&nbsp;&nbsp;&nbsp;read_nn_int32
</UL>
<BR>[Called By]<UL><LI><a href="#[1f7]">&gt;&gt;</a>&nbsp;&nbsp;&nbsp;nn_special_params_struct_create_init
</UL>

<P><STRONG><a name="[211]"></a>nn_padv2_params_struct_init</STRONG> (Thumb, 172 bytes, Stack size 16 bytes, gd_nn_special_op_and_quan.o(.text))
<BR><BR>[Stack]<UL><LI>Max Depth = 16<LI>Call Chain = nn_padv2_params_struct_init
</UL>
<BR>[Calls]<UL><LI><a href="#[232]">&gt;&gt;</a>&nbsp;&nbsp;&nbsp;read_nn_f32
<LI><a href="#[200]">&gt;&gt;</a>&nbsp;&nbsp;&nbsp;read_nn_int32
<LI><a href="#[234]">&gt;&gt;</a>&nbsp;&nbsp;&nbsp;read_nn_int8
<LI><a href="#[1c4]">&gt;&gt;</a>&nbsp;&nbsp;&nbsp;read_nn_uint8
</UL>
<BR>[Called By]<UL><LI><a href="#[1f7]">&gt;&gt;</a>&nbsp;&nbsp;&nbsp;nn_special_params_struct_create_init
</UL>

<P><STRONG><a name="[212]"></a>nn_gather_struct_init</STRONG> (Thumb, 40 bytes, Stack size 16 bytes, gd_nn_special_op_and_quan.o(.text))
<BR><BR>[Stack]<UL><LI>Max Depth = 16<LI>Call Chain = nn_gather_struct_init
</UL>
<BR>[Calls]<UL><LI><a href="#[200]">&gt;&gt;</a>&nbsp;&nbsp;&nbsp;read_nn_int32
<LI><a href="#[233]">&gt;&gt;</a>&nbsp;&nbsp;&nbsp;read_nn_int16
</UL>
<BR>[Called By]<UL><LI><a href="#[1f7]">&gt;&gt;</a>&nbsp;&nbsp;&nbsp;nn_special_params_struct_create_init
</UL>

<P><STRONG><a name="[213]"></a>nn_pow_struct_init</STRONG> (Thumb, 36 bytes, Stack size 16 bytes, gd_nn_special_op_and_quan.o(.text))
<BR><BR>[Stack]<UL><LI>Max Depth = 16<LI>Call Chain = nn_pow_struct_init
</UL>
<BR>[Calls]<UL><LI><a href="#[232]">&gt;&gt;</a>&nbsp;&nbsp;&nbsp;read_nn_f32
<LI><a href="#[200]">&gt;&gt;</a>&nbsp;&nbsp;&nbsp;read_nn_int32
</UL>
<BR>[Called By]<UL><LI><a href="#[1f7]">&gt;&gt;</a>&nbsp;&nbsp;&nbsp;nn_special_params_struct_create_init
</UL>

<P><STRONG><a name="[214]"></a>nn_add_struct_init</STRONG> (Thumb, 160 bytes, Stack size 16 bytes, gd_nn_special_op_and_quan.o(.text))
<BR><BR>[Stack]<UL><LI>Max Depth = 16<LI>Call Chain = nn_add_struct_init
</UL>
<BR>[Calls]<UL><LI><a href="#[232]">&gt;&gt;</a>&nbsp;&nbsp;&nbsp;read_nn_f32
<LI><a href="#[200]">&gt;&gt;</a>&nbsp;&nbsp;&nbsp;read_nn_int32
</UL>
<BR>[Called By]<UL><LI><a href="#[1f7]">&gt;&gt;</a>&nbsp;&nbsp;&nbsp;nn_special_params_struct_create_init
</UL>

<P><STRONG><a name="[215]"></a>nn_relu6_params_struct_init</STRONG> (Thumb, 76 bytes, Stack size 16 bytes, gd_nn_special_op_and_quan.o(.text))
<BR><BR>[Stack]<UL><LI>Max Depth = 16<LI>Call Chain = nn_relu6_params_struct_init
</UL>
<BR>[Calls]<UL><LI><a href="#[232]">&gt;&gt;</a>&nbsp;&nbsp;&nbsp;read_nn_f32
<LI><a href="#[200]">&gt;&gt;</a>&nbsp;&nbsp;&nbsp;read_nn_int32
<LI><a href="#[233]">&gt;&gt;</a>&nbsp;&nbsp;&nbsp;read_nn_int16
</UL>
<BR>[Called By]<UL><LI><a href="#[1f7]">&gt;&gt;</a>&nbsp;&nbsp;&nbsp;nn_special_params_struct_create_init
</UL>

<P><STRONG><a name="[216]"></a>nn_quantization_struct_init</STRONG> (Thumb, 76 bytes, Stack size 16 bytes, gd_nn_special_op_and_quan.o(.text))
<BR><BR>[Stack]<UL><LI>Max Depth = 16<LI>Call Chain = nn_quantization_struct_init
</UL>
<BR>[Calls]<UL><LI><a href="#[232]">&gt;&gt;</a>&nbsp;&nbsp;&nbsp;read_nn_f32
<LI><a href="#[200]">&gt;&gt;</a>&nbsp;&nbsp;&nbsp;read_nn_int32
</UL>
<BR>[Called By]<UL><LI><a href="#[1f7]">&gt;&gt;</a>&nbsp;&nbsp;&nbsp;nn_special_params_struct_create_init
</UL>

<P><STRONG><a name="[217]"></a>nn_stridedslice_params_struct_init</STRONG> (Thumb, 268 bytes, Stack size 16 bytes, gd_nn_special_op_and_quan.o(.text))
<BR><BR>[Stack]<UL><LI>Max Depth = 16<LI>Call Chain = nn_stridedslice_params_struct_init
</UL>
<BR>[Calls]<UL><LI><a href="#[200]">&gt;&gt;</a>&nbsp;&nbsp;&nbsp;read_nn_int32
<LI><a href="#[233]">&gt;&gt;</a>&nbsp;&nbsp;&nbsp;read_nn_int16
</UL>
<BR>[Called By]<UL><LI><a href="#[1f7]">&gt;&gt;</a>&nbsp;&nbsp;&nbsp;nn_special_params_struct_create_init
</UL>

<P><STRONG><a name="[218]"></a>nn_relu_struct_init</STRONG> (Thumb, 52 bytes, Stack size 16 bytes, gd_nn_special_op_and_quan.o(.text))
<BR><BR>[Stack]<UL><LI>Max Depth = 16<LI>Call Chain = nn_relu_struct_init
</UL>
<BR>[Calls]<UL><LI><a href="#[200]">&gt;&gt;</a>&nbsp;&nbsp;&nbsp;read_nn_int32
</UL>
<BR>[Called By]<UL><LI><a href="#[1f7]">&gt;&gt;</a>&nbsp;&nbsp;&nbsp;nn_special_params_struct_create_init
</UL>

<P><STRONG><a name="[219]"></a>nn_dequantization_struct_init</STRONG> (Thumb, 44 bytes, Stack size 16 bytes, gd_nn_special_op_and_quan.o(.text))
<BR><BR>[Stack]<UL><LI>Max Depth = 16<LI>Call Chain = nn_dequantization_struct_init
</UL>
<BR>[Calls]<UL><LI><a href="#[232]">&gt;&gt;</a>&nbsp;&nbsp;&nbsp;read_nn_f32
<LI><a href="#[200]">&gt;&gt;</a>&nbsp;&nbsp;&nbsp;read_nn_int32
</UL>
<BR>[Called By]<UL><LI><a href="#[1f7]">&gt;&gt;</a>&nbsp;&nbsp;&nbsp;nn_special_params_struct_create_init
</UL>

<P><STRONG><a name="[21a]"></a>nn_transpose_struct_init</STRONG> (Thumb, 84 bytes, Stack size 16 bytes, gd_nn_special_op_and_quan.o(.text))
<BR><BR>[Stack]<UL><LI>Max Depth = 16<LI>Call Chain = nn_transpose_struct_init
</UL>
<BR>[Calls]<UL><LI><a href="#[200]">&gt;&gt;</a>&nbsp;&nbsp;&nbsp;read_nn_int32
</UL>
<BR>[Called By]<UL><LI><a href="#[1f7]">&gt;&gt;</a>&nbsp;&nbsp;&nbsp;nn_special_params_struct_create_init
</UL>

<P><STRONG><a name="[21b]"></a>nn_dw_conv_params_struct_init</STRONG> (Thumb, 148 bytes, Stack size 16 bytes, gd_nn_special_op_and_quan.o(.text))
<BR><BR>[Stack]<UL><LI>Max Depth = 16<LI>Call Chain = nn_dw_conv_params_struct_init
</UL>
<BR>[Calls]<UL><LI><a href="#[232]">&gt;&gt;</a>&nbsp;&nbsp;&nbsp;read_nn_f32
<LI><a href="#[200]">&gt;&gt;</a>&nbsp;&nbsp;&nbsp;read_nn_int32
</UL>
<BR>[Called By]<UL><LI><a href="#[1f7]">&gt;&gt;</a>&nbsp;&nbsp;&nbsp;nn_special_params_struct_create_init
</UL>

<P><STRONG><a name="[21c]"></a>nn_concatenation_struct_init</STRONG> (Thumb, 76 bytes, Stack size 16 bytes, gd_nn_special_op_and_quan.o(.text))
<BR><BR>[Stack]<UL><LI>Max Depth = 16<LI>Call Chain = nn_concatenation_struct_init
</UL>
<BR>[Calls]<UL><LI><a href="#[232]">&gt;&gt;</a>&nbsp;&nbsp;&nbsp;read_nn_f32
<LI><a href="#[200]">&gt;&gt;</a>&nbsp;&nbsp;&nbsp;read_nn_int32
<LI><a href="#[233]">&gt;&gt;</a>&nbsp;&nbsp;&nbsp;read_nn_int16
<LI><a href="#[1c7]">&gt;&gt;</a>&nbsp;&nbsp;&nbsp;read_nn_uint16
</UL>
<BR>[Called By]<UL><LI><a href="#[1f7]">&gt;&gt;</a>&nbsp;&nbsp;&nbsp;nn_special_params_struct_create_init
</UL>

<P><STRONG><a name="[21d]"></a>nn_leakyrelu_params_struct_init</STRONG> (Thumb, 84 bytes, Stack size 16 bytes, gd_nn_special_op_and_quan.o(.text))
<BR><BR>[Stack]<UL><LI>Max Depth = 16<LI>Call Chain = nn_leakyrelu_params_struct_init
</UL>
<BR>[Calls]<UL><LI><a href="#[232]">&gt;&gt;</a>&nbsp;&nbsp;&nbsp;read_nn_f32
<LI><a href="#[200]">&gt;&gt;</a>&nbsp;&nbsp;&nbsp;read_nn_int32
</UL>
<BR>[Called By]<UL><LI><a href="#[1f7]">&gt;&gt;</a>&nbsp;&nbsp;&nbsp;nn_special_params_struct_create_init
</UL>

<P><STRONG><a name="[21e]"></a>nn_split_struct_init</STRONG> (Thumb, 32 bytes, Stack size 16 bytes, gd_nn_special_op_and_quan.o(.text))
<BR><BR>[Stack]<UL><LI>Max Depth = 16<LI>Call Chain = nn_split_struct_init
</UL>
<BR>[Calls]<UL><LI><a href="#[233]">&gt;&gt;</a>&nbsp;&nbsp;&nbsp;read_nn_int16
</UL>
<BR>[Called By]<UL><LI><a href="#[1f7]">&gt;&gt;</a>&nbsp;&nbsp;&nbsp;nn_special_params_struct_create_init
</UL>

<P><STRONG><a name="[21f]"></a>nn_softmax_params_struct_init</STRONG> (Thumb, 96 bytes, Stack size 16 bytes, gd_nn_special_op_and_quan.o(.text))
<BR><BR>[Stack]<UL><LI>Max Depth = 16<LI>Call Chain = nn_softmax_params_struct_init
</UL>
<BR>[Calls]<UL><LI><a href="#[232]">&gt;&gt;</a>&nbsp;&nbsp;&nbsp;read_nn_f32
<LI><a href="#[200]">&gt;&gt;</a>&nbsp;&nbsp;&nbsp;read_nn_int32
<LI><a href="#[1c7]">&gt;&gt;</a>&nbsp;&nbsp;&nbsp;read_nn_uint16
</UL>
<BR>[Called By]<UL><LI><a href="#[1f7]">&gt;&gt;</a>&nbsp;&nbsp;&nbsp;nn_special_params_struct_create_init
</UL>

<P><STRONG><a name="[220]"></a>nn_conv2d_params_struct_init</STRONG> (Thumb, 140 bytes, Stack size 16 bytes, gd_nn_special_op_and_quan.o(.text))
<BR><BR>[Stack]<UL><LI>Max Depth = 16<LI>Call Chain = nn_conv2d_params_struct_init
</UL>
<BR>[Calls]<UL><LI><a href="#[232]">&gt;&gt;</a>&nbsp;&nbsp;&nbsp;read_nn_f32
<LI><a href="#[200]">&gt;&gt;</a>&nbsp;&nbsp;&nbsp;read_nn_int32
</UL>
<BR>[Called By]<UL><LI><a href="#[1f7]">&gt;&gt;</a>&nbsp;&nbsp;&nbsp;nn_special_params_struct_create_init
</UL>

<P><STRONG><a name="[221]"></a>nn_SquaredDifference_struct_init</STRONG> (Thumb, 160 bytes, Stack size 16 bytes, gd_nn_special_op_and_quan.o(.text))
<BR><BR>[Stack]<UL><LI>Max Depth = 16<LI>Call Chain = nn_SquaredDifference_struct_init
</UL>
<BR>[Calls]<UL><LI><a href="#[232]">&gt;&gt;</a>&nbsp;&nbsp;&nbsp;read_nn_f32
<LI><a href="#[200]">&gt;&gt;</a>&nbsp;&nbsp;&nbsp;read_nn_int32
</UL>
<BR>[Called By]<UL><LI><a href="#[1f7]">&gt;&gt;</a>&nbsp;&nbsp;&nbsp;nn_special_params_struct_create_init
</UL>

<P><STRONG><a name="[222]"></a>nn_pack_struct_init</STRONG> (Thumb, 48 bytes, Stack size 16 bytes, gd_nn_special_op_and_quan.o(.text))
<BR><BR>[Stack]<UL><LI>Max Depth = 16<LI>Call Chain = nn_pack_struct_init
</UL>
<BR>[Calls]<UL><LI><a href="#[1c7]">&gt;&gt;</a>&nbsp;&nbsp;&nbsp;read_nn_uint16
</UL>
<BR>[Called By]<UL><LI><a href="#[1f7]">&gt;&gt;</a>&nbsp;&nbsp;&nbsp;nn_special_params_struct_create_init
</UL>

<P><STRONG><a name="[223]"></a>nn_resize_nearest_neighbor_struct_init</STRONG> (Thumb, 52 bytes, Stack size 16 bytes, gd_nn_special_op_and_quan.o(.text))
<BR><BR>[Stack]<UL><LI>Max Depth = 16<LI>Call Chain = nn_resize_nearest_neighbor_struct_init
</UL>
<BR>[Calls]<UL><LI><a href="#[200]">&gt;&gt;</a>&nbsp;&nbsp;&nbsp;read_nn_int32
<LI><a href="#[1c7]">&gt;&gt;</a>&nbsp;&nbsp;&nbsp;read_nn_uint16
</UL>
<BR>[Called By]<UL><LI><a href="#[1f7]">&gt;&gt;</a>&nbsp;&nbsp;&nbsp;nn_special_params_struct_create_init
</UL>

<P><STRONG><a name="[224]"></a>nn_fc_params_struct_init</STRONG> (Thumb, 88 bytes, Stack size 16 bytes, gd_nn_special_op_and_quan.o(.text))
<BR><BR>[Stack]<UL><LI>Max Depth = 16<LI>Call Chain = nn_fc_params_struct_init
</UL>
<BR>[Calls]<UL><LI><a href="#[232]">&gt;&gt;</a>&nbsp;&nbsp;&nbsp;read_nn_f32
<LI><a href="#[200]">&gt;&gt;</a>&nbsp;&nbsp;&nbsp;read_nn_int32
<LI><a href="#[1cb]">&gt;&gt;</a>&nbsp;&nbsp;&nbsp;read_nn_uint32
</UL>
<BR>[Called By]<UL><LI><a href="#[1f7]">&gt;&gt;</a>&nbsp;&nbsp;&nbsp;nn_special_params_struct_create_init
</UL>

<P><STRONG><a name="[225]"></a>nn_reduceMax_struct_init</STRONG> (Thumb, 68 bytes, Stack size 16 bytes, gd_nn_special_op_and_quan.o(.text))
<BR><BR>[Stack]<UL><LI>Max Depth = 16<LI>Call Chain = nn_reduceMax_struct_init
</UL>
<BR>[Calls]<UL><LI><a href="#[233]">&gt;&gt;</a>&nbsp;&nbsp;&nbsp;read_nn_int16
</UL>
<BR>[Called By]<UL><LI><a href="#[1f7]">&gt;&gt;</a>&nbsp;&nbsp;&nbsp;nn_special_params_struct_create_init
</UL>

<P><STRONG><a name="[226]"></a>nn_tanh_struct_init</STRONG> (Thumb, 52 bytes, Stack size 16 bytes, gd_nn_special_op_and_quan.o(.text))
<BR><BR>[Stack]<UL><LI>Max Depth = 16<LI>Call Chain = nn_tanh_struct_init
</UL>
<BR>[Calls]<UL><LI><a href="#[200]">&gt;&gt;</a>&nbsp;&nbsp;&nbsp;read_nn_int32
</UL>
<BR>[Called By]<UL><LI><a href="#[1f7]">&gt;&gt;</a>&nbsp;&nbsp;&nbsp;nn_special_params_struct_create_init
</UL>

<P><STRONG><a name="[227]"></a>nn_logistic_struct_init</STRONG> (Thumb, 52 bytes, Stack size 16 bytes, gd_nn_special_op_and_quan.o(.text))
<BR><BR>[Stack]<UL><LI>Max Depth = 16<LI>Call Chain = nn_logistic_struct_init
</UL>
<BR>[Calls]<UL><LI><a href="#[200]">&gt;&gt;</a>&nbsp;&nbsp;&nbsp;read_nn_int32
</UL>
<BR>[Called By]<UL><LI><a href="#[1f7]">&gt;&gt;</a>&nbsp;&nbsp;&nbsp;nn_special_params_struct_create_init
</UL>

<P><STRONG><a name="[228]"></a>nn_pad_params_struct_init</STRONG> (Thumb, 160 bytes, Stack size 16 bytes, gd_nn_special_op_and_quan.o(.text))
<BR><BR>[Stack]<UL><LI>Max Depth = 16<LI>Call Chain = nn_pad_params_struct_init
</UL>
<BR>[Calls]<UL><LI><a href="#[200]">&gt;&gt;</a>&nbsp;&nbsp;&nbsp;read_nn_int32
<LI><a href="#[1c4]">&gt;&gt;</a>&nbsp;&nbsp;&nbsp;read_nn_uint8
</UL>
<BR>[Called By]<UL><LI><a href="#[1f7]">&gt;&gt;</a>&nbsp;&nbsp;&nbsp;nn_special_params_struct_create_init
</UL>

<P><STRONG><a name="[229]"></a>nn_mul_struct_init</STRONG> (Thumb, 128 bytes, Stack size 16 bytes, gd_nn_special_op_and_quan.o(.text))
<BR><BR>[Stack]<UL><LI>Max Depth = 16<LI>Call Chain = nn_mul_struct_init
</UL>
<BR>[Calls]<UL><LI><a href="#[232]">&gt;&gt;</a>&nbsp;&nbsp;&nbsp;read_nn_f32
<LI><a href="#[200]">&gt;&gt;</a>&nbsp;&nbsp;&nbsp;read_nn_int32
</UL>
<BR>[Called By]<UL><LI><a href="#[1f7]">&gt;&gt;</a>&nbsp;&nbsp;&nbsp;nn_special_params_struct_create_init
</UL>

<P><STRONG><a name="[22a]"></a>nn_div_struct_init</STRONG> (Thumb, 48 bytes, Stack size 16 bytes, gd_nn_special_op_and_quan.o(.text))
<BR><BR>[Stack]<UL><LI>Max Depth = 16<LI>Call Chain = nn_div_struct_init
</UL>
<BR>[Calls]<UL><LI><a href="#[232]">&gt;&gt;</a>&nbsp;&nbsp;&nbsp;read_nn_f32
<LI><a href="#[200]">&gt;&gt;</a>&nbsp;&nbsp;&nbsp;read_nn_int32
</UL>
<BR>[Called By]<UL><LI><a href="#[1f7]">&gt;&gt;</a>&nbsp;&nbsp;&nbsp;nn_special_params_struct_create_init
</UL>

<P><STRONG><a name="[22b]"></a>nn_rsqrt_struct_init</STRONG> (Thumb, 64 bytes, Stack size 16 bytes, gd_nn_special_op_and_quan.o(.text))
<BR><BR>[Stack]<UL><LI>Max Depth = 16<LI>Call Chain = nn_rsqrt_struct_init
</UL>
<BR>[Calls]<UL><LI><a href="#[200]">&gt;&gt;</a>&nbsp;&nbsp;&nbsp;read_nn_int32
</UL>
<BR>[Called By]<UL><LI><a href="#[1f7]">&gt;&gt;</a>&nbsp;&nbsp;&nbsp;nn_special_params_struct_create_init
</UL>

<P><STRONG><a name="[22c]"></a>nn_resize_bilinear_struct_init</STRONG> (Thumb, 52 bytes, Stack size 16 bytes, gd_nn_special_op_and_quan.o(.text))
<BR><BR>[Stack]<UL><LI>Max Depth = 16<LI>Call Chain = nn_resize_bilinear_struct_init
</UL>
<BR>[Calls]<UL><LI><a href="#[200]">&gt;&gt;</a>&nbsp;&nbsp;&nbsp;read_nn_int32
<LI><a href="#[1c7]">&gt;&gt;</a>&nbsp;&nbsp;&nbsp;read_nn_uint16
</UL>
<BR>[Called By]<UL><LI><a href="#[1f7]">&gt;&gt;</a>&nbsp;&nbsp;&nbsp;nn_special_params_struct_create_init
</UL>

<P><STRONG><a name="[22d]"></a>nn_mirror_pad_struct_init</STRONG> (Thumb, 124 bytes, Stack size 16 bytes, gd_nn_special_op_and_quan.o(.text))
<BR><BR>[Stack]<UL><LI>Max Depth = 16<LI>Call Chain = nn_mirror_pad_struct_init
</UL>
<BR>[Calls]<UL><LI><a href="#[200]">&gt;&gt;</a>&nbsp;&nbsp;&nbsp;read_nn_int32
</UL>
<BR>[Called By]<UL><LI><a href="#[1f7]">&gt;&gt;</a>&nbsp;&nbsp;&nbsp;nn_special_params_struct_create_init
</UL>

<P><STRONG><a name="[22e]"></a>nn_gelu_struct_init</STRONG> (Thumb, 68 bytes, Stack size 16 bytes, gd_nn_special_op_and_quan.o(.text))
<BR><BR>[Stack]<UL><LI>Max Depth = 16<LI>Call Chain = nn_gelu_struct_init
</UL>
<BR>[Calls]<UL><LI><a href="#[232]">&gt;&gt;</a>&nbsp;&nbsp;&nbsp;read_nn_f32
<LI><a href="#[200]">&gt;&gt;</a>&nbsp;&nbsp;&nbsp;read_nn_int32
</UL>
<BR>[Called By]<UL><LI><a href="#[1f7]">&gt;&gt;</a>&nbsp;&nbsp;&nbsp;nn_special_params_struct_create_init
</UL>

<P><STRONG><a name="[22f]"></a>nn_unpack_struct_init</STRONG> (Thumb, 32 bytes, Stack size 16 bytes, gd_nn_special_op_and_quan.o(.text))
<BR><BR>[Stack]<UL><LI>Max Depth = 16<LI>Call Chain = nn_unpack_struct_init
</UL>
<BR>[Calls]<UL><LI><a href="#[200]">&gt;&gt;</a>&nbsp;&nbsp;&nbsp;read_nn_int32
</UL>
<BR>[Called By]<UL><LI><a href="#[1f7]">&gt;&gt;</a>&nbsp;&nbsp;&nbsp;nn_special_params_struct_create_init
</UL>

<P><STRONG><a name="[230]"></a>nn_slice_struct_init</STRONG> (Thumb, 136 bytes, Stack size 16 bytes, gd_nn_special_op_and_quan.o(.text))
<BR><BR>[Stack]<UL><LI>Max Depth = 16<LI>Call Chain = nn_slice_struct_init
</UL>
<BR>[Calls]<UL><LI><a href="#[200]">&gt;&gt;</a>&nbsp;&nbsp;&nbsp;read_nn_int32
<LI><a href="#[233]">&gt;&gt;</a>&nbsp;&nbsp;&nbsp;read_nn_int16
</UL>
<BR>[Called By]<UL><LI><a href="#[1f7]">&gt;&gt;</a>&nbsp;&nbsp;&nbsp;nn_special_params_struct_create_init
</UL>

<P><STRONG><a name="[231]"></a>nn_batch_matmul_struct_init</STRONG> (Thumb, 148 bytes, Stack size 16 bytes, gd_nn_special_op_and_quan.o(.text))
<BR><BR>[Stack]<UL><LI>Max Depth = 16<LI>Call Chain = nn_batch_matmul_struct_init
</UL>
<BR>[Calls]<UL><LI><a href="#[232]">&gt;&gt;</a>&nbsp;&nbsp;&nbsp;read_nn_f32
<LI><a href="#[200]">&gt;&gt;</a>&nbsp;&nbsp;&nbsp;read_nn_int32
<LI><a href="#[233]">&gt;&gt;</a>&nbsp;&nbsp;&nbsp;read_nn_int16
</UL>
<BR>[Called By]<UL><LI><a href="#[1f7]">&gt;&gt;</a>&nbsp;&nbsp;&nbsp;nn_special_params_struct_create_init
</UL>

<P><STRONG><a name="[27e]"></a>_fp_digits</STRONG> (Thumb, 366 bytes, Stack size 64 bytes, printfa.o(i._fp_digits), UNUSED)
<BR><BR>[Calls]<UL><LI><a href="#[26e]">&gt;&gt;</a>&nbsp;&nbsp;&nbsp;__aeabi_dmul
<LI><a href="#[26f]">&gt;&gt;</a>&nbsp;&nbsp;&nbsp;__aeabi_ddiv
<LI><a href="#[268]">&gt;&gt;</a>&nbsp;&nbsp;&nbsp;__aeabi_dadd
<LI><a href="#[270]">&gt;&gt;</a>&nbsp;&nbsp;&nbsp;__aeabi_d2ulz
<LI><a href="#[27f]">&gt;&gt;</a>&nbsp;&nbsp;&nbsp;__aeabi_cdrcmple
<LI><a href="#[264]">&gt;&gt;</a>&nbsp;&nbsp;&nbsp;__aeabi_uldivmod
</UL>
<BR>[Called By]<UL><LI><a href="#[274]">&gt;&gt;</a>&nbsp;&nbsp;&nbsp;_printf_core
</UL>

<P><STRONG><a name="[274]"></a>_printf_core</STRONG> (Thumb, 1744 bytes, Stack size 136 bytes, printfa.o(i._printf_core), UNUSED)
<BR><BR>[Calls]<UL><LI><a href="#[282]">&gt;&gt;</a>&nbsp;&nbsp;&nbsp;__aeabi_uidivmod
<LI><a href="#[280]">&gt;&gt;</a>&nbsp;&nbsp;&nbsp;_printf_pre_padding
<LI><a href="#[281]">&gt;&gt;</a>&nbsp;&nbsp;&nbsp;_printf_post_padding
<LI><a href="#[27e]">&gt;&gt;</a>&nbsp;&nbsp;&nbsp;_fp_digits
<LI><a href="#[264]">&gt;&gt;</a>&nbsp;&nbsp;&nbsp;__aeabi_uldivmod
</UL>
<BR>[Called By]<UL><LI><a href="#[276]">&gt;&gt;</a>&nbsp;&nbsp;&nbsp;__0vsnprintf
<LI><a href="#[275]">&gt;&gt;</a>&nbsp;&nbsp;&nbsp;__0snprintf
<LI><a href="#[273]">&gt;&gt;</a>&nbsp;&nbsp;&nbsp;__0printf
</UL>

<P><STRONG><a name="[281]"></a>_printf_post_padding</STRONG> (Thumb, 36 bytes, Stack size 24 bytes, printfa.o(i._printf_post_padding), UNUSED)
<BR><BR>[Called By]<UL><LI><a href="#[274]">&gt;&gt;</a>&nbsp;&nbsp;&nbsp;_printf_core
</UL>

<P><STRONG><a name="[280]"></a>_printf_pre_padding</STRONG> (Thumb, 46 bytes, Stack size 24 bytes, printfa.o(i._printf_pre_padding), UNUSED)
<BR><BR>[Called By]<UL><LI><a href="#[274]">&gt;&gt;</a>&nbsp;&nbsp;&nbsp;_printf_core
</UL>

<P><STRONG><a name="[be]"></a>_snputc</STRONG> (Thumb, 22 bytes, Stack size 0 bytes, printfa.o(i._snputc))
<BR>[Address Reference Count : 2]<UL><LI> printfa.o(i.__0snprintf)
<LI> printfa.o(i.__0vsnprintf)
</UL><P>
<H3>
Undefined Global Symbols
</H3><HR></body></html>
