<!doctype html public "-//w3c//dtd html 4.0 transitional//en">
<html><head>
<title>Static Call Graph - [.\output\GD32H759.axf]</title></head>
<body><HR>
<H1>Static Call Graph for image .\output\GD32H759.axf</H1><HR>
<BR><P>#&#060CALLGRAPH&#062# ARM Linker, 6220000: Last Updated: Tue May  5 12:50:34 2026
<BR><P>
<H3>Maximum Stack Usage =        764 bytes + Unknown(Cycles, Untraceable Function Pointers)</H3><H3>
Call chain for Maximum Stack Depth:</H3>
nn_wrapper_conv_2d_func &rArr; arm_convolve_s8_with_group &rArr; arm_nn_mat_mult_kernel_s8_s16_cmsis600
<P>
<H3>
Mutually Recursive functions
</H3> <LI><a href="#[4]">NMI_Handler</a>&nbsp;&nbsp;&nbsp;&rArr;&nbsp;&nbsp;&nbsp;<a href="#[4]">NMI_Handler</a><BR>
 <LI><a href="#[5]">HardFault_Handler</a>&nbsp;&nbsp;&nbsp;&rArr;&nbsp;&nbsp;&nbsp;<a href="#[5]">HardFault_Handler</a><BR>
 <LI><a href="#[6]">MemManage_Handler</a>&nbsp;&nbsp;&nbsp;&rArr;&nbsp;&nbsp;&nbsp;<a href="#[6]">MemManage_Handler</a><BR>
 <LI><a href="#[7]">BusFault_Handler</a>&nbsp;&nbsp;&nbsp;&rArr;&nbsp;&nbsp;&nbsp;<a href="#[7]">BusFault_Handler</a><BR>
 <LI><a href="#[8]">UsageFault_Handler</a>&nbsp;&nbsp;&nbsp;&rArr;&nbsp;&nbsp;&nbsp;<a href="#[8]">UsageFault_Handler</a><BR>
 <LI><a href="#[a]">DebugMon_Handler</a>&nbsp;&nbsp;&nbsp;&rArr;&nbsp;&nbsp;&nbsp;<a href="#[a]">DebugMon_Handler</a><BR>
 <LI><a href="#[9]">SVC_Handler</a>&nbsp;&nbsp;&nbsp;&rArr;&nbsp;&nbsp;&nbsp;<a href="#[9]">SVC_Handler</a><BR>
 <LI><a href="#[b]">PendSV_Handler</a>&nbsp;&nbsp;&nbsp;&rArr;&nbsp;&nbsp;&nbsp;<a href="#[b]">PendSV_Handler</a><BR>
 <LI><a href="#[1f]">ADC0_1_IRQHandler</a>&nbsp;&nbsp;&nbsp;&rArr;&nbsp;&nbsp;&nbsp;<a href="#[1f]">ADC0_1_IRQHandler</a><BR>
</UL>
<P>
<H3>
Function Pointers
</H3><UL>
 <LI><a href="#[1f]">ADC0_1_IRQHandler</a> from startup_gd32h7xx.o(.text) referenced from startup_gd32h7xx.o(RESET)
 <LI><a href="#[70]">ADC2_IRQHandler</a> from startup_gd32h7xx.o(.text) referenced from startup_gd32h7xx.o(RESET)
 <LI><a href="#[e]">AVD_LVD_OVD_IRQHandler</a> from startup_gd32h7xx.o(.text) referenced from startup_gd32h7xx.o(RESET)
 <LI><a href="#[7]">BusFault_Handler</a> from gd32h7xx_it.o(.text) referenced from startup_gd32h7xx.o(RESET)
 <LI><a href="#[8c]">CAN0_Busoff_IRQHandler</a> from startup_gd32h7xx.o(.text) referenced from startup_gd32h7xx.o(RESET)
 <LI><a href="#[8d]">CAN0_Error_IRQHandler</a> from startup_gd32h7xx.o(.text) referenced from startup_gd32h7xx.o(RESET)
 <LI><a href="#[8e]">CAN0_FastError_IRQHandler</a> from startup_gd32h7xx.o(.text) referenced from startup_gd32h7xx.o(RESET)
 <LI><a href="#[8b]">CAN0_Message_IRQHandler</a> from startup_gd32h7xx.o(.text) referenced from startup_gd32h7xx.o(RESET)
 <LI><a href="#[90]">CAN0_REC_IRQHandler</a> from startup_gd32h7xx.o(.text) referenced from startup_gd32h7xx.o(RESET)
 <LI><a href="#[8f]">CAN0_TEC_IRQHandler</a> from startup_gd32h7xx.o(.text) referenced from startup_gd32h7xx.o(RESET)
 <LI><a href="#[8a]">CAN0_WKUP_IRQHandler</a> from startup_gd32h7xx.o(.text) referenced from startup_gd32h7xx.o(RESET)
 <LI><a href="#[93]">CAN1_Busoff_IRQHandler</a> from startup_gd32h7xx.o(.text) referenced from startup_gd32h7xx.o(RESET)
 <LI><a href="#[94]">CAN1_Error_IRQHandler</a> from startup_gd32h7xx.o(.text) referenced from startup_gd32h7xx.o(RESET)
 <LI><a href="#[95]">CAN1_FastError_IRQHandler</a> from startup_gd32h7xx.o(.text) referenced from startup_gd32h7xx.o(RESET)
 <LI><a href="#[92]">CAN1_Message_IRQHandler</a> from startup_gd32h7xx.o(.text) referenced from startup_gd32h7xx.o(RESET)
 <LI><a href="#[97]">CAN1_REC_IRQHandler</a> from startup_gd32h7xx.o(.text) referenced from startup_gd32h7xx.o(RESET)
 <LI><a href="#[96]">CAN1_TEC_IRQHandler</a> from startup_gd32h7xx.o(.text) referenced from startup_gd32h7xx.o(RESET)
 <LI><a href="#[91]">CAN1_WKUP_IRQHandler</a> from startup_gd32h7xx.o(.text) referenced from startup_gd32h7xx.o(RESET)
 <LI><a href="#[9a]">CAN2_Busoff_IRQHandler</a> from startup_gd32h7xx.o(.text) referenced from startup_gd32h7xx.o(RESET)
 <LI><a href="#[9b]">CAN2_Error_IRQHandler</a> from startup_gd32h7xx.o(.text) referenced from startup_gd32h7xx.o(RESET)
 <LI><a href="#[9c]">CAN2_FastError_IRQHandler</a> from startup_gd32h7xx.o(.text) referenced from startup_gd32h7xx.o(RESET)
 <LI><a href="#[99]">CAN2_Message_IRQHandler</a> from startup_gd32h7xx.o(.text) referenced from startup_gd32h7xx.o(RESET)
 <LI><a href="#[9e]">CAN2_REC_IRQHandler</a> from startup_gd32h7xx.o(.text) referenced from startup_gd32h7xx.o(RESET)
 <LI><a href="#[9d]">CAN2_TEC_IRQHandler</a> from startup_gd32h7xx.o(.text) referenced from startup_gd32h7xx.o(RESET)
 <LI><a href="#[98]">CAN2_WKUP_IRQHandler</a> from startup_gd32h7xx.o(.text) referenced from startup_gd32h7xx.o(RESET)
 <LI><a href="#[52]">CAU_IRQHandler</a> from startup_gd32h7xx.o(.text) referenced from startup_gd32h7xx.o(RESET)
 <LI><a href="#[71]">CMP0_1_IRQHandler</a> from startup_gd32h7xx.o(.text) referenced from startup_gd32h7xx.o(RESET)
 <LI><a href="#[72]">CTC_IRQHandler</a> from startup_gd32h7xx.o(.text) referenced from startup_gd32h7xx.o(RESET)
 <LI><a href="#[51]">DCI_IRQHandler</a> from startup_gd32h7xx.o(.text) referenced from startup_gd32h7xx.o(RESET)
 <LI><a href="#[18]">DMA0_Channel0_IRQHandler</a> from startup_gd32h7xx.o(.text) referenced from startup_gd32h7xx.o(RESET)
 <LI><a href="#[19]">DMA0_Channel1_IRQHandler</a> from startup_gd32h7xx.o(.text) referenced from startup_gd32h7xx.o(RESET)
 <LI><a href="#[1a]">DMA0_Channel2_IRQHandler</a> from startup_gd32h7xx.o(.text) referenced from startup_gd32h7xx.o(RESET)
 <LI><a href="#[1b]">DMA0_Channel3_IRQHandler</a> from startup_gd32h7xx.o(.text) referenced from startup_gd32h7xx.o(RESET)
 <LI><a href="#[1c]">DMA0_Channel4_IRQHandler</a> from startup_gd32h7xx.o(.text) referenced from startup_gd32h7xx.o(RESET)
 <LI><a href="#[1d]">DMA0_Channel5_IRQHandler</a> from startup_gd32h7xx.o(.text) referenced from startup_gd32h7xx.o(RESET)
 <LI><a href="#[1e]">DMA0_Channel6_IRQHandler</a> from startup_gd32h7xx.o(.text) referenced from startup_gd32h7xx.o(RESET)
 <LI><a href="#[37]">DMA0_Channel7_IRQHandler</a> from startup_gd32h7xx.o(.text) referenced from startup_gd32h7xx.o(RESET)
 <LI><a href="#[40]">DMA1_Channel0_IRQHandler</a> from startup_gd32h7xx.o(.text) referenced from startup_gd32h7xx.o(RESET)
 <LI><a href="#[41]">DMA1_Channel1_IRQHandler</a> from startup_gd32h7xx.o(.text) referenced from startup_gd32h7xx.o(RESET)
 <LI><a href="#[42]">DMA1_Channel2_IRQHandler</a> from startup_gd32h7xx.o(.text) referenced from startup_gd32h7xx.o(RESET)
 <LI><a href="#[43]">DMA1_Channel3_IRQHandler</a> from startup_gd32h7xx.o(.text) referenced from startup_gd32h7xx.o(RESET)
 <LI><a href="#[44]">DMA1_Channel4_IRQHandler</a> from startup_gd32h7xx.o(.text) referenced from startup_gd32h7xx.o(RESET)
 <LI><a href="#[47]">DMA1_Channel5_IRQHandler</a> from startup_gd32h7xx.o(.text) referenced from startup_gd32h7xx.o(RESET)
 <LI><a href="#[48]">DMA1_Channel6_IRQHandler</a> from startup_gd32h7xx.o(.text) referenced from startup_gd32h7xx.o(RESET)
 <LI><a href="#[49]">DMA1_Channel7_IRQHandler</a> from startup_gd32h7xx.o(.text) referenced from startup_gd32h7xx.o(RESET)
 <LI><a href="#[63]">DMAMUX_OVR_IRQHandler</a> from startup_gd32h7xx.o(.text) referenced from startup_gd32h7xx.o(RESET)
 <LI><a href="#[a]">DebugMon_Handler</a> from gd32h7xx_it.o(.text) referenced from startup_gd32h7xx.o(RESET)
 <LI><a href="#[9f]">EFUSE_IRQHandler</a> from startup_gd32h7xx.o(.text) referenced from startup_gd32h7xx.o(RESET)
 <LI><a href="#[45]">ENET0_IRQHandler</a> from startup_gd32h7xx.o(.text) referenced from startup_gd32h7xx.o(RESET)
 <LI><a href="#[46]">ENET0_WKUP_IRQHandler</a> from startup_gd32h7xx.o(.text) referenced from startup_gd32h7xx.o(RESET)
 <LI><a href="#[88]">ENET1_IRQHandler</a> from startup_gd32h7xx.o(.text) referenced from startup_gd32h7xx.o(RESET)
 <LI><a href="#[89]">ENET1_WKUP_IRQHandler</a> from startup_gd32h7xx.o(.text) referenced from startup_gd32h7xx.o(RESET)
 <LI><a href="#[38]">EXMC_IRQHandler</a> from startup_gd32h7xx.o(.text) referenced from startup_gd32h7xx.o(RESET)
 <LI><a href="#[13]">EXTI0_IRQHandler</a> from startup_gd32h7xx.o(.text) referenced from startup_gd32h7xx.o(RESET)
 <LI><a href="#[31]">EXTI10_15_IRQHandler</a> from startup_gd32h7xx.o(.text) referenced from startup_gd32h7xx.o(RESET)
 <LI><a href="#[14]">EXTI1_IRQHandler</a> from startup_gd32h7xx.o(.text) referenced from startup_gd32h7xx.o(RESET)
 <LI><a href="#[15]">EXTI2_IRQHandler</a> from startup_gd32h7xx.o(.text) referenced from startup_gd32h7xx.o(RESET)
 <LI><a href="#[16]">EXTI3_IRQHandler</a> from startup_gd32h7xx.o(.text) referenced from startup_gd32h7xx.o(RESET)
 <LI><a href="#[17]">EXTI4_IRQHandler</a> from startup_gd32h7xx.o(.text) referenced from startup_gd32h7xx.o(RESET)
 <LI><a href="#[20]">EXTI5_9_IRQHandler</a> from startup_gd32h7xx.o(.text) referenced from startup_gd32h7xx.o(RESET)
 <LI><a href="#[77]">FAC_IRQHandler</a> from startup_gd32h7xx.o(.text) referenced from startup_gd32h7xx.o(RESET)
 <LI><a href="#[11]">FMC_IRQHandler</a> from startup_gd32h7xx.o(.text) referenced from startup_gd32h7xx.o(RESET)
 <LI><a href="#[54]">FPU_IRQHandler</a> from startup_gd32h7xx.o(.text) referenced from startup_gd32h7xx.o(RESET)
 <LI><a href="#[53]">HAU_TRNG_IRQHandler</a> from startup_gd32h7xx.o(.text) referenced from startup_gd32h7xx.o(RESET)
 <LI><a href="#[64]">HPDF_INT0_IRQHandler</a> from startup_gd32h7xx.o(.text) referenced from startup_gd32h7xx.o(RESET)
 <LI><a href="#[65]">HPDF_INT1_IRQHandler</a> from startup_gd32h7xx.o(.text) referenced from startup_gd32h7xx.o(RESET)
 <LI><a href="#[66]">HPDF_INT2_IRQHandler</a> from startup_gd32h7xx.o(.text) referenced from startup_gd32h7xx.o(RESET)
 <LI><a href="#[67]">HPDF_INT3_IRQHandler</a> from startup_gd32h7xx.o(.text) referenced from startup_gd32h7xx.o(RESET)
 <LI><a href="#[6f]">HWSEM_IRQHandler</a> from startup_gd32h7xx.o(.text) referenced from startup_gd32h7xx.o(RESET)
 <LI><a href="#[5]">HardFault_Handler</a> from gd32h7xx_it.o(.text) referenced from startup_gd32h7xx.o(RESET)
 <LI><a href="#[29]">I2C0_ER_IRQHandler</a> from startup_gd32h7xx.o(.text) referenced from startup_gd32h7xx.o(RESET)
 <LI><a href="#[28]">I2C0_EV_IRQHandler</a> from startup_gd32h7xx.o(.text) referenced from startup_gd32h7xx.o(RESET)
 <LI><a href="#[a0]">I2C0_WKUP_IRQHandler</a> from startup_gd32h7xx.o(.text) referenced from startup_gd32h7xx.o(RESET)
 <LI><a href="#[2b]">I2C1_ER_IRQHandler</a> from startup_gd32h7xx.o(.text) referenced from startup_gd32h7xx.o(RESET)
 <LI><a href="#[2a]">I2C1_EV_IRQHandler</a> from startup_gd32h7xx.o(.text) referenced from startup_gd32h7xx.o(RESET)
 <LI><a href="#[a1]">I2C1_WKUP_IRQHandler</a> from startup_gd32h7xx.o(.text) referenced from startup_gd32h7xx.o(RESET)
 <LI><a href="#[4c]">I2C2_ER_IRQHandler</a> from startup_gd32h7xx.o(.text) referenced from startup_gd32h7xx.o(RESET)
 <LI><a href="#[4b]">I2C2_EV_IRQHandler</a> from startup_gd32h7xx.o(.text) referenced from startup_gd32h7xx.o(RESET)
 <LI><a href="#[a2]">I2C2_WKUP_IRQHandler</a> from startup_gd32h7xx.o(.text) referenced from startup_gd32h7xx.o(RESET)
 <LI><a href="#[61]">I2C3_ER_IRQHandler</a> from startup_gd32h7xx.o(.text) referenced from startup_gd32h7xx.o(RESET)
 <LI><a href="#[60]">I2C3_EV_IRQHandler</a> from startup_gd32h7xx.o(.text) referenced from startup_gd32h7xx.o(RESET)
 <LI><a href="#[a3]">I2C3_WKUP_IRQHandler</a> from startup_gd32h7xx.o(.text) referenced from startup_gd32h7xx.o(RESET)
 <LI><a href="#[5d]">IPA_IRQHandler</a> from startup_gd32h7xx.o(.text) referenced from startup_gd32h7xx.o(RESET)
 <LI><a href="#[a4]">LPDTS_IRQHandler</a> from startup_gd32h7xx.o(.text) referenced from startup_gd32h7xx.o(RESET)
 <LI><a href="#[a5]">LPDTS_WKUP_IRQHandler</a> from startup_gd32h7xx.o(.text) referenced from startup_gd32h7xx.o(RESET)
 <LI><a href="#[6c]">MDIO_IRQHandler</a> from startup_gd32h7xx.o(.text) referenced from startup_gd32h7xx.o(RESET)
 <LI><a href="#[6d]">MDMA_IRQHandler</a> from startup_gd32h7xx.o(.text) referenced from startup_gd32h7xx.o(RESET)
 <LI><a href="#[6]">MemManage_Handler</a> from gd32h7xx_it.o(.text) referenced from startup_gd32h7xx.o(RESET)
 <LI><a href="#[4]">NMI_Handler</a> from gd32h7xx_it.o(.text) referenced from startup_gd32h7xx.o(RESET)
 <LI><a href="#[5f]">OSPI0_IRQHandler</a> from startup_gd32h7xx.o(.text) referenced from startup_gd32h7xx.o(RESET)
 <LI><a href="#[74]">OSPI1_IRQHandler</a> from startup_gd32h7xx.o(.text) referenced from startup_gd32h7xx.o(RESET)
 <LI><a href="#[b]">PendSV_Handler</a> from gd32h7xx_it.o(.text) referenced from startup_gd32h7xx.o(RESET)
 <LI><a href="#[73]">RAMECCMU_IRQHandler</a> from startup_gd32h7xx.o(.text) referenced from startup_gd32h7xx.o(RESET)
 <LI><a href="#[12]">RCU_IRQHandler</a> from startup_gd32h7xx.o(.text) referenced from startup_gd32h7xx.o(RESET)
 <LI><a href="#[62]">RSPDIF_IRQHandler</a> from startup_gd32h7xx.o(.text) referenced from startup_gd32h7xx.o(RESET)
 <LI><a href="#[32]">RTC_Alarm_IRQHandler</a> from startup_gd32h7xx.o(.text) referenced from startup_gd32h7xx.o(RESET)
 <LI><a href="#[10]">RTC_WKUP_IRQHandler</a> from startup_gd32h7xx.o(.text) referenced from startup_gd32h7xx.o(RESET)
 <LI><a href="#[75]">RTDEC0_IRQHandler</a> from startup_gd32h7xx.o(.text) referenced from startup_gd32h7xx.o(RESET)
 <LI><a href="#[76]">RTDEC1_IRQHandler</a> from startup_gd32h7xx.o(.text) referenced from startup_gd32h7xx.o(RESET)
 <LI><a href="#[3]">Reset_Handler</a> from startup_gd32h7xx.o(.text) referenced from startup_gd32h7xx.o(RESET)
 <LI><a href="#[5a]">SAI0_IRQHandler</a> from startup_gd32h7xx.o(.text) referenced from startup_gd32h7xx.o(RESET)
 <LI><a href="#[5e]">SAI1_IRQHandler</a> from startup_gd32h7xx.o(.text) referenced from startup_gd32h7xx.o(RESET)
 <LI><a href="#[68]">SAI2_IRQHandler</a> from startup_gd32h7xx.o(.text) referenced from startup_gd32h7xx.o(RESET)
 <LI><a href="#[39]">SDIO0_IRQHandler</a> from startup_gd32h7xx.o(.text) referenced from startup_gd32h7xx.o(RESET)
 <LI><a href="#[6e]">SDIO1_IRQHandler</a> from startup_gd32h7xx.o(.text) referenced from startup_gd32h7xx.o(RESET)
 <LI><a href="#[2c]">SPI0_IRQHandler</a> from startup_gd32h7xx.o(.text) referenced from startup_gd32h7xx.o(RESET)
 <LI><a href="#[2d]">SPI1_IRQHandler</a> from startup_gd32h7xx.o(.text) referenced from startup_gd32h7xx.o(RESET)
 <LI><a href="#[3b]">SPI2_IRQHandler</a> from startup_gd32h7xx.o(.text) referenced from startup_gd32h7xx.o(RESET)
 <LI><a href="#[57]">SPI3_IRQHandler</a> from startup_gd32h7xx.o(.text) referenced from startup_gd32h7xx.o(RESET)
 <LI><a href="#[58]">SPI4_IRQHandler</a> from startup_gd32h7xx.o(.text) referenced from startup_gd32h7xx.o(RESET)
 <LI><a href="#[59]">SPI5_IRQHandler</a> from startup_gd32h7xx.o(.text) referenced from startup_gd32h7xx.o(RESET)
 <LI><a href="#[9]">SVC_Handler</a> from gd32h7xx_it.o(.text) referenced from startup_gd32h7xx.o(RESET)
 <LI><a href="#[c]">SysTick_Handler</a> from gd32h7xx_it.o(.text) referenced from startup_gd32h7xx.o(RESET)
 <LI><a href="#[b1]">SystemInit</a> from system_gd32h7xx.o(.text) referenced from startup_gd32h7xx.o(.text)
 <LI><a href="#[f]">TAMPER_STAMP_LXTAL_IRQHandler</a> from startup_gd32h7xx.o(.text) referenced from startup_gd32h7xx.o(RESET)
 <LI><a href="#[21]">TIMER0_BRK_IRQHandler</a> from startup_gd32h7xx.o(.text) referenced from startup_gd32h7xx.o(RESET)
 <LI><a href="#[24]">TIMER0_Channel_IRQHandler</a> from startup_gd32h7xx.o(.text) referenced from startup_gd32h7xx.o(RESET)
 <LI><a href="#[a6]">TIMER0_DEC_IRQHandler</a> from startup_gd32h7xx.o(.text) referenced from startup_gd32h7xx.o(RESET)
 <LI><a href="#[23]">TIMER0_TRG_CMT_IRQHandler</a> from startup_gd32h7xx.o(.text) referenced from startup_gd32h7xx.o(RESET)
 <LI><a href="#[22]">TIMER0_UP_IRQHandler</a> from startup_gd32h7xx.o(.text) referenced from startup_gd32h7xx.o(RESET)
 <LI><a href="#[69]">TIMER14_IRQHandler</a> from startup_gd32h7xx.o(.text) referenced from startup_gd32h7xx.o(RESET)
 <LI><a href="#[6a]">TIMER15_IRQHandler</a> from startup_gd32h7xx.o(.text) referenced from startup_gd32h7xx.o(RESET)
 <LI><a href="#[6b]">TIMER16_IRQHandler</a> from startup_gd32h7xx.o(.text) referenced from startup_gd32h7xx.o(RESET)
 <LI><a href="#[a8]">TIMER1_DEC_IRQHandler</a> from startup_gd32h7xx.o(.text) referenced from startup_gd32h7xx.o(RESET)
 <LI><a href="#[25]">TIMER1_IRQHandler</a> from startup_gd32h7xx.o(.text) referenced from startup_gd32h7xx.o(RESET)
 <LI><a href="#[ac]">TIMER22_DEC_IRQHandler</a> from startup_gd32h7xx.o(.text) referenced from startup_gd32h7xx.o(RESET)
 <LI><a href="#[79]">TIMER22_IRQHandler</a> from startup_gd32h7xx.o(.text) referenced from startup_gd32h7xx.o(RESET)
 <LI><a href="#[ad]">TIMER23_DEC_IRQHandler</a> from startup_gd32h7xx.o(.text) referenced from startup_gd32h7xx.o(RESET)
 <LI><a href="#[7a]">TIMER23_IRQHandler</a> from startup_gd32h7xx.o(.text) referenced from startup_gd32h7xx.o(RESET)
 <LI><a href="#[a9]">TIMER2_DEC_IRQHandler</a> from startup_gd32h7xx.o(.text) referenced from startup_gd32h7xx.o(RESET)
 <LI><a href="#[26]">TIMER2_IRQHandler</a> from startup_gd32h7xx.o(.text) referenced from startup_gd32h7xx.o(RESET)
 <LI><a href="#[ae]">TIMER30_DEC_IRQHandler</a> from startup_gd32h7xx.o(.text) referenced from startup_gd32h7xx.o(RESET)
 <LI><a href="#[7b]">TIMER30_IRQHandler</a> from startup_gd32h7xx.o(.text) referenced from startup_gd32h7xx.o(RESET)
 <LI><a href="#[af]">TIMER31_DEC_IRQHandler</a> from startup_gd32h7xx.o(.text) referenced from startup_gd32h7xx.o(RESET)
 <LI><a href="#[7c]">TIMER31_IRQHandler</a> from startup_gd32h7xx.o(.text) referenced from startup_gd32h7xx.o(RESET)
 <LI><a href="#[aa]">TIMER3_DEC_IRQHandler</a> from startup_gd32h7xx.o(.text) referenced from startup_gd32h7xx.o(RESET)
 <LI><a href="#[27]">TIMER3_IRQHandler</a> from startup_gd32h7xx.o(.text) referenced from startup_gd32h7xx.o(RESET)
 <LI><a href="#[7d]">TIMER40_IRQHandler</a> from startup_gd32h7xx.o(.text) referenced from startup_gd32h7xx.o(RESET)
 <LI><a href="#[7e]">TIMER41_IRQHandler</a> from startup_gd32h7xx.o(.text) referenced from startup_gd32h7xx.o(RESET)
 <LI><a href="#[7f]">TIMER42_IRQHandler</a> from startup_gd32h7xx.o(.text) referenced from startup_gd32h7xx.o(RESET)
 <LI><a href="#[80]">TIMER43_IRQHandler</a> from startup_gd32h7xx.o(.text) referenced from startup_gd32h7xx.o(RESET)
 <LI><a href="#[81]">TIMER44_IRQHandler</a> from startup_gd32h7xx.o(.text) referenced from startup_gd32h7xx.o(RESET)
 <LI><a href="#[ab]">TIMER4_DEC_IRQHandler</a> from startup_gd32h7xx.o(.text) referenced from startup_gd32h7xx.o(RESET)
 <LI><a href="#[3a]">TIMER4_IRQHandler</a> from startup_gd32h7xx.o(.text) referenced from startup_gd32h7xx.o(RESET)
 <LI><a href="#[82]">TIMER50_IRQHandler</a> from startup_gd32h7xx.o(.text) referenced from startup_gd32h7xx.o(RESET)
 <LI><a href="#[83]">TIMER51_IRQHandler</a> from startup_gd32h7xx.o(.text) referenced from startup_gd32h7xx.o(RESET)
 <LI><a href="#[3e]">TIMER5_DAC_UDR_IRQHandler</a> from startup_gd32h7xx.o(.text) referenced from startup_gd32h7xx.o(RESET)
 <LI><a href="#[3f]">TIMER6_IRQHandler</a> from startup_gd32h7xx.o(.text) referenced from startup_gd32h7xx.o(RESET)
 <LI><a href="#[33]">TIMER7_BRK_IRQHandler</a> from startup_gd32h7xx.o(.text) referenced from startup_gd32h7xx.o(RESET)
 <LI><a href="#[36]">TIMER7_Channel_IRQHandler</a> from startup_gd32h7xx.o(.text) referenced from startup_gd32h7xx.o(RESET)
 <LI><a href="#[a7]">TIMER7_DEC_IRQHandler</a> from startup_gd32h7xx.o(.text) referenced from startup_gd32h7xx.o(RESET)
 <LI><a href="#[35]">TIMER7_TRG_CMT_IRQHandler</a> from startup_gd32h7xx.o(.text) referenced from startup_gd32h7xx.o(RESET)
 <LI><a href="#[34]">TIMER7_UP_IRQHandler</a> from startup_gd32h7xx.o(.text) referenced from startup_gd32h7xx.o(RESET)
 <LI><a href="#[5c]">TLI_ER_IRQHandler</a> from startup_gd32h7xx.o(.text) referenced from startup_gd32h7xx.o(RESET)
 <LI><a href="#[5b]">TLI_IRQHandler</a> from startup_gd32h7xx.o(.text) referenced from startup_gd32h7xx.o(RESET)
 <LI><a href="#[78]">TMU_IRQHandler</a> from startup_gd32h7xx.o(.text) referenced from startup_gd32h7xx.o(RESET)
 <LI><a href="#[3c]">UART3_IRQHandler</a> from startup_gd32h7xx.o(.text) referenced from startup_gd32h7xx.o(RESET)
 <LI><a href="#[3d]">UART4_IRQHandler</a> from startup_gd32h7xx.o(.text) referenced from startup_gd32h7xx.o(RESET)
 <LI><a href="#[55]">UART6_IRQHandler</a> from startup_gd32h7xx.o(.text) referenced from startup_gd32h7xx.o(RESET)
 <LI><a href="#[56]">UART7_IRQHandler</a> from startup_gd32h7xx.o(.text) referenced from startup_gd32h7xx.o(RESET)
 <LI><a href="#[2e]">USART0_IRQHandler</a> from startup_gd32h7xx.o(.text) referenced from startup_gd32h7xx.o(RESET)
 <LI><a href="#[2f]">USART1_IRQHandler</a> from startup_gd32h7xx.o(.text) referenced from startup_gd32h7xx.o(RESET)
 <LI><a href="#[30]">USART2_IRQHandler</a> from startup_gd32h7xx.o(.text) referenced from startup_gd32h7xx.o(RESET)
 <LI><a href="#[4a]">USART5_IRQHandler</a> from startup_gd32h7xx.o(.text) referenced from startup_gd32h7xx.o(RESET)
 <LI><a href="#[4e]">USBHS0_EP1_IN_IRQHandler</a> from startup_gd32h7xx.o(.text) referenced from startup_gd32h7xx.o(RESET)
 <LI><a href="#[4d]">USBHS0_EP1_OUT_IRQHandler</a> from startup_gd32h7xx.o(.text) referenced from startup_gd32h7xx.o(RESET)
 <LI><a href="#[50]">USBHS0_IRQHandler</a> from startup_gd32h7xx.o(.text) referenced from startup_gd32h7xx.o(RESET)
 <LI><a href="#[4f]">USBHS0_WKUP_IRQHandler</a> from startup_gd32h7xx.o(.text) referenced from startup_gd32h7xx.o(RESET)
 <LI><a href="#[85]">USBHS1_EP1_IN_IRQHandler</a> from startup_gd32h7xx.o(.text) referenced from startup_gd32h7xx.o(RESET)
 <LI><a href="#[84]">USBHS1_EP1_OUT_IRQHandler</a> from startup_gd32h7xx.o(.text) referenced from startup_gd32h7xx.o(RESET)
 <LI><a href="#[87]">USBHS1_IRQHandler</a> from startup_gd32h7xx.o(.text) referenced from startup_gd32h7xx.o(RESET)
 <LI><a href="#[86]">USBHS1_WKUP_IRQHandler</a> from startup_gd32h7xx.o(.text) referenced from startup_gd32h7xx.o(RESET)
 <LI><a href="#[8]">UsageFault_Handler</a> from gd32h7xx_it.o(.text) referenced from startup_gd32h7xx.o(RESET)
 <LI><a href="#[d]">WWDGT_IRQHandler</a> from startup_gd32h7xx.o(.text) referenced from startup_gd32h7xx.o(RESET)
 <LI><a href="#[b2]">__main</a> from entry.o(.ARM.Collect$$$$00000000) referenced from startup_gd32h7xx.o(.text)
 <LI><a href="#[b3]">fputc</a> from main.o(.text) referenced from printfa.o(i.__0printf)
 <LI><a href="#[b0]">main</a> from main.o(.text) referenced from entry9a.o(.ARM.Collect$$$$0000000B)
 <LI><a href="#[2]">nn_wrapper_add_func</a> from nn_forward_add.o(.text) referenced 2 times from nn_model_configure.o(.data.func_cb_arr)
 <LI><a href="#[0]">nn_wrapper_conv_2d_func</a> from nn_forward_con2d.o(.text) referenced 12 times from nn_model_configure.o(.data.func_cb_arr)
 <LI><a href="#[1]">nn_wrapper_depthconv2d_func</a> from nn_forward_dwcon2d.o(.text) referenced 4 times from nn_model_configure.o(.data.func_cb_arr)
</UL>
<P>
<H3>
Global Symbols
</H3>
<P><STRONG><a name="[b2]"></a>__main</STRONG> (Thumb, 0 bytes, Stack size unknown bytes, entry.o(.ARM.Collect$$$$00000000))
<BR>[Address Reference Count : 1]<UL><LI> startup_gd32h7xx.o(.text)
</UL>
<P><STRONG><a name="[19d]"></a>_main_stk</STRONG> (Thumb, 0 bytes, Stack size unknown bytes, entry2.o(.ARM.Collect$$$$00000001))

<P><STRONG><a name="[b4]"></a>_main_scatterload</STRONG> (Thumb, 0 bytes, Stack size unknown bytes, entry5.o(.ARM.Collect$$$$00000004))
<BR><BR>[Calls]<UL><LI><a href="#[b5]">&gt;&gt;</a>&nbsp;&nbsp;&nbsp;__scatterload
</UL>

<P><STRONG><a name="[190]"></a>__main_after_scatterload</STRONG> (Thumb, 0 bytes, Stack size unknown bytes, entry5.o(.ARM.Collect$$$$00000004))
<BR><BR>[Called By]<UL><LI><a href="#[b5]">&gt;&gt;</a>&nbsp;&nbsp;&nbsp;__scatterload
</UL>

<P><STRONG><a name="[19e]"></a>_main_clock</STRONG> (Thumb, 0 bytes, Stack size unknown bytes, entry7b.o(.ARM.Collect$$$$00000008))

<P><STRONG><a name="[19f]"></a>_main_cpp_init</STRONG> (Thumb, 0 bytes, Stack size unknown bytes, entry8b.o(.ARM.Collect$$$$0000000A))

<P><STRONG><a name="[1a0]"></a>_main_init</STRONG> (Thumb, 0 bytes, Stack size unknown bytes, entry9a.o(.ARM.Collect$$$$0000000B))

<P><STRONG><a name="[1a1]"></a>__rt_final_cpp</STRONG> (Thumb, 0 bytes, Stack size unknown bytes, entry10a.o(.ARM.Collect$$$$0000000D))

<P><STRONG><a name="[1a2]"></a>__rt_final_exit</STRONG> (Thumb, 0 bytes, Stack size unknown bytes, entry11a.o(.ARM.Collect$$$$0000000F))

<P><STRONG><a name="[4]"></a>NMI_Handler</STRONG> (Thumb, 2 bytes, Stack size 0 bytes, gd32h7xx_it.o(.text))
<BR><BR>[Calls]<UL><LI><a href="#[4]">&gt;&gt;</a>&nbsp;&nbsp;&nbsp;NMI_Handler
</UL>
<BR>[Called By]<UL><LI><a href="#[4]">&gt;&gt;</a>&nbsp;&nbsp;&nbsp;NMI_Handler
</UL>
<BR>[Address Reference Count : 1]<UL><LI> startup_gd32h7xx.o(RESET)
</UL>
<P><STRONG><a name="[5]"></a>HardFault_Handler</STRONG> (Thumb, 2 bytes, Stack size 0 bytes, gd32h7xx_it.o(.text))
<BR><BR>[Calls]<UL><LI><a href="#[5]">&gt;&gt;</a>&nbsp;&nbsp;&nbsp;HardFault_Handler
</UL>
<BR>[Called By]<UL><LI><a href="#[5]">&gt;&gt;</a>&nbsp;&nbsp;&nbsp;HardFault_Handler
</UL>
<BR>[Address Reference Count : 1]<UL><LI> startup_gd32h7xx.o(RESET)
</UL>
<P><STRONG><a name="[6]"></a>MemManage_Handler</STRONG> (Thumb, 2 bytes, Stack size 0 bytes, gd32h7xx_it.o(.text))
<BR><BR>[Calls]<UL><LI><a href="#[6]">&gt;&gt;</a>&nbsp;&nbsp;&nbsp;MemManage_Handler
</UL>
<BR>[Called By]<UL><LI><a href="#[6]">&gt;&gt;</a>&nbsp;&nbsp;&nbsp;MemManage_Handler
</UL>
<BR>[Address Reference Count : 1]<UL><LI> startup_gd32h7xx.o(RESET)
</UL>
<P><STRONG><a name="[7]"></a>BusFault_Handler</STRONG> (Thumb, 2 bytes, Stack size 0 bytes, gd32h7xx_it.o(.text))
<BR><BR>[Calls]<UL><LI><a href="#[7]">&gt;&gt;</a>&nbsp;&nbsp;&nbsp;BusFault_Handler
</UL>
<BR>[Called By]<UL><LI><a href="#[7]">&gt;&gt;</a>&nbsp;&nbsp;&nbsp;BusFault_Handler
</UL>
<BR>[Address Reference Count : 1]<UL><LI> startup_gd32h7xx.o(RESET)
</UL>
<P><STRONG><a name="[8]"></a>UsageFault_Handler</STRONG> (Thumb, 2 bytes, Stack size 0 bytes, gd32h7xx_it.o(.text))
<BR><BR>[Calls]<UL><LI><a href="#[8]">&gt;&gt;</a>&nbsp;&nbsp;&nbsp;UsageFault_Handler
</UL>
<BR>[Called By]<UL><LI><a href="#[8]">&gt;&gt;</a>&nbsp;&nbsp;&nbsp;UsageFault_Handler
</UL>
<BR>[Address Reference Count : 1]<UL><LI> startup_gd32h7xx.o(RESET)
</UL>
<P><STRONG><a name="[a]"></a>DebugMon_Handler</STRONG> (Thumb, 2 bytes, Stack size 0 bytes, gd32h7xx_it.o(.text))
<BR><BR>[Calls]<UL><LI><a href="#[a]">&gt;&gt;</a>&nbsp;&nbsp;&nbsp;DebugMon_Handler
</UL>
<BR>[Called By]<UL><LI><a href="#[a]">&gt;&gt;</a>&nbsp;&nbsp;&nbsp;DebugMon_Handler
</UL>
<BR>[Address Reference Count : 1]<UL><LI> startup_gd32h7xx.o(RESET)
</UL>
<P><STRONG><a name="[9]"></a>SVC_Handler</STRONG> (Thumb, 2 bytes, Stack size 0 bytes, gd32h7xx_it.o(.text))
<BR><BR>[Calls]<UL><LI><a href="#[9]">&gt;&gt;</a>&nbsp;&nbsp;&nbsp;SVC_Handler
</UL>
<BR>[Called By]<UL><LI><a href="#[9]">&gt;&gt;</a>&nbsp;&nbsp;&nbsp;SVC_Handler
</UL>
<BR>[Address Reference Count : 1]<UL><LI> startup_gd32h7xx.o(RESET)
</UL>
<P><STRONG><a name="[b]"></a>PendSV_Handler</STRONG> (Thumb, 2 bytes, Stack size 0 bytes, gd32h7xx_it.o(.text))
<BR><BR>[Calls]<UL><LI><a href="#[b]">&gt;&gt;</a>&nbsp;&nbsp;&nbsp;PendSV_Handler
</UL>
<BR>[Called By]<UL><LI><a href="#[b]">&gt;&gt;</a>&nbsp;&nbsp;&nbsp;PendSV_Handler
</UL>
<BR>[Address Reference Count : 1]<UL><LI> startup_gd32h7xx.o(RESET)
</UL>
<P><STRONG><a name="[c]"></a>SysTick_Handler</STRONG> (Thumb, 22 bytes, Stack size 8 bytes, gd32h7xx_it.o(.text))
<BR><BR>[Stack]<UL><LI>Max Depth = 8<LI>Call Chain = SysTick_Handler
</UL>
<BR>[Calls]<UL><LI><a href="#[b6]">&gt;&gt;</a>&nbsp;&nbsp;&nbsp;delay_decrement
</UL>
<BR>[Address Reference Count : 1]<UL><LI> startup_gd32h7xx.o(RESET)
</UL>
<P><STRONG><a name="[b7]"></a>systick_config</STRONG> (Thumb, 74 bytes, Stack size 0 bytes, systick.o(.text))
<BR><BR>[Called By]<UL><LI><a href="#[b0]">&gt;&gt;</a>&nbsp;&nbsp;&nbsp;main
</UL>

<P><STRONG><a name="[1a3]"></a>delay_1ms</STRONG> (Thumb, 20 bytes, Stack size 0 bytes, systick.o(.text), UNUSED)

<P><STRONG><a name="[b6]"></a>delay_decrement</STRONG> (Thumb, 24 bytes, Stack size 0 bytes, systick.o(.text))
<BR><BR>[Called By]<UL><LI><a href="#[c]">&gt;&gt;</a>&nbsp;&nbsp;&nbsp;SysTick_Handler
</UL>

<P><STRONG><a name="[b0]"></a>main</STRONG> (Thumb, 448 bytes, Stack size 40 bytes, main.o(.text))
<BR><BR>[Stack]<UL><LI>Max Depth = 328<LI>Call Chain = main &rArr; nn_model_init &rArr; nn_model_create &rArr; nn_layer_init &rArr; nn_BidirectionalSequenceLSTM_init &rArr; CMSIS_NN_VectorSum &rArr; arm_vector_sum_s8
</UL>
<BR>[Calls]<UL><LI><a href="#[bf]">&gt;&gt;</a>&nbsp;&nbsp;&nbsp;gd_nn_report_printf
<LI><a href="#[be]">&gt;&gt;</a>&nbsp;&nbsp;&nbsp;nn_model_invoke
<LI><a href="#[bd]">&gt;&gt;</a>&nbsp;&nbsp;&nbsp;gd_eval_com_init
<LI><a href="#[bb]">&gt;&gt;</a>&nbsp;&nbsp;&nbsp;nn_model_init
<LI><a href="#[ba]">&gt;&gt;</a>&nbsp;&nbsp;&nbsp;mpu_region_enable
<LI><a href="#[b9]">&gt;&gt;</a>&nbsp;&nbsp;&nbsp;mpu_region_config
<LI><a href="#[b8]">&gt;&gt;</a>&nbsp;&nbsp;&nbsp;mpu_region_struct_para_init
<LI><a href="#[b7]">&gt;&gt;</a>&nbsp;&nbsp;&nbsp;systick_config
<LI><a href="#[bc]">&gt;&gt;</a>&nbsp;&nbsp;&nbsp;__2printf
</UL>
<BR>[Address Reference Count : 1]<UL><LI> entry9a.o(.ARM.Collect$$$$0000000B)
</UL>
<P><STRONG><a name="[c0]"></a>mpu_config</STRONG> (Thumb, 106 bytes, Stack size 32 bytes, main.o(.text), UNUSED)
<BR><BR>[Calls]<UL><LI><a href="#[ba]">&gt;&gt;</a>&nbsp;&nbsp;&nbsp;mpu_region_enable
<LI><a href="#[b9]">&gt;&gt;</a>&nbsp;&nbsp;&nbsp;mpu_region_config
<LI><a href="#[b8]">&gt;&gt;</a>&nbsp;&nbsp;&nbsp;mpu_region_struct_para_init
</UL>

<P><STRONG><a name="[b3]"></a>fputc</STRONG> (Thumb, 38 bytes, Stack size 16 bytes, main.o(.text))
<BR><BR>[Stack]<UL><LI>Max Depth = 16<LI>Call Chain = fputc
</UL>
<BR>[Calls]<UL><LI><a href="#[c2]">&gt;&gt;</a>&nbsp;&nbsp;&nbsp;usart_flag_get
<LI><a href="#[c1]">&gt;&gt;</a>&nbsp;&nbsp;&nbsp;usart_data_transmit
</UL>
<BR>[Called By]<UL><LI><a href="#[c3]">&gt;&gt;</a>&nbsp;&nbsp;&nbsp;puts
</UL>
<BR>[Address Reference Count : 1]<UL><LI> printfa.o(i.__0printf)
</UL>
<P><STRONG><a name="[bf]"></a>gd_nn_report_printf</STRONG> (Thumb, 424 bytes, Stack size 72 bytes, nn_model_report.o(.text))
<BR><BR>[Stack]<UL><LI>Max Depth = 96<LI>Call Chain = gd_nn_report_printf &rArr; __2printf
</UL>
<BR>[Calls]<UL><LI><a href="#[bc]">&gt;&gt;</a>&nbsp;&nbsp;&nbsp;__2printf
<LI><a href="#[c3]">&gt;&gt;</a>&nbsp;&nbsp;&nbsp;puts
</UL>
<BR>[Called By]<UL><LI><a href="#[b0]">&gt;&gt;</a>&nbsp;&nbsp;&nbsp;main
</UL>

<P><STRONG><a name="[e8]"></a>gd_nn_measure_time_start</STRONG> (Thumb, 48 bytes, Stack size 0 bytes, nn_model_report.o(.text))
<BR><BR>[Called By]<UL><LI><a href="#[e7]">&gt;&gt;</a>&nbsp;&nbsp;&nbsp;nn_model_single_invoke
<LI><a href="#[e6]">&gt;&gt;</a>&nbsp;&nbsp;&nbsp;nn_model_multi_invoke
</UL>

<P><STRONG><a name="[e9]"></a>gd_nn_measure_time_get</STRONG> (Thumb, 76 bytes, Stack size 0 bytes, nn_model_report.o(.text))
<BR><BR>[Called By]<UL><LI><a href="#[e7]">&gt;&gt;</a>&nbsp;&nbsp;&nbsp;nn_model_single_invoke
<LI><a href="#[e6]">&gt;&gt;</a>&nbsp;&nbsp;&nbsp;nn_model_multi_invoke
</UL>

<P><STRONG><a name="[ea]"></a>gd_nn_measure_time_stop</STRONG> (Thumb, 32 bytes, Stack size 0 bytes, nn_model_report.o(.text))
<BR><BR>[Called By]<UL><LI><a href="#[e7]">&gt;&gt;</a>&nbsp;&nbsp;&nbsp;nn_model_single_invoke
<LI><a href="#[e6]">&gt;&gt;</a>&nbsp;&nbsp;&nbsp;nn_model_multi_invoke
</UL>

<P><STRONG><a name="[b1]"></a>SystemInit</STRONG> (Thumb, 548 bytes, Stack size 8 bytes, system_gd32h7xx.o(.text))
<BR><BR>[Stack]<UL><LI>Max Depth = 8<LI>Call Chain = SystemInit
</UL>
<BR>[Calls]<UL><LI><a href="#[c4]">&gt;&gt;</a>&nbsp;&nbsp;&nbsp;nvic_vector_table_set
</UL>
<BR>[Address Reference Count : 1]<UL><LI> startup_gd32h7xx.o(.text)
</UL>
<P><STRONG><a name="[1a4]"></a>SystemCoreClockUpdate</STRONG> (Thumb, 156 bytes, Stack size 8 bytes, system_gd32h7xx.o(.text), UNUSED)

<P><STRONG><a name="[1a5]"></a>exti_deinit</STRONG> (Thumb, 34 bytes, Stack size 0 bytes, gd32h7xx_exti.o(.text), UNUSED)

<P><STRONG><a name="[d3]"></a>exti_init</STRONG> (Thumb, 160 bytes, Stack size 16 bytes, gd32h7xx_exti.o(.text), UNUSED)
<BR><BR>[Called By]<UL><LI><a href="#[d0]">&gt;&gt;</a>&nbsp;&nbsp;&nbsp;gd_eval_key_init
</UL>

<P><STRONG><a name="[1a6]"></a>exti_interrupt_enable</STRONG> (Thumb, 24 bytes, Stack size 0 bytes, gd32h7xx_exti.o(.text), UNUSED)

<P><STRONG><a name="[1a7]"></a>exti_interrupt_disable</STRONG> (Thumb, 26 bytes, Stack size 0 bytes, gd32h7xx_exti.o(.text), UNUSED)

<P><STRONG><a name="[1a8]"></a>exti_event_enable</STRONG> (Thumb, 26 bytes, Stack size 0 bytes, gd32h7xx_exti.o(.text), UNUSED)

<P><STRONG><a name="[1a9]"></a>exti_event_disable</STRONG> (Thumb, 28 bytes, Stack size 0 bytes, gd32h7xx_exti.o(.text), UNUSED)

<P><STRONG><a name="[1aa]"></a>exti_software_interrupt_enable</STRONG> (Thumb, 26 bytes, Stack size 0 bytes, gd32h7xx_exti.o(.text), UNUSED)

<P><STRONG><a name="[1ab]"></a>exti_software_interrupt_disable</STRONG> (Thumb, 28 bytes, Stack size 0 bytes, gd32h7xx_exti.o(.text), UNUSED)

<P><STRONG><a name="[1ac]"></a>exti_flag_get</STRONG> (Thumb, 24 bytes, Stack size 0 bytes, gd32h7xx_exti.o(.text), UNUSED)

<P><STRONG><a name="[1ad]"></a>exti_flag_clear</STRONG> (Thumb, 22 bytes, Stack size 0 bytes, gd32h7xx_exti.o(.text), UNUSED)

<P><STRONG><a name="[1ae]"></a>exti_interrupt_flag_get</STRONG> (Thumb, 24 bytes, Stack size 0 bytes, gd32h7xx_exti.o(.text), UNUSED)

<P><STRONG><a name="[d4]"></a>exti_interrupt_flag_clear</STRONG> (Thumb, 22 bytes, Stack size 0 bytes, gd32h7xx_exti.o(.text), UNUSED)
<BR><BR>[Called By]<UL><LI><a href="#[d0]">&gt;&gt;</a>&nbsp;&nbsp;&nbsp;gd_eval_key_init
</UL>

<P><STRONG><a name="[c5]"></a>gpio_deinit</STRONG> (Thumb, 64 bytes, Stack size 8 bytes, gd32h7xx_gpio.o(.text), UNUSED)
<BR><BR>[Calls]<UL><LI><a href="#[c7]">&gt;&gt;</a>&nbsp;&nbsp;&nbsp;rcu_periph_reset_disable
<LI><a href="#[c6]">&gt;&gt;</a>&nbsp;&nbsp;&nbsp;rcu_periph_reset_enable
</UL>

<P><STRONG><a name="[ce]"></a>gpio_mode_set</STRONG> (Thumb, 82 bytes, Stack size 28 bytes, gd32h7xx_gpio.o(.text))
<BR><BR>[Stack]<UL><LI>Max Depth = 28<LI>Call Chain = gpio_mode_set
</UL>
<BR>[Called By]<UL><LI><a href="#[bd]">&gt;&gt;</a>&nbsp;&nbsp;&nbsp;gd_eval_com_init
<LI><a href="#[d0]">&gt;&gt;</a>&nbsp;&nbsp;&nbsp;gd_eval_key_init
<LI><a href="#[cc]">&gt;&gt;</a>&nbsp;&nbsp;&nbsp;gd_eval_led_init
</UL>

<P><STRONG><a name="[cf]"></a>gpio_output_options_set</STRONG> (Thumb, 72 bytes, Stack size 16 bytes, gd32h7xx_gpio.o(.text))
<BR><BR>[Stack]<UL><LI>Max Depth = 16<LI>Call Chain = gpio_output_options_set
</UL>
<BR>[Called By]<UL><LI><a href="#[bd]">&gt;&gt;</a>&nbsp;&nbsp;&nbsp;gd_eval_com_init
<LI><a href="#[cc]">&gt;&gt;</a>&nbsp;&nbsp;&nbsp;gd_eval_led_init
</UL>

<P><STRONG><a name="[1af]"></a>gpio_bit_set</STRONG> (Thumb, 4 bytes, Stack size 0 bytes, gd32h7xx_gpio.o(.text), UNUSED)

<P><STRONG><a name="[1b0]"></a>gpio_bit_reset</STRONG> (Thumb, 4 bytes, Stack size 0 bytes, gd32h7xx_gpio.o(.text), UNUSED)

<P><STRONG><a name="[1b1]"></a>gpio_bit_write</STRONG> (Thumb, 12 bytes, Stack size 0 bytes, gd32h7xx_gpio.o(.text), UNUSED)

<P><STRONG><a name="[1b2]"></a>gpio_port_write</STRONG> (Thumb, 4 bytes, Stack size 0 bytes, gd32h7xx_gpio.o(.text), UNUSED)

<P><STRONG><a name="[1b3]"></a>gpio_input_filter_set</STRONG> (Thumb, 92 bytes, Stack size 16 bytes, gd32h7xx_gpio.o(.text), UNUSED)

<P><STRONG><a name="[d6]"></a>gpio_input_bit_get</STRONG> (Thumb, 10 bytes, Stack size 0 bytes, gd32h7xx_gpio.o(.text), UNUSED)
<BR><BR>[Called By]<UL><LI><a href="#[d5]">&gt;&gt;</a>&nbsp;&nbsp;&nbsp;gd_eval_key_state_get
</UL>

<P><STRONG><a name="[1b4]"></a>gpio_input_port_get</STRONG> (Thumb, 6 bytes, Stack size 0 bytes, gd32h7xx_gpio.o(.text), UNUSED)

<P><STRONG><a name="[1b5]"></a>gpio_output_bit_get</STRONG> (Thumb, 10 bytes, Stack size 0 bytes, gd32h7xx_gpio.o(.text), UNUSED)

<P><STRONG><a name="[1b6]"></a>gpio_output_port_get</STRONG> (Thumb, 6 bytes, Stack size 0 bytes, gd32h7xx_gpio.o(.text), UNUSED)

<P><STRONG><a name="[d7]"></a>gpio_af_set</STRONG> (Thumb, 108 bytes, Stack size 20 bytes, gd32h7xx_gpio.o(.text))
<BR><BR>[Stack]<UL><LI>Max Depth = 20<LI>Call Chain = gpio_af_set
</UL>
<BR>[Called By]<UL><LI><a href="#[bd]">&gt;&gt;</a>&nbsp;&nbsp;&nbsp;gd_eval_com_init
</UL>

<P><STRONG><a name="[1b7]"></a>gpio_pin_lock</STRONG> (Thumb, 16 bytes, Stack size 0 bytes, gd32h7xx_gpio.o(.text), UNUSED)

<P><STRONG><a name="[1b8]"></a>gpio_bit_toggle</STRONG> (Thumb, 4 bytes, Stack size 0 bytes, gd32h7xx_gpio.o(.text), UNUSED)

<P><STRONG><a name="[1b9]"></a>gpio_port_toggle</STRONG> (Thumb, 8 bytes, Stack size 0 bytes, gd32h7xx_gpio.o(.text), UNUSED)

<P><STRONG><a name="[1ba]"></a>nvic_priority_group_set</STRONG> (Thumb, 20 bytes, Stack size 0 bytes, gd32h7xx_misc.o(.text), UNUSED)

<P><STRONG><a name="[d1]"></a>nvic_irq_enable</STRONG> (Thumb, 102 bytes, Stack size 0 bytes, gd32h7xx_misc.o(.text), UNUSED)
<BR><BR>[Called By]<UL><LI><a href="#[d0]">&gt;&gt;</a>&nbsp;&nbsp;&nbsp;gd_eval_key_init
</UL>

<P><STRONG><a name="[1bb]"></a>nvic_irq_disable</STRONG> (Thumb, 34 bytes, Stack size 0 bytes, gd32h7xx_misc.o(.text), UNUSED)

<P><STRONG><a name="[c4]"></a>nvic_vector_table_set</STRONG> (Thumb, 28 bytes, Stack size 0 bytes, gd32h7xx_misc.o(.text))
<BR><BR>[Called By]<UL><LI><a href="#[b1]">&gt;&gt;</a>&nbsp;&nbsp;&nbsp;SystemInit
</UL>

<P><STRONG><a name="[1bc]"></a>system_lowpower_set</STRONG> (Thumb, 16 bytes, Stack size 0 bytes, gd32h7xx_misc.o(.text), UNUSED)

<P><STRONG><a name="[1bd]"></a>system_lowpower_reset</STRONG> (Thumb, 18 bytes, Stack size 0 bytes, gd32h7xx_misc.o(.text), UNUSED)

<P><STRONG><a name="[1be]"></a>systick_clksource_set</STRONG> (Thumb, 24 bytes, Stack size 0 bytes, gd32h7xx_misc.o(.text), UNUSED)

<P><STRONG><a name="[b8]"></a>mpu_region_struct_para_init</STRONG> (Thumb, 26 bytes, Stack size 0 bytes, gd32h7xx_misc.o(.text))
<BR><BR>[Called By]<UL><LI><a href="#[c0]">&gt;&gt;</a>&nbsp;&nbsp;&nbsp;mpu_config
<LI><a href="#[b0]">&gt;&gt;</a>&nbsp;&nbsp;&nbsp;main
</UL>

<P><STRONG><a name="[b9]"></a>mpu_region_config</STRONG> (Thumb, 78 bytes, Stack size 8 bytes, gd32h7xx_misc.o(.text))
<BR><BR>[Stack]<UL><LI>Max Depth = 8<LI>Call Chain = mpu_region_config
</UL>
<BR>[Called By]<UL><LI><a href="#[c0]">&gt;&gt;</a>&nbsp;&nbsp;&nbsp;mpu_config
<LI><a href="#[b0]">&gt;&gt;</a>&nbsp;&nbsp;&nbsp;main
</UL>

<P><STRONG><a name="[ba]"></a>mpu_region_enable</STRONG> (Thumb, 18 bytes, Stack size 0 bytes, gd32h7xx_misc.o(.text))
<BR><BR>[Called By]<UL><LI><a href="#[c0]">&gt;&gt;</a>&nbsp;&nbsp;&nbsp;mpu_config
<LI><a href="#[b0]">&gt;&gt;</a>&nbsp;&nbsp;&nbsp;main
</UL>

<P><STRONG><a name="[1bf]"></a>rcu_deinit</STRONG> (Thumb, 146 bytes, Stack size 0 bytes, gd32h7xx_rcu.o(.text), UNUSED)

<P><STRONG><a name="[cd]"></a>rcu_periph_clock_enable</STRONG> (Thumb, 28 bytes, Stack size 0 bytes, gd32h7xx_rcu.o(.text))
<BR><BR>[Called By]<UL><LI><a href="#[bd]">&gt;&gt;</a>&nbsp;&nbsp;&nbsp;gd_eval_com_init
<LI><a href="#[d0]">&gt;&gt;</a>&nbsp;&nbsp;&nbsp;gd_eval_key_init
<LI><a href="#[cc]">&gt;&gt;</a>&nbsp;&nbsp;&nbsp;gd_eval_led_init
</UL>

<P><STRONG><a name="[1c0]"></a>rcu_periph_clock_disable</STRONG> (Thumb, 30 bytes, Stack size 0 bytes, gd32h7xx_rcu.o(.text), UNUSED)

<P><STRONG><a name="[1c1]"></a>rcu_periph_clock_sleep_enable</STRONG> (Thumb, 28 bytes, Stack size 0 bytes, gd32h7xx_rcu.o(.text), UNUSED)

<P><STRONG><a name="[1c2]"></a>rcu_periph_clock_sleep_disable</STRONG> (Thumb, 30 bytes, Stack size 0 bytes, gd32h7xx_rcu.o(.text), UNUSED)

<P><STRONG><a name="[c6]"></a>rcu_periph_reset_enable</STRONG> (Thumb, 28 bytes, Stack size 0 bytes, gd32h7xx_rcu.o(.text))
<BR><BR>[Called By]<UL><LI><a href="#[c5]">&gt;&gt;</a>&nbsp;&nbsp;&nbsp;gpio_deinit
<LI><a href="#[c9]">&gt;&gt;</a>&nbsp;&nbsp;&nbsp;usart_deinit
<LI><a href="#[c8]">&gt;&gt;</a>&nbsp;&nbsp;&nbsp;syscfg_deinit
</UL>

<P><STRONG><a name="[c7]"></a>rcu_periph_reset_disable</STRONG> (Thumb, 30 bytes, Stack size 0 bytes, gd32h7xx_rcu.o(.text))
<BR><BR>[Called By]<UL><LI><a href="#[c5]">&gt;&gt;</a>&nbsp;&nbsp;&nbsp;gpio_deinit
<LI><a href="#[c9]">&gt;&gt;</a>&nbsp;&nbsp;&nbsp;usart_deinit
<LI><a href="#[c8]">&gt;&gt;</a>&nbsp;&nbsp;&nbsp;syscfg_deinit
</UL>

<P><STRONG><a name="[1c3]"></a>rcu_bkp_reset_enable</STRONG> (Thumb, 18 bytes, Stack size 0 bytes, gd32h7xx_rcu.o(.text), UNUSED)

<P><STRONG><a name="[1c4]"></a>rcu_bkp_reset_disable</STRONG> (Thumb, 18 bytes, Stack size 0 bytes, gd32h7xx_rcu.o(.text), UNUSED)

<P><STRONG><a name="[1c5]"></a>rcu_system_clock_source_config</STRONG> (Thumb, 20 bytes, Stack size 0 bytes, gd32h7xx_rcu.o(.text), UNUSED)

<P><STRONG><a name="[1c6]"></a>rcu_system_clock_source_get</STRONG> (Thumb, 16 bytes, Stack size 0 bytes, gd32h7xx_rcu.o(.text), UNUSED)

<P><STRONG><a name="[1c7]"></a>rcu_ahb_clock_config</STRONG> (Thumb, 20 bytes, Stack size 0 bytes, gd32h7xx_rcu.o(.text), UNUSED)

<P><STRONG><a name="[1c8]"></a>rcu_apb1_clock_config</STRONG> (Thumb, 20 bytes, Stack size 0 bytes, gd32h7xx_rcu.o(.text), UNUSED)

<P><STRONG><a name="[1c9]"></a>rcu_apb2_clock_config</STRONG> (Thumb, 20 bytes, Stack size 0 bytes, gd32h7xx_rcu.o(.text), UNUSED)

<P><STRONG><a name="[1ca]"></a>rcu_apb3_clock_config</STRONG> (Thumb, 20 bytes, Stack size 0 bytes, gd32h7xx_rcu.o(.text), UNUSED)

<P><STRONG><a name="[1cb]"></a>rcu_apb4_clock_config</STRONG> (Thumb, 20 bytes, Stack size 0 bytes, gd32h7xx_rcu.o(.text), UNUSED)

<P><STRONG><a name="[1cc]"></a>rcu_ckout0_config</STRONG> (Thumb, 22 bytes, Stack size 0 bytes, gd32h7xx_rcu.o(.text), UNUSED)

<P><STRONG><a name="[1cd]"></a>rcu_ckout1_config</STRONG> (Thumb, 22 bytes, Stack size 0 bytes, gd32h7xx_rcu.o(.text), UNUSED)

<P><STRONG><a name="[1ce]"></a>rcu_pll_input_output_clock_range_config</STRONG> (Thumb, 40 bytes, Stack size 0 bytes, gd32h7xx_rcu.o(.text), UNUSED)

<P><STRONG><a name="[1cf]"></a>rcu_pll_fractional_config</STRONG> (Thumb, 92 bytes, Stack size 0 bytes, gd32h7xx_rcu.o(.text), UNUSED)

<P><STRONG><a name="[1d0]"></a>rcu_pll_fractional_latch_enable</STRONG> (Thumb, 68 bytes, Stack size 0 bytes, gd32h7xx_rcu.o(.text), UNUSED)

<P><STRONG><a name="[1d1]"></a>rcu_pll_fractional_latch_disable</STRONG> (Thumb, 68 bytes, Stack size 0 bytes, gd32h7xx_rcu.o(.text), UNUSED)

<P><STRONG><a name="[1d2]"></a>rcu_pll_source_config</STRONG> (Thumb, 24 bytes, Stack size 0 bytes, gd32h7xx_rcu.o(.text), UNUSED)

<P><STRONG><a name="[1d3]"></a>rcu_pll0_config</STRONG> (Thumb, 136 bytes, Stack size 16 bytes, gd32h7xx_rcu.o(.text), UNUSED)

<P><STRONG><a name="[1d4]"></a>rcu_pll1_config</STRONG> (Thumb, 122 bytes, Stack size 16 bytes, gd32h7xx_rcu.o(.text), UNUSED)

<P><STRONG><a name="[1d5]"></a>rcu_pll2_config</STRONG> (Thumb, 118 bytes, Stack size 16 bytes, gd32h7xx_rcu.o(.text), UNUSED)

<P><STRONG><a name="[1d6]"></a>rcu_pll_clock_output_enable</STRONG> (Thumb, 16 bytes, Stack size 0 bytes, gd32h7xx_rcu.o(.text), UNUSED)

<P><STRONG><a name="[1d7]"></a>rcu_pll_clock_output_disable</STRONG> (Thumb, 18 bytes, Stack size 0 bytes, gd32h7xx_rcu.o(.text), UNUSED)

<P><STRONG><a name="[1d8]"></a>rcu_pllusb0_config</STRONG> (Thumb, 68 bytes, Stack size 8 bytes, gd32h7xx_rcu.o(.text), UNUSED)

<P><STRONG><a name="[1d9]"></a>rcu_pllusb1_config</STRONG> (Thumb, 74 bytes, Stack size 8 bytes, gd32h7xx_rcu.o(.text), UNUSED)

<P><STRONG><a name="[1da]"></a>rcu_rtc_clock_config</STRONG> (Thumb, 20 bytes, Stack size 0 bytes, gd32h7xx_rcu.o(.text), UNUSED)

<P><STRONG><a name="[1db]"></a>rcu_rtc_div_config</STRONG> (Thumb, 20 bytes, Stack size 0 bytes, gd32h7xx_rcu.o(.text), UNUSED)

<P><STRONG><a name="[1dc]"></a>rcu_ck48m_clock_config</STRONG> (Thumb, 20 bytes, Stack size 0 bytes, gd32h7xx_rcu.o(.text), UNUSED)

<P><STRONG><a name="[1dd]"></a>rcu_pll48m_clock_config</STRONG> (Thumb, 20 bytes, Stack size 0 bytes, gd32h7xx_rcu.o(.text), UNUSED)

<P><STRONG><a name="[1de]"></a>rcu_irc64mdiv_clock_config</STRONG> (Thumb, 20 bytes, Stack size 0 bytes, gd32h7xx_rcu.o(.text), UNUSED)

<P><STRONG><a name="[1df]"></a>rcu_irc64mdiv_freq_get</STRONG> (Thumb, 94 bytes, Stack size 0 bytes, gd32h7xx_rcu.o(.text), UNUSED)

<P><STRONG><a name="[1e0]"></a>rcu_timer_clock_prescaler_config</STRONG> (Thumb, 30 bytes, Stack size 0 bytes, gd32h7xx_rcu.o(.text), UNUSED)

<P><STRONG><a name="[1e1]"></a>rcu_spi_clock_config</STRONG> (Thumb, 84 bytes, Stack size 0 bytes, gd32h7xx_rcu.o(.text), UNUSED)

<P><STRONG><a name="[1e2]"></a>rcu_sdio_clock_config</STRONG> (Thumb, 58 bytes, Stack size 0 bytes, gd32h7xx_rcu.o(.text), UNUSED)

<P><STRONG><a name="[1e3]"></a>rcu_deepsleep_wakeup_sys_clock_config</STRONG> (Thumb, 24 bytes, Stack size 0 bytes, gd32h7xx_rcu.o(.text), UNUSED)

<P><STRONG><a name="[1e4]"></a>rcu_tli_clock_div_config</STRONG> (Thumb, 20 bytes, Stack size 0 bytes, gd32h7xx_rcu.o(.text), UNUSED)

<P><STRONG><a name="[1e5]"></a>rcu_usart_clock_config</STRONG> (Thumb, 66 bytes, Stack size 0 bytes, gd32h7xx_rcu.o(.text), UNUSED)

<P><STRONG><a name="[1e6]"></a>rcu_i2c_clock_config</STRONG> (Thumb, 122 bytes, Stack size 0 bytes, gd32h7xx_rcu.o(.text), UNUSED)

<P><STRONG><a name="[1e7]"></a>rcu_can_clock_config</STRONG> (Thumb, 58 bytes, Stack size 0 bytes, gd32h7xx_rcu.o(.text), UNUSED)

<P><STRONG><a name="[1e8]"></a>rcu_adc_clock_config</STRONG> (Thumb, 42 bytes, Stack size 0 bytes, gd32h7xx_rcu.o(.text), UNUSED)

<P><STRONG><a name="[1e9]"></a>rcu_sai_clock_config</STRONG> (Thumb, 44 bytes, Stack size 0 bytes, gd32h7xx_rcu.o(.text), UNUSED)

<P><STRONG><a name="[1ea]"></a>rcu_sai2_block_clock_config</STRONG> (Thumb, 44 bytes, Stack size 0 bytes, gd32h7xx_rcu.o(.text), UNUSED)

<P><STRONG><a name="[1eb]"></a>rcu_rspdif_clock_config</STRONG> (Thumb, 24 bytes, Stack size 0 bytes, gd32h7xx_rcu.o(.text), UNUSED)

<P><STRONG><a name="[1ec]"></a>rcu_exmc_clock_config</STRONG> (Thumb, 24 bytes, Stack size 0 bytes, gd32h7xx_rcu.o(.text), UNUSED)

<P><STRONG><a name="[1ed]"></a>rcu_hpdf_clock_config</STRONG> (Thumb, 24 bytes, Stack size 0 bytes, gd32h7xx_rcu.o(.text), UNUSED)

<P><STRONG><a name="[1ee]"></a>rcu_per_clock_config</STRONG> (Thumb, 24 bytes, Stack size 0 bytes, gd32h7xx_rcu.o(.text), UNUSED)

<P><STRONG><a name="[1ef]"></a>rcu_usbhs_pll1qpsc_config</STRONG> (Thumb, 44 bytes, Stack size 0 bytes, gd32h7xx_rcu.o(.text), UNUSED)

<P><STRONG><a name="[1f0]"></a>rcu_usb48m_clock_config</STRONG> (Thumb, 44 bytes, Stack size 0 bytes, gd32h7xx_rcu.o(.text), UNUSED)

<P><STRONG><a name="[1f1]"></a>rcu_usbhs_clock_config</STRONG> (Thumb, 44 bytes, Stack size 0 bytes, gd32h7xx_rcu.o(.text), UNUSED)

<P><STRONG><a name="[1f2]"></a>rcu_usbhs_clock_selection_enable</STRONG> (Thumb, 32 bytes, Stack size 0 bytes, gd32h7xx_rcu.o(.text), UNUSED)

<P><STRONG><a name="[1f3]"></a>rcu_usbhs_clock_selection_disable</STRONG> (Thumb, 34 bytes, Stack size 0 bytes, gd32h7xx_rcu.o(.text), UNUSED)

<P><STRONG><a name="[1f4]"></a>rcu_lxtal_drive_capability_config</STRONG> (Thumb, 20 bytes, Stack size 0 bytes, gd32h7xx_rcu.o(.text), UNUSED)

<P><STRONG><a name="[1f5]"></a>rcu_osci_stab_wait</STRONG> (Thumb, 608 bytes, Stack size 0 bytes, gd32h7xx_rcu.o(.text), UNUSED)

<P><STRONG><a name="[1f6]"></a>rcu_flag_get</STRONG> (Thumb, 26 bytes, Stack size 0 bytes, gd32h7xx_rcu.o(.text), UNUSED)

<P><STRONG><a name="[1f7]"></a>rcu_osci_on</STRONG> (Thumb, 28 bytes, Stack size 0 bytes, gd32h7xx_rcu.o(.text), UNUSED)

<P><STRONG><a name="[1f8]"></a>rcu_osci_off</STRONG> (Thumb, 30 bytes, Stack size 0 bytes, gd32h7xx_rcu.o(.text), UNUSED)

<P><STRONG><a name="[1f9]"></a>rcu_osci_bypass_mode_enable</STRONG> (Thumb, 64 bytes, Stack size 0 bytes, gd32h7xx_rcu.o(.text), UNUSED)

<P><STRONG><a name="[1fa]"></a>rcu_osci_bypass_mode_disable</STRONG> (Thumb, 64 bytes, Stack size 0 bytes, gd32h7xx_rcu.o(.text), UNUSED)

<P><STRONG><a name="[1fb]"></a>rcu_irc64m_adjust_value_set</STRONG> (Thumb, 18 bytes, Stack size 0 bytes, gd32h7xx_rcu.o(.text), UNUSED)

<P><STRONG><a name="[1fc]"></a>rcu_lpirc4m_adjust_value_set</STRONG> (Thumb, 18 bytes, Stack size 0 bytes, gd32h7xx_rcu.o(.text), UNUSED)

<P><STRONG><a name="[1fd]"></a>rcu_hxtal_clock_monitor_enable</STRONG> (Thumb, 18 bytes, Stack size 0 bytes, gd32h7xx_rcu.o(.text), UNUSED)

<P><STRONG><a name="[1fe]"></a>rcu_hxtal_clock_monitor_disable</STRONG> (Thumb, 18 bytes, Stack size 0 bytes, gd32h7xx_rcu.o(.text), UNUSED)

<P><STRONG><a name="[1ff]"></a>rcu_lxtal_clock_monitor_enable</STRONG> (Thumb, 18 bytes, Stack size 0 bytes, gd32h7xx_rcu.o(.text), UNUSED)

<P><STRONG><a name="[200]"></a>rcu_lxtal_clock_monitor_disable</STRONG> (Thumb, 18 bytes, Stack size 0 bytes, gd32h7xx_rcu.o(.text), UNUSED)

<P><STRONG><a name="[cb]"></a>rcu_clock_freq_get</STRONG> (Thumb, 1840 bytes, Stack size 28 bytes, gd32h7xx_rcu.o(.text))
<BR><BR>[Stack]<UL><LI>Max Depth = 28<LI>Call Chain = rcu_clock_freq_get
</UL>
<BR>[Called By]<UL><LI><a href="#[ca]">&gt;&gt;</a>&nbsp;&nbsp;&nbsp;usart_baudrate_set
</UL>

<P><STRONG><a name="[201]"></a>rcu_all_reset_flag_clear</STRONG> (Thumb, 18 bytes, Stack size 0 bytes, gd32h7xx_rcu.o(.text), UNUSED)

<P><STRONG><a name="[202]"></a>rcu_interrupt_enable</STRONG> (Thumb, 28 bytes, Stack size 0 bytes, gd32h7xx_rcu.o(.text), UNUSED)

<P><STRONG><a name="[203]"></a>rcu_interrupt_disable</STRONG> (Thumb, 30 bytes, Stack size 0 bytes, gd32h7xx_rcu.o(.text), UNUSED)

<P><STRONG><a name="[204]"></a>rcu_interrupt_flag_get</STRONG> (Thumb, 26 bytes, Stack size 0 bytes, gd32h7xx_rcu.o(.text), UNUSED)

<P><STRONG><a name="[205]"></a>rcu_interrupt_flag_clear</STRONG> (Thumb, 28 bytes, Stack size 0 bytes, gd32h7xx_rcu.o(.text), UNUSED)

<P><STRONG><a name="[c8]"></a>syscfg_deinit</STRONG> (Thumb, 22 bytes, Stack size 8 bytes, gd32h7xx_syscfg.o(.text), UNUSED)
<BR><BR>[Calls]<UL><LI><a href="#[c7]">&gt;&gt;</a>&nbsp;&nbsp;&nbsp;rcu_periph_reset_disable
<LI><a href="#[c6]">&gt;&gt;</a>&nbsp;&nbsp;&nbsp;rcu_periph_reset_enable
</UL>

<P><STRONG><a name="[206]"></a>syscfg_i2c_fast_mode_plus_enable</STRONG> (Thumb, 16 bytes, Stack size 0 bytes, gd32h7xx_syscfg.o(.text), UNUSED)

<P><STRONG><a name="[207]"></a>syscfg_i2c_fast_mode_plus_disable</STRONG> (Thumb, 18 bytes, Stack size 0 bytes, gd32h7xx_syscfg.o(.text), UNUSED)

<P><STRONG><a name="[208]"></a>syscfg_analog_switch_enable</STRONG> (Thumb, 16 bytes, Stack size 0 bytes, gd32h7xx_syscfg.o(.text), UNUSED)

<P><STRONG><a name="[209]"></a>syscfg_analog_switch_disable</STRONG> (Thumb, 18 bytes, Stack size 0 bytes, gd32h7xx_syscfg.o(.text), UNUSED)

<P><STRONG><a name="[20a]"></a>syscfg_enet_phy_interface_config</STRONG> (Thumb, 68 bytes, Stack size 8 bytes, gd32h7xx_syscfg.o(.text), UNUSED)

<P><STRONG><a name="[d2]"></a>syscfg_exti_line_config</STRONG> (Thumb, 120 bytes, Stack size 0 bytes, gd32h7xx_syscfg.o(.text), UNUSED)
<BR><BR>[Called By]<UL><LI><a href="#[d0]">&gt;&gt;</a>&nbsp;&nbsp;&nbsp;gd_eval_key_init
</UL>

<P><STRONG><a name="[20b]"></a>syscfg_lockup_enable</STRONG> (Thumb, 16 bytes, Stack size 0 bytes, gd32h7xx_syscfg.o(.text), UNUSED)

<P><STRONG><a name="[20c]"></a>syscfg_timer_input_source_select</STRONG> (Thumb, 190 bytes, Stack size 0 bytes, gd32h7xx_syscfg.o(.text), UNUSED)

<P><STRONG><a name="[20d]"></a>syscfg_io_compensation_config</STRONG> (Thumb, 20 bytes, Stack size 0 bytes, gd32h7xx_syscfg.o(.text), UNUSED)

<P><STRONG><a name="[20e]"></a>syscfg_io_low_voltage_speed_optimization_enable</STRONG> (Thumb, 18 bytes, Stack size 0 bytes, gd32h7xx_syscfg.o(.text), UNUSED)

<P><STRONG><a name="[20f]"></a>syscfg_io_low_voltage_speed_optimization_disable</STRONG> (Thumb, 18 bytes, Stack size 0 bytes, gd32h7xx_syscfg.o(.text), UNUSED)

<P><STRONG><a name="[210]"></a>syscfg_pnmos_compensation_code_set</STRONG> (Thumb, 26 bytes, Stack size 0 bytes, gd32h7xx_syscfg.o(.text), UNUSED)

<P><STRONG><a name="[211]"></a>syscfg_secure_sram_size_set</STRONG> (Thumb, 24 bytes, Stack size 0 bytes, gd32h7xx_syscfg.o(.text), UNUSED)

<P><STRONG><a name="[212]"></a>syscfg_secure_sram_size_get</STRONG> (Thumb, 16 bytes, Stack size 0 bytes, gd32h7xx_syscfg.o(.text), UNUSED)

<P><STRONG><a name="[213]"></a>syscfg_bootmode_get</STRONG> (Thumb, 16 bytes, Stack size 0 bytes, gd32h7xx_syscfg.o(.text), UNUSED)

<P><STRONG><a name="[214]"></a>syscfg_tcm_wait_state_enable</STRONG> (Thumb, 18 bytes, Stack size 0 bytes, gd32h7xx_syscfg.o(.text), UNUSED)

<P><STRONG><a name="[215]"></a>syscfg_tcm_wait_state_disable</STRONG> (Thumb, 18 bytes, Stack size 0 bytes, gd32h7xx_syscfg.o(.text), UNUSED)

<P><STRONG><a name="[216]"></a>syscfg_fpu_interrupt_enable</STRONG> (Thumb, 16 bytes, Stack size 0 bytes, gd32h7xx_syscfg.o(.text), UNUSED)

<P><STRONG><a name="[217]"></a>syscfg_fpu_interrupt_disable</STRONG> (Thumb, 18 bytes, Stack size 0 bytes, gd32h7xx_syscfg.o(.text), UNUSED)

<P><STRONG><a name="[218]"></a>syscfg_compensation_flag_get</STRONG> (Thumb, 18 bytes, Stack size 0 bytes, gd32h7xx_syscfg.o(.text), UNUSED)

<P><STRONG><a name="[219]"></a>syscfg_cpu_cache_status_get</STRONG> (Thumb, 46 bytes, Stack size 0 bytes, gd32h7xx_syscfg.o(.text), UNUSED)

<P><STRONG><a name="[21a]"></a>syscfg_brownout_reset_threshold_level_get</STRONG> (Thumb, 16 bytes, Stack size 0 bytes, gd32h7xx_syscfg.o(.text), UNUSED)

<P><STRONG><a name="[c9]"></a>usart_deinit</STRONG> (Thumb, 198 bytes, Stack size 8 bytes, gd32h7xx_usart.o(.text))
<BR><BR>[Stack]<UL><LI>Max Depth = 8<LI>Call Chain = usart_deinit
</UL>
<BR>[Calls]<UL><LI><a href="#[c7]">&gt;&gt;</a>&nbsp;&nbsp;&nbsp;rcu_periph_reset_disable
<LI><a href="#[c6]">&gt;&gt;</a>&nbsp;&nbsp;&nbsp;rcu_periph_reset_enable
</UL>
<BR>[Called By]<UL><LI><a href="#[bd]">&gt;&gt;</a>&nbsp;&nbsp;&nbsp;gd_eval_com_init
</UL>

<P><STRONG><a name="[ca]"></a>usart_baudrate_set</STRONG> (Thumb, 204 bytes, Stack size 16 bytes, gd32h7xx_usart.o(.text))
<BR><BR>[Stack]<UL><LI>Max Depth = 44<LI>Call Chain = usart_baudrate_set &rArr; rcu_clock_freq_get
</UL>
<BR>[Calls]<UL><LI><a href="#[cb]">&gt;&gt;</a>&nbsp;&nbsp;&nbsp;rcu_clock_freq_get
</UL>
<BR>[Called By]<UL><LI><a href="#[bd]">&gt;&gt;</a>&nbsp;&nbsp;&nbsp;gd_eval_com_init
</UL>

<P><STRONG><a name="[21b]"></a>usart_parity_config</STRONG> (Thumb, 24 bytes, Stack size 0 bytes, gd32h7xx_usart.o(.text), UNUSED)

<P><STRONG><a name="[21c]"></a>usart_word_length_set</STRONG> (Thumb, 24 bytes, Stack size 0 bytes, gd32h7xx_usart.o(.text), UNUSED)

<P><STRONG><a name="[21d]"></a>usart_stop_bit_set</STRONG> (Thumb, 24 bytes, Stack size 0 bytes, gd32h7xx_usart.o(.text), UNUSED)

<P><STRONG><a name="[da]"></a>usart_enable</STRONG> (Thumb, 10 bytes, Stack size 0 bytes, gd32h7xx_usart.o(.text))
<BR><BR>[Called By]<UL><LI><a href="#[bd]">&gt;&gt;</a>&nbsp;&nbsp;&nbsp;gd_eval_com_init
</UL>

<P><STRONG><a name="[21e]"></a>usart_disable</STRONG> (Thumb, 10 bytes, Stack size 0 bytes, gd32h7xx_usart.o(.text), UNUSED)

<P><STRONG><a name="[d9]"></a>usart_transmit_config</STRONG> (Thumb, 16 bytes, Stack size 0 bytes, gd32h7xx_usart.o(.text))
<BR><BR>[Called By]<UL><LI><a href="#[bd]">&gt;&gt;</a>&nbsp;&nbsp;&nbsp;gd_eval_com_init
</UL>

<P><STRONG><a name="[d8]"></a>usart_receive_config</STRONG> (Thumb, 16 bytes, Stack size 0 bytes, gd32h7xx_usart.o(.text))
<BR><BR>[Called By]<UL><LI><a href="#[bd]">&gt;&gt;</a>&nbsp;&nbsp;&nbsp;gd_eval_com_init
</UL>

<P><STRONG><a name="[21f]"></a>usart_data_first_config</STRONG> (Thumb, 28 bytes, Stack size 0 bytes, gd32h7xx_usart.o(.text), UNUSED)

<P><STRONG><a name="[220]"></a>usart_invert_config</STRONG> (Thumb, 90 bytes, Stack size 0 bytes, gd32h7xx_usart.o(.text), UNUSED)

<P><STRONG><a name="[221]"></a>usart_overrun_enable</STRONG> (Thumb, 18 bytes, Stack size 0 bytes, gd32h7xx_usart.o(.text), UNUSED)

<P><STRONG><a name="[222]"></a>usart_overrun_disable</STRONG> (Thumb, 18 bytes, Stack size 0 bytes, gd32h7xx_usart.o(.text), UNUSED)

<P><STRONG><a name="[223]"></a>usart_oversample_config</STRONG> (Thumb, 24 bytes, Stack size 0 bytes, gd32h7xx_usart.o(.text), UNUSED)

<P><STRONG><a name="[224]"></a>usart_sample_bit_config</STRONG> (Thumb, 24 bytes, Stack size 0 bytes, gd32h7xx_usart.o(.text), UNUSED)

<P><STRONG><a name="[225]"></a>usart_receiver_timeout_enable</STRONG> (Thumb, 10 bytes, Stack size 0 bytes, gd32h7xx_usart.o(.text), UNUSED)

<P><STRONG><a name="[226]"></a>usart_receiver_timeout_disable</STRONG> (Thumb, 10 bytes, Stack size 0 bytes, gd32h7xx_usart.o(.text), UNUSED)

<P><STRONG><a name="[227]"></a>usart_receiver_timeout_threshold_config</STRONG> (Thumb, 16 bytes, Stack size 0 bytes, gd32h7xx_usart.o(.text), UNUSED)

<P><STRONG><a name="[c1]"></a>usart_data_transmit</STRONG> (Thumb, 8 bytes, Stack size 0 bytes, gd32h7xx_usart.o(.text))
<BR><BR>[Called By]<UL><LI><a href="#[b3]">&gt;&gt;</a>&nbsp;&nbsp;&nbsp;fputc
</UL>

<P><STRONG><a name="[228]"></a>usart_data_receive</STRONG> (Thumb, 8 bytes, Stack size 0 bytes, gd32h7xx_usart.o(.text), UNUSED)

<P><STRONG><a name="[229]"></a>usart_command_enable</STRONG> (Thumb, 8 bytes, Stack size 0 bytes, gd32h7xx_usart.o(.text), UNUSED)

<P><STRONG><a name="[22a]"></a>usart_address_0_match_mode_enable</STRONG> (Thumb, 18 bytes, Stack size 0 bytes, gd32h7xx_usart.o(.text), UNUSED)

<P><STRONG><a name="[22b]"></a>usart_address_0_match_mode_disable</STRONG> (Thumb, 18 bytes, Stack size 0 bytes, gd32h7xx_usart.o(.text), UNUSED)

<P><STRONG><a name="[22c]"></a>usart_address_1_match_mode_enable</STRONG> (Thumb, 18 bytes, Stack size 0 bytes, gd32h7xx_usart.o(.text), UNUSED)

<P><STRONG><a name="[22d]"></a>usart_address_1_match_mode_disable</STRONG> (Thumb, 18 bytes, Stack size 0 bytes, gd32h7xx_usart.o(.text), UNUSED)

<P><STRONG><a name="[22e]"></a>usart_address_0_config</STRONG> (Thumb, 26 bytes, Stack size 0 bytes, gd32h7xx_usart.o(.text), UNUSED)

<P><STRONG><a name="[22f]"></a>usart_address_1_config</STRONG> (Thumb, 26 bytes, Stack size 0 bytes, gd32h7xx_usart.o(.text), UNUSED)

<P><STRONG><a name="[230]"></a>usart_address_0_detection_mode_config</STRONG> (Thumb, 28 bytes, Stack size 0 bytes, gd32h7xx_usart.o(.text), UNUSED)

<P><STRONG><a name="[231]"></a>usart_address_1_detection_mode_config</STRONG> (Thumb, 28 bytes, Stack size 0 bytes, gd32h7xx_usart.o(.text), UNUSED)

<P><STRONG><a name="[232]"></a>usart_mute_mode_enable</STRONG> (Thumb, 10 bytes, Stack size 0 bytes, gd32h7xx_usart.o(.text), UNUSED)

<P><STRONG><a name="[233]"></a>usart_mute_mode_disable</STRONG> (Thumb, 10 bytes, Stack size 0 bytes, gd32h7xx_usart.o(.text), UNUSED)

<P><STRONG><a name="[234]"></a>usart_mute_mode_wakeup_config</STRONG> (Thumb, 24 bytes, Stack size 0 bytes, gd32h7xx_usart.o(.text), UNUSED)

<P><STRONG><a name="[235]"></a>usart_lin_mode_enable</STRONG> (Thumb, 18 bytes, Stack size 0 bytes, gd32h7xx_usart.o(.text), UNUSED)

<P><STRONG><a name="[236]"></a>usart_lin_mode_disable</STRONG> (Thumb, 18 bytes, Stack size 0 bytes, gd32h7xx_usart.o(.text), UNUSED)

<P><STRONG><a name="[237]"></a>usart_lin_break_detection_length_config</STRONG> (Thumb, 28 bytes, Stack size 0 bytes, gd32h7xx_usart.o(.text), UNUSED)

<P><STRONG><a name="[238]"></a>usart_halfduplex_enable</STRONG> (Thumb, 18 bytes, Stack size 0 bytes, gd32h7xx_usart.o(.text), UNUSED)

<P><STRONG><a name="[239]"></a>usart_halfduplex_disable</STRONG> (Thumb, 18 bytes, Stack size 0 bytes, gd32h7xx_usart.o(.text), UNUSED)

<P><STRONG><a name="[23a]"></a>usart_clock_enable</STRONG> (Thumb, 18 bytes, Stack size 0 bytes, gd32h7xx_usart.o(.text), UNUSED)

<P><STRONG><a name="[23b]"></a>usart_clock_disable</STRONG> (Thumb, 18 bytes, Stack size 0 bytes, gd32h7xx_usart.o(.text), UNUSED)

<P><STRONG><a name="[23c]"></a>usart_synchronous_clock_config</STRONG> (Thumb, 58 bytes, Stack size 0 bytes, gd32h7xx_usart.o(.text), UNUSED)

<P><STRONG><a name="[23d]"></a>usart_guard_time_config</STRONG> (Thumb, 28 bytes, Stack size 0 bytes, gd32h7xx_usart.o(.text), UNUSED)

<P><STRONG><a name="[23e]"></a>usart_smartcard_mode_enable</STRONG> (Thumb, 18 bytes, Stack size 0 bytes, gd32h7xx_usart.o(.text), UNUSED)

<P><STRONG><a name="[23f]"></a>usart_smartcard_mode_disable</STRONG> (Thumb, 18 bytes, Stack size 0 bytes, gd32h7xx_usart.o(.text), UNUSED)

<P><STRONG><a name="[240]"></a>usart_smartcard_mode_nack_enable</STRONG> (Thumb, 18 bytes, Stack size 0 bytes, gd32h7xx_usart.o(.text), UNUSED)

<P><STRONG><a name="[241]"></a>usart_smartcard_mode_nack_disable</STRONG> (Thumb, 18 bytes, Stack size 0 bytes, gd32h7xx_usart.o(.text), UNUSED)

<P><STRONG><a name="[242]"></a>usart_smartcard_mode_early_nack_enable</STRONG> (Thumb, 14 bytes, Stack size 0 bytes, gd32h7xx_usart.o(.text), UNUSED)

<P><STRONG><a name="[243]"></a>usart_smartcard_mode_early_nack_disable</STRONG> (Thumb, 14 bytes, Stack size 0 bytes, gd32h7xx_usart.o(.text), UNUSED)

<P><STRONG><a name="[244]"></a>usart_smartcard_autoretry_config</STRONG> (Thumb, 30 bytes, Stack size 0 bytes, gd32h7xx_usart.o(.text), UNUSED)

<P><STRONG><a name="[245]"></a>usart_block_length_config</STRONG> (Thumb, 18 bytes, Stack size 0 bytes, gd32h7xx_usart.o(.text), UNUSED)

<P><STRONG><a name="[246]"></a>usart_irda_mode_enable</STRONG> (Thumb, 18 bytes, Stack size 0 bytes, gd32h7xx_usart.o(.text), UNUSED)

<P><STRONG><a name="[247]"></a>usart_irda_mode_disable</STRONG> (Thumb, 18 bytes, Stack size 0 bytes, gd32h7xx_usart.o(.text), UNUSED)

<P><STRONG><a name="[248]"></a>usart_prescaler_config</STRONG> (Thumb, 24 bytes, Stack size 0 bytes, gd32h7xx_usart.o(.text), UNUSED)

<P><STRONG><a name="[249]"></a>usart_irda_lowpower_config</STRONG> (Thumb, 28 bytes, Stack size 0 bytes, gd32h7xx_usart.o(.text), UNUSED)

<P><STRONG><a name="[24a]"></a>usart_hardware_flow_rts_config</STRONG> (Thumb, 24 bytes, Stack size 0 bytes, gd32h7xx_usart.o(.text), UNUSED)

<P><STRONG><a name="[24b]"></a>usart_hardware_flow_cts_config</STRONG> (Thumb, 24 bytes, Stack size 0 bytes, gd32h7xx_usart.o(.text), UNUSED)

<P><STRONG><a name="[24c]"></a>usart_hardware_flow_coherence_config</STRONG> (Thumb, 28 bytes, Stack size 0 bytes, gd32h7xx_usart.o(.text), UNUSED)

<P><STRONG><a name="[24d]"></a>usart_rs485_driver_enable</STRONG> (Thumb, 18 bytes, Stack size 0 bytes, gd32h7xx_usart.o(.text), UNUSED)

<P><STRONG><a name="[24e]"></a>usart_rs485_driver_disable</STRONG> (Thumb, 18 bytes, Stack size 0 bytes, gd32h7xx_usart.o(.text), UNUSED)

<P><STRONG><a name="[24f]"></a>usart_driver_assertime_config</STRONG> (Thumb, 30 bytes, Stack size 0 bytes, gd32h7xx_usart.o(.text), UNUSED)

<P><STRONG><a name="[250]"></a>usart_driver_deassertime_config</STRONG> (Thumb, 30 bytes, Stack size 0 bytes, gd32h7xx_usart.o(.text), UNUSED)

<P><STRONG><a name="[251]"></a>usart_depolarity_config</STRONG> (Thumb, 28 bytes, Stack size 0 bytes, gd32h7xx_usart.o(.text), UNUSED)

<P><STRONG><a name="[252]"></a>usart_dma_receive_config</STRONG> (Thumb, 12 bytes, Stack size 0 bytes, gd32h7xx_usart.o(.text), UNUSED)

<P><STRONG><a name="[253]"></a>usart_dma_transmit_config</STRONG> (Thumb, 12 bytes, Stack size 0 bytes, gd32h7xx_usart.o(.text), UNUSED)

<P><STRONG><a name="[254]"></a>usart_reception_error_dma_disable</STRONG> (Thumb, 18 bytes, Stack size 0 bytes, gd32h7xx_usart.o(.text), UNUSED)

<P><STRONG><a name="[255]"></a>usart_reception_error_dma_enable</STRONG> (Thumb, 18 bytes, Stack size 0 bytes, gd32h7xx_usart.o(.text), UNUSED)

<P><STRONG><a name="[256]"></a>usart_wakeup_enable</STRONG> (Thumb, 10 bytes, Stack size 0 bytes, gd32h7xx_usart.o(.text), UNUSED)

<P><STRONG><a name="[257]"></a>usart_wakeup_disable</STRONG> (Thumb, 10 bytes, Stack size 0 bytes, gd32h7xx_usart.o(.text), UNUSED)

<P><STRONG><a name="[258]"></a>usart_wakeup_mode_config</STRONG> (Thumb, 28 bytes, Stack size 0 bytes, gd32h7xx_usart.o(.text), UNUSED)

<P><STRONG><a name="[259]"></a>usart_fifo_enable</STRONG> (Thumb, 14 bytes, Stack size 0 bytes, gd32h7xx_usart.o(.text), UNUSED)

<P><STRONG><a name="[25a]"></a>usart_fifo_disable</STRONG> (Thumb, 14 bytes, Stack size 0 bytes, gd32h7xx_usart.o(.text), UNUSED)

<P><STRONG><a name="[25b]"></a>usart_transmit_fifo_threshold_config</STRONG> (Thumb, 24 bytes, Stack size 0 bytes, gd32h7xx_usart.o(.text), UNUSED)

<P><STRONG><a name="[25c]"></a>usart_receive_fifo_threshold_config</STRONG> (Thumb, 24 bytes, Stack size 0 bytes, gd32h7xx_usart.o(.text), UNUSED)

<P><STRONG><a name="[25d]"></a>usart_receive_fifo_counter_number</STRONG> (Thumb, 22 bytes, Stack size 0 bytes, gd32h7xx_usart.o(.text), UNUSED)

<P><STRONG><a name="[c2]"></a>usart_flag_get</STRONG> (Thumb, 16 bytes, Stack size 0 bytes, gd32h7xx_usart.o(.text))
<BR><BR>[Called By]<UL><LI><a href="#[b3]">&gt;&gt;</a>&nbsp;&nbsp;&nbsp;fputc
</UL>

<P><STRONG><a name="[25e]"></a>usart_flag_clear</STRONG> (Thumb, 80 bytes, Stack size 0 bytes, gd32h7xx_usart.o(.text), UNUSED)

<P><STRONG><a name="[25f]"></a>usart_interrupt_enable</STRONG> (Thumb, 20 bytes, Stack size 0 bytes, gd32h7xx_usart.o(.text), UNUSED)

<P><STRONG><a name="[260]"></a>usart_interrupt_disable</STRONG> (Thumb, 22 bytes, Stack size 0 bytes, gd32h7xx_usart.o(.text), UNUSED)

<P><STRONG><a name="[261]"></a>usart_interrupt_flag_get</STRONG> (Thumb, 32 bytes, Stack size 0 bytes, gd32h7xx_usart.o(.text), UNUSED)

<P><STRONG><a name="[262]"></a>usart_interrupt_flag_clear</STRONG> (Thumb, 70 bytes, Stack size 0 bytes, gd32h7xx_usart.o(.text), UNUSED)

<P><STRONG><a name="[3]"></a>Reset_Handler</STRONG> (Thumb, 26 bytes, Stack size 0 bytes, startup_gd32h7xx.o(.text))
<BR>[Address Reference Count : 1]<UL><LI> startup_gd32h7xx.o(RESET)
</UL>
<P><STRONG><a name="[1f]"></a>ADC0_1_IRQHandler</STRONG> (Thumb, 0 bytes, Stack size 0 bytes, startup_gd32h7xx.o(.text))
<BR><BR>[Calls]<UL><LI><a href="#[1f]">&gt;&gt;</a>&nbsp;&nbsp;&nbsp;ADC0_1_IRQHandler
</UL>
<BR>[Called By]<UL><LI><a href="#[1f]">&gt;&gt;</a>&nbsp;&nbsp;&nbsp;ADC0_1_IRQHandler
</UL>
<BR>[Address Reference Count : 1]<UL><LI> startup_gd32h7xx.o(RESET)
</UL>
<P><STRONG><a name="[70]"></a>ADC2_IRQHandler</STRONG> (Thumb, 0 bytes, Stack size 0 bytes, startup_gd32h7xx.o(.text))
<BR>[Address Reference Count : 1]<UL><LI> startup_gd32h7xx.o(RESET)
</UL>
<P><STRONG><a name="[e]"></a>AVD_LVD_OVD_IRQHandler</STRONG> (Thumb, 0 bytes, Stack size 0 bytes, startup_gd32h7xx.o(.text))
<BR>[Address Reference Count : 1]<UL><LI> startup_gd32h7xx.o(RESET)
</UL>
<P><STRONG><a name="[8c]"></a>CAN0_Busoff_IRQHandler</STRONG> (Thumb, 0 bytes, Stack size 0 bytes, startup_gd32h7xx.o(.text))
<BR>[Address Reference Count : 1]<UL><LI> startup_gd32h7xx.o(RESET)
</UL>
<P><STRONG><a name="[8d]"></a>CAN0_Error_IRQHandler</STRONG> (Thumb, 0 bytes, Stack size 0 bytes, startup_gd32h7xx.o(.text))
<BR>[Address Reference Count : 1]<UL><LI> startup_gd32h7xx.o(RESET)
</UL>
<P><STRONG><a name="[8e]"></a>CAN0_FastError_IRQHandler</STRONG> (Thumb, 0 bytes, Stack size 0 bytes, startup_gd32h7xx.o(.text))
<BR>[Address Reference Count : 1]<UL><LI> startup_gd32h7xx.o(RESET)
</UL>
<P><STRONG><a name="[8b]"></a>CAN0_Message_IRQHandler</STRONG> (Thumb, 0 bytes, Stack size 0 bytes, startup_gd32h7xx.o(.text))
<BR>[Address Reference Count : 1]<UL><LI> startup_gd32h7xx.o(RESET)
</UL>
<P><STRONG><a name="[90]"></a>CAN0_REC_IRQHandler</STRONG> (Thumb, 0 bytes, Stack size 0 bytes, startup_gd32h7xx.o(.text))
<BR>[Address Reference Count : 1]<UL><LI> startup_gd32h7xx.o(RESET)
</UL>
<P><STRONG><a name="[8f]"></a>CAN0_TEC_IRQHandler</STRONG> (Thumb, 0 bytes, Stack size 0 bytes, startup_gd32h7xx.o(.text))
<BR>[Address Reference Count : 1]<UL><LI> startup_gd32h7xx.o(RESET)
</UL>
<P><STRONG><a name="[8a]"></a>CAN0_WKUP_IRQHandler</STRONG> (Thumb, 0 bytes, Stack size 0 bytes, startup_gd32h7xx.o(.text))
<BR>[Address Reference Count : 1]<UL><LI> startup_gd32h7xx.o(RESET)
</UL>
<P><STRONG><a name="[93]"></a>CAN1_Busoff_IRQHandler</STRONG> (Thumb, 0 bytes, Stack size 0 bytes, startup_gd32h7xx.o(.text))
<BR>[Address Reference Count : 1]<UL><LI> startup_gd32h7xx.o(RESET)
</UL>
<P><STRONG><a name="[94]"></a>CAN1_Error_IRQHandler</STRONG> (Thumb, 0 bytes, Stack size 0 bytes, startup_gd32h7xx.o(.text))
<BR>[Address Reference Count : 1]<UL><LI> startup_gd32h7xx.o(RESET)
</UL>
<P><STRONG><a name="[95]"></a>CAN1_FastError_IRQHandler</STRONG> (Thumb, 0 bytes, Stack size 0 bytes, startup_gd32h7xx.o(.text))
<BR>[Address Reference Count : 1]<UL><LI> startup_gd32h7xx.o(RESET)
</UL>
<P><STRONG><a name="[92]"></a>CAN1_Message_IRQHandler</STRONG> (Thumb, 0 bytes, Stack size 0 bytes, startup_gd32h7xx.o(.text))
<BR>[Address Reference Count : 1]<UL><LI> startup_gd32h7xx.o(RESET)
</UL>
<P><STRONG><a name="[97]"></a>CAN1_REC_IRQHandler</STRONG> (Thumb, 0 bytes, Stack size 0 bytes, startup_gd32h7xx.o(.text))
<BR>[Address Reference Count : 1]<UL><LI> startup_gd32h7xx.o(RESET)
</UL>
<P><STRONG><a name="[96]"></a>CAN1_TEC_IRQHandler</STRONG> (Thumb, 0 bytes, Stack size 0 bytes, startup_gd32h7xx.o(.text))
<BR>[Address Reference Count : 1]<UL><LI> startup_gd32h7xx.o(RESET)
</UL>
<P><STRONG><a name="[91]"></a>CAN1_WKUP_IRQHandler</STRONG> (Thumb, 0 bytes, Stack size 0 bytes, startup_gd32h7xx.o(.text))
<BR>[Address Reference Count : 1]<UL><LI> startup_gd32h7xx.o(RESET)
</UL>
<P><STRONG><a name="[9a]"></a>CAN2_Busoff_IRQHandler</STRONG> (Thumb, 0 bytes, Stack size 0 bytes, startup_gd32h7xx.o(.text))
<BR>[Address Reference Count : 1]<UL><LI> startup_gd32h7xx.o(RESET)
</UL>
<P><STRONG><a name="[9b]"></a>CAN2_Error_IRQHandler</STRONG> (Thumb, 0 bytes, Stack size 0 bytes, startup_gd32h7xx.o(.text))
<BR>[Address Reference Count : 1]<UL><LI> startup_gd32h7xx.o(RESET)
</UL>
<P><STRONG><a name="[9c]"></a>CAN2_FastError_IRQHandler</STRONG> (Thumb, 0 bytes, Stack size 0 bytes, startup_gd32h7xx.o(.text))
<BR>[Address Reference Count : 1]<UL><LI> startup_gd32h7xx.o(RESET)
</UL>
<P><STRONG><a name="[99]"></a>CAN2_Message_IRQHandler</STRONG> (Thumb, 0 bytes, Stack size 0 bytes, startup_gd32h7xx.o(.text))
<BR>[Address Reference Count : 1]<UL><LI> startup_gd32h7xx.o(RESET)
</UL>
<P><STRONG><a name="[9e]"></a>CAN2_REC_IRQHandler</STRONG> (Thumb, 0 bytes, Stack size 0 bytes, startup_gd32h7xx.o(.text))
<BR>[Address Reference Count : 1]<UL><LI> startup_gd32h7xx.o(RESET)
</UL>
<P><STRONG><a name="[9d]"></a>CAN2_TEC_IRQHandler</STRONG> (Thumb, 0 bytes, Stack size 0 bytes, startup_gd32h7xx.o(.text))
<BR>[Address Reference Count : 1]<UL><LI> startup_gd32h7xx.o(RESET)
</UL>
<P><STRONG><a name="[98]"></a>CAN2_WKUP_IRQHandler</STRONG> (Thumb, 0 bytes, Stack size 0 bytes, startup_gd32h7xx.o(.text))
<BR>[Address Reference Count : 1]<UL><LI> startup_gd32h7xx.o(RESET)
</UL>
<P><STRONG><a name="[52]"></a>CAU_IRQHandler</STRONG> (Thumb, 0 bytes, Stack size 0 bytes, startup_gd32h7xx.o(.text))
<BR>[Address Reference Count : 1]<UL><LI> startup_gd32h7xx.o(RESET)
</UL>
<P><STRONG><a name="[71]"></a>CMP0_1_IRQHandler</STRONG> (Thumb, 0 bytes, Stack size 0 bytes, startup_gd32h7xx.o(.text))
<BR>[Address Reference Count : 1]<UL><LI> startup_gd32h7xx.o(RESET)
</UL>
<P><STRONG><a name="[72]"></a>CTC_IRQHandler</STRONG> (Thumb, 0 bytes, Stack size 0 bytes, startup_gd32h7xx.o(.text))
<BR>[Address Reference Count : 1]<UL><LI> startup_gd32h7xx.o(RESET)
</UL>
<P><STRONG><a name="[51]"></a>DCI_IRQHandler</STRONG> (Thumb, 0 bytes, Stack size 0 bytes, startup_gd32h7xx.o(.text))
<BR>[Address Reference Count : 1]<UL><LI> startup_gd32h7xx.o(RESET)
</UL>
<P><STRONG><a name="[18]"></a>DMA0_Channel0_IRQHandler</STRONG> (Thumb, 0 bytes, Stack size 0 bytes, startup_gd32h7xx.o(.text))
<BR>[Address Reference Count : 1]<UL><LI> startup_gd32h7xx.o(RESET)
</UL>
<P><STRONG><a name="[19]"></a>DMA0_Channel1_IRQHandler</STRONG> (Thumb, 0 bytes, Stack size 0 bytes, startup_gd32h7xx.o(.text))
<BR>[Address Reference Count : 1]<UL><LI> startup_gd32h7xx.o(RESET)
</UL>
<P><STRONG><a name="[1a]"></a>DMA0_Channel2_IRQHandler</STRONG> (Thumb, 0 bytes, Stack size 0 bytes, startup_gd32h7xx.o(.text))
<BR>[Address Reference Count : 1]<UL><LI> startup_gd32h7xx.o(RESET)
</UL>
<P><STRONG><a name="[1b]"></a>DMA0_Channel3_IRQHandler</STRONG> (Thumb, 0 bytes, Stack size 0 bytes, startup_gd32h7xx.o(.text))
<BR>[Address Reference Count : 1]<UL><LI> startup_gd32h7xx.o(RESET)
</UL>
<P><STRONG><a name="[1c]"></a>DMA0_Channel4_IRQHandler</STRONG> (Thumb, 0 bytes, Stack size 0 bytes, startup_gd32h7xx.o(.text))
<BR>[Address Reference Count : 1]<UL><LI> startup_gd32h7xx.o(RESET)
</UL>
<P><STRONG><a name="[1d]"></a>DMA0_Channel5_IRQHandler</STRONG> (Thumb, 0 bytes, Stack size 0 bytes, startup_gd32h7xx.o(.text))
<BR>[Address Reference Count : 1]<UL><LI> startup_gd32h7xx.o(RESET)
</UL>
<P><STRONG><a name="[1e]"></a>DMA0_Channel6_IRQHandler</STRONG> (Thumb, 0 bytes, Stack size 0 bytes, startup_gd32h7xx.o(.text))
<BR>[Address Reference Count : 1]<UL><LI> startup_gd32h7xx.o(RESET)
</UL>
<P><STRONG><a name="[37]"></a>DMA0_Channel7_IRQHandler</STRONG> (Thumb, 0 bytes, Stack size 0 bytes, startup_gd32h7xx.o(.text))
<BR>[Address Reference Count : 1]<UL><LI> startup_gd32h7xx.o(RESET)
</UL>
<P><STRONG><a name="[40]"></a>DMA1_Channel0_IRQHandler</STRONG> (Thumb, 0 bytes, Stack size 0 bytes, startup_gd32h7xx.o(.text))
<BR>[Address Reference Count : 1]<UL><LI> startup_gd32h7xx.o(RESET)
</UL>
<P><STRONG><a name="[41]"></a>DMA1_Channel1_IRQHandler</STRONG> (Thumb, 0 bytes, Stack size 0 bytes, startup_gd32h7xx.o(.text))
<BR>[Address Reference Count : 1]<UL><LI> startup_gd32h7xx.o(RESET)
</UL>
<P><STRONG><a name="[42]"></a>DMA1_Channel2_IRQHandler</STRONG> (Thumb, 0 bytes, Stack size 0 bytes, startup_gd32h7xx.o(.text))
<BR>[Address Reference Count : 1]<UL><LI> startup_gd32h7xx.o(RESET)
</UL>
<P><STRONG><a name="[43]"></a>DMA1_Channel3_IRQHandler</STRONG> (Thumb, 0 bytes, Stack size 0 bytes, startup_gd32h7xx.o(.text))
<BR>[Address Reference Count : 1]<UL><LI> startup_gd32h7xx.o(RESET)
</UL>
<P><STRONG><a name="[44]"></a>DMA1_Channel4_IRQHandler</STRONG> (Thumb, 0 bytes, Stack size 0 bytes, startup_gd32h7xx.o(.text))
<BR>[Address Reference Count : 1]<UL><LI> startup_gd32h7xx.o(RESET)
</UL>
<P><STRONG><a name="[47]"></a>DMA1_Channel5_IRQHandler</STRONG> (Thumb, 0 bytes, Stack size 0 bytes, startup_gd32h7xx.o(.text))
<BR>[Address Reference Count : 1]<UL><LI> startup_gd32h7xx.o(RESET)
</UL>
<P><STRONG><a name="[48]"></a>DMA1_Channel6_IRQHandler</STRONG> (Thumb, 0 bytes, Stack size 0 bytes, startup_gd32h7xx.o(.text))
<BR>[Address Reference Count : 1]<UL><LI> startup_gd32h7xx.o(RESET)
</UL>
<P><STRONG><a name="[49]"></a>DMA1_Channel7_IRQHandler</STRONG> (Thumb, 0 bytes, Stack size 0 bytes, startup_gd32h7xx.o(.text))
<BR>[Address Reference Count : 1]<UL><LI> startup_gd32h7xx.o(RESET)
</UL>
<P><STRONG><a name="[63]"></a>DMAMUX_OVR_IRQHandler</STRONG> (Thumb, 0 bytes, Stack size 0 bytes, startup_gd32h7xx.o(.text))
<BR>[Address Reference Count : 1]<UL><LI> startup_gd32h7xx.o(RESET)
</UL>
<P><STRONG><a name="[9f]"></a>EFUSE_IRQHandler</STRONG> (Thumb, 0 bytes, Stack size 0 bytes, startup_gd32h7xx.o(.text))
<BR>[Address Reference Count : 1]<UL><LI> startup_gd32h7xx.o(RESET)
</UL>
<P><STRONG><a name="[45]"></a>ENET0_IRQHandler</STRONG> (Thumb, 0 bytes, Stack size 0 bytes, startup_gd32h7xx.o(.text))
<BR>[Address Reference Count : 1]<UL><LI> startup_gd32h7xx.o(RESET)
</UL>
<P><STRONG><a name="[46]"></a>ENET0_WKUP_IRQHandler</STRONG> (Thumb, 0 bytes, Stack size 0 bytes, startup_gd32h7xx.o(.text))
<BR>[Address Reference Count : 1]<UL><LI> startup_gd32h7xx.o(RESET)
</UL>
<P><STRONG><a name="[88]"></a>ENET1_IRQHandler</STRONG> (Thumb, 0 bytes, Stack size 0 bytes, startup_gd32h7xx.o(.text))
<BR>[Address Reference Count : 1]<UL><LI> startup_gd32h7xx.o(RESET)
</UL>
<P><STRONG><a name="[89]"></a>ENET1_WKUP_IRQHandler</STRONG> (Thumb, 0 bytes, Stack size 0 bytes, startup_gd32h7xx.o(.text))
<BR>[Address Reference Count : 1]<UL><LI> startup_gd32h7xx.o(RESET)
</UL>
<P><STRONG><a name="[38]"></a>EXMC_IRQHandler</STRONG> (Thumb, 0 bytes, Stack size 0 bytes, startup_gd32h7xx.o(.text))
<BR>[Address Reference Count : 1]<UL><LI> startup_gd32h7xx.o(RESET)
</UL>
<P><STRONG><a name="[13]"></a>EXTI0_IRQHandler</STRONG> (Thumb, 0 bytes, Stack size 0 bytes, startup_gd32h7xx.o(.text))
<BR>[Address Reference Count : 1]<UL><LI> startup_gd32h7xx.o(RESET)
</UL>
<P><STRONG><a name="[31]"></a>EXTI10_15_IRQHandler</STRONG> (Thumb, 0 bytes, Stack size 0 bytes, startup_gd32h7xx.o(.text))
<BR>[Address Reference Count : 1]<UL><LI> startup_gd32h7xx.o(RESET)
</UL>
<P><STRONG><a name="[14]"></a>EXTI1_IRQHandler</STRONG> (Thumb, 0 bytes, Stack size 0 bytes, startup_gd32h7xx.o(.text))
<BR>[Address Reference Count : 1]<UL><LI> startup_gd32h7xx.o(RESET)
</UL>
<P><STRONG><a name="[15]"></a>EXTI2_IRQHandler</STRONG> (Thumb, 0 bytes, Stack size 0 bytes, startup_gd32h7xx.o(.text))
<BR>[Address Reference Count : 1]<UL><LI> startup_gd32h7xx.o(RESET)
</UL>
<P><STRONG><a name="[16]"></a>EXTI3_IRQHandler</STRONG> (Thumb, 0 bytes, Stack size 0 bytes, startup_gd32h7xx.o(.text))
<BR>[Address Reference Count : 1]<UL><LI> startup_gd32h7xx.o(RESET)
</UL>
<P><STRONG><a name="[17]"></a>EXTI4_IRQHandler</STRONG> (Thumb, 0 bytes, Stack size 0 bytes, startup_gd32h7xx.o(.text))
<BR>[Address Reference Count : 1]<UL><LI> startup_gd32h7xx.o(RESET)
</UL>
<P><STRONG><a name="[20]"></a>EXTI5_9_IRQHandler</STRONG> (Thumb, 0 bytes, Stack size 0 bytes, startup_gd32h7xx.o(.text))
<BR>[Address Reference Count : 1]<UL><LI> startup_gd32h7xx.o(RESET)
</UL>
<P><STRONG><a name="[77]"></a>FAC_IRQHandler</STRONG> (Thumb, 0 bytes, Stack size 0 bytes, startup_gd32h7xx.o(.text))
<BR>[Address Reference Count : 1]<UL><LI> startup_gd32h7xx.o(RESET)
</UL>
<P><STRONG><a name="[11]"></a>FMC_IRQHandler</STRONG> (Thumb, 0 bytes, Stack size 0 bytes, startup_gd32h7xx.o(.text))
<BR>[Address Reference Count : 1]<UL><LI> startup_gd32h7xx.o(RESET)
</UL>
<P><STRONG><a name="[54]"></a>FPU_IRQHandler</STRONG> (Thumb, 0 bytes, Stack size 0 bytes, startup_gd32h7xx.o(.text))
<BR>[Address Reference Count : 1]<UL><LI> startup_gd32h7xx.o(RESET)
</UL>
<P><STRONG><a name="[53]"></a>HAU_TRNG_IRQHandler</STRONG> (Thumb, 0 bytes, Stack size 0 bytes, startup_gd32h7xx.o(.text))
<BR>[Address Reference Count : 1]<UL><LI> startup_gd32h7xx.o(RESET)
</UL>
<P><STRONG><a name="[64]"></a>HPDF_INT0_IRQHandler</STRONG> (Thumb, 0 bytes, Stack size 0 bytes, startup_gd32h7xx.o(.text))
<BR>[Address Reference Count : 1]<UL><LI> startup_gd32h7xx.o(RESET)
</UL>
<P><STRONG><a name="[65]"></a>HPDF_INT1_IRQHandler</STRONG> (Thumb, 0 bytes, Stack size 0 bytes, startup_gd32h7xx.o(.text))
<BR>[Address Reference Count : 1]<UL><LI> startup_gd32h7xx.o(RESET)
</UL>
<P><STRONG><a name="[66]"></a>HPDF_INT2_IRQHandler</STRONG> (Thumb, 0 bytes, Stack size 0 bytes, startup_gd32h7xx.o(.text))
<BR>[Address Reference Count : 1]<UL><LI> startup_gd32h7xx.o(RESET)
</UL>
<P><STRONG><a name="[67]"></a>HPDF_INT3_IRQHandler</STRONG> (Thumb, 0 bytes, Stack size 0 bytes, startup_gd32h7xx.o(.text))
<BR>[Address Reference Count : 1]<UL><LI> startup_gd32h7xx.o(RESET)
</UL>
<P><STRONG><a name="[6f]"></a>HWSEM_IRQHandler</STRONG> (Thumb, 0 bytes, Stack size 0 bytes, startup_gd32h7xx.o(.text))
<BR>[Address Reference Count : 1]<UL><LI> startup_gd32h7xx.o(RESET)
</UL>
<P><STRONG><a name="[29]"></a>I2C0_ER_IRQHandler</STRONG> (Thumb, 0 bytes, Stack size 0 bytes, startup_gd32h7xx.o(.text))
<BR>[Address Reference Count : 1]<UL><LI> startup_gd32h7xx.o(RESET)
</UL>
<P><STRONG><a name="[28]"></a>I2C0_EV_IRQHandler</STRONG> (Thumb, 0 bytes, Stack size 0 bytes, startup_gd32h7xx.o(.text))
<BR>[Address Reference Count : 1]<UL><LI> startup_gd32h7xx.o(RESET)
</UL>
<P><STRONG><a name="[a0]"></a>I2C0_WKUP_IRQHandler</STRONG> (Thumb, 0 bytes, Stack size 0 bytes, startup_gd32h7xx.o(.text))
<BR>[Address Reference Count : 1]<UL><LI> startup_gd32h7xx.o(RESET)
</UL>
<P><STRONG><a name="[2b]"></a>I2C1_ER_IRQHandler</STRONG> (Thumb, 0 bytes, Stack size 0 bytes, startup_gd32h7xx.o(.text))
<BR>[Address Reference Count : 1]<UL><LI> startup_gd32h7xx.o(RESET)
</UL>
<P><STRONG><a name="[2a]"></a>I2C1_EV_IRQHandler</STRONG> (Thumb, 0 bytes, Stack size 0 bytes, startup_gd32h7xx.o(.text))
<BR>[Address Reference Count : 1]<UL><LI> startup_gd32h7xx.o(RESET)
</UL>
<P><STRONG><a name="[a1]"></a>I2C1_WKUP_IRQHandler</STRONG> (Thumb, 0 bytes, Stack size 0 bytes, startup_gd32h7xx.o(.text))
<BR>[Address Reference Count : 1]<UL><LI> startup_gd32h7xx.o(RESET)
</UL>
[...]
<BR><BR>[Stack]<UL><LI>Max Depth = 16<LI>Call Chain = nn_log_softmax_struct_init
</UL>
<BR>[Calls]<UL><LI><a href="#[147]">&gt;&gt;</a>&nbsp;&nbsp;&nbsp;read_nn_f32
<LI><a href="#[109]">&gt;&gt;</a>&nbsp;&nbsp;&nbsp;read_nn_int32
</UL>
<BR>[Called By]<UL><LI><a href="#[ff]">&gt;&gt;</a>&nbsp;&nbsp;&nbsp;nn_special_params_struct_create_init
</UL>

<P><STRONG><a name="[122]"></a>nn_transpose_conv2d_params_struct_init</STRONG> (Thumb, 160 bytes, Stack size 16 bytes, gd_nn_special_op_and_quan.o(.text))
<BR><BR>[Stack]<UL><LI>Max Depth = 16<LI>Call Chain = nn_transpose_conv2d_params_struct_init
</UL>
<BR>[Calls]<UL><LI><a href="#[147]">&gt;&gt;</a>&nbsp;&nbsp;&nbsp;read_nn_f32
<LI><a href="#[109]">&gt;&gt;</a>&nbsp;&nbsp;&nbsp;read_nn_int32
</UL>
<BR>[Called By]<UL><LI><a href="#[ff]">&gt;&gt;</a>&nbsp;&nbsp;&nbsp;nn_special_params_struct_create_init
</UL>

<P><STRONG><a name="[123]"></a>nn_abs_struct_init</STRONG> (Thumb, 64 bytes, Stack size 16 bytes, gd_nn_special_op_and_quan.o(.text))
<BR><BR>[Stack]<UL><LI>Max Depth = 16<LI>Call Chain = nn_abs_struct_init
</UL>
<BR>[Calls]<UL><LI><a href="#[109]">&gt;&gt;</a>&nbsp;&nbsp;&nbsp;read_nn_int32
</UL>
<BR>[Called By]<UL><LI><a href="#[ff]">&gt;&gt;</a>&nbsp;&nbsp;&nbsp;nn_special_params_struct_create_init
</UL>

<P><STRONG><a name="[124]"></a>nn_prelu_struct_init</STRONG> (Thumb, 84 bytes, Stack size 16 bytes, gd_nn_special_op_and_quan.o(.text))
<BR><BR>[Stack]<UL><LI>Max Depth = 16<LI>Call Chain = nn_prelu_struct_init
</UL>
<BR>[Calls]<UL><LI><a href="#[109]">&gt;&gt;</a>&nbsp;&nbsp;&nbsp;read_nn_int32
</UL>
<BR>[Called By]<UL><LI><a href="#[ff]">&gt;&gt;</a>&nbsp;&nbsp;&nbsp;nn_special_params_struct_create_init
</UL>

<P><STRONG><a name="[125]"></a>nn_sub_struct_init</STRONG> (Thumb, 168 bytes, Stack size 16 bytes, gd_nn_special_op_and_quan.o(.text))
<BR><BR>[Stack]<UL><LI>Max Depth = 16<LI>Call Chain = nn_sub_struct_init
</UL>
<BR>[Calls]<UL><LI><a href="#[147]">&gt;&gt;</a>&nbsp;&nbsp;&nbsp;read_nn_f32
<LI><a href="#[109]">&gt;&gt;</a>&nbsp;&nbsp;&nbsp;read_nn_int32
</UL>
<BR>[Called By]<UL><LI><a href="#[ff]">&gt;&gt;</a>&nbsp;&nbsp;&nbsp;nn_special_params_struct_create_init
</UL>

<P><STRONG><a name="[126]"></a>nn_padv2_params_struct_init</STRONG> (Thumb, 172 bytes, Stack size 16 bytes, gd_nn_special_op_and_quan.o(.text))
<BR><BR>[Stack]<UL><LI>Max Depth = 16<LI>Call Chain = nn_padv2_params_struct_init
</UL>
<BR>[Calls]<UL><LI><a href="#[147]">&gt;&gt;</a>&nbsp;&nbsp;&nbsp;read_nn_f32
<LI><a href="#[109]">&gt;&gt;</a>&nbsp;&nbsp;&nbsp;read_nn_int32
<LI><a href="#[149]">&gt;&gt;</a>&nbsp;&nbsp;&nbsp;read_nn_int8
<LI><a href="#[dc]">&gt;&gt;</a>&nbsp;&nbsp;&nbsp;read_nn_uint8
</UL>
<BR>[Called By]<UL><LI><a href="#[ff]">&gt;&gt;</a>&nbsp;&nbsp;&nbsp;nn_special_params_struct_create_init
</UL>

<P><STRONG><a name="[127]"></a>nn_gather_struct_init</STRONG> (Thumb, 40 bytes, Stack size 16 bytes, gd_nn_special_op_and_quan.o(.text))
<BR><BR>[Stack]<UL><LI>Max Depth = 16<LI>Call Chain = nn_gather_struct_init
</UL>
<BR>[Calls]<UL><LI><a href="#[109]">&gt;&gt;</a>&nbsp;&nbsp;&nbsp;read_nn_int32
<LI><a href="#[148]">&gt;&gt;</a>&nbsp;&nbsp;&nbsp;read_nn_int16
</UL>
<BR>[Called By]<UL><LI><a href="#[ff]">&gt;&gt;</a>&nbsp;&nbsp;&nbsp;nn_special_params_struct_create_init
</UL>

<P><STRONG><a name="[128]"></a>nn_pow_struct_init</STRONG> (Thumb, 36 bytes, Stack size 16 bytes, gd_nn_special_op_and_quan.o(.text))
<BR><BR>[Stack]<UL><LI>Max Depth = 16<LI>Call Chain = nn_pow_struct_init
</UL>
<BR>[Calls]<UL><LI><a href="#[147]">&gt;&gt;</a>&nbsp;&nbsp;&nbsp;read_nn_f32
<LI><a href="#[109]">&gt;&gt;</a>&nbsp;&nbsp;&nbsp;read_nn_int32
</UL>
<BR>[Called By]<UL><LI><a href="#[ff]">&gt;&gt;</a>&nbsp;&nbsp;&nbsp;nn_special_params_struct_create_init
</UL>

<P><STRONG><a name="[129]"></a>nn_add_struct_init</STRONG> (Thumb, 160 bytes, Stack size 16 bytes, gd_nn_special_op_and_quan.o(.text))
<BR><BR>[Stack]<UL><LI>Max Depth = 16<LI>Call Chain = nn_add_struct_init
</UL>
<BR>[Calls]<UL><LI><a href="#[147]">&gt;&gt;</a>&nbsp;&nbsp;&nbsp;read_nn_f32
<LI><a href="#[109]">&gt;&gt;</a>&nbsp;&nbsp;&nbsp;read_nn_int32
</UL>
<BR>[Called By]<UL><LI><a href="#[ff]">&gt;&gt;</a>&nbsp;&nbsp;&nbsp;nn_special_params_struct_create_init
</UL>

<P><STRONG><a name="[12a]"></a>nn_relu6_params_struct_init</STRONG> (Thumb, 76 bytes, Stack size 16 bytes, gd_nn_special_op_and_quan.o(.text))
<BR><BR>[Stack]<UL><LI>Max Depth = 16<LI>Call Chain = nn_relu6_params_struct_init
</UL>
<BR>[Calls]<UL><LI><a href="#[147]">&gt;&gt;</a>&nbsp;&nbsp;&nbsp;read_nn_f32
<LI><a href="#[109]">&gt;&gt;</a>&nbsp;&nbsp;&nbsp;read_nn_int32
<LI><a href="#[148]">&gt;&gt;</a>&nbsp;&nbsp;&nbsp;read_nn_int16
</UL>
<BR>[Called By]<UL><LI><a href="#[ff]">&gt;&gt;</a>&nbsp;&nbsp;&nbsp;nn_special_params_struct_create_init
</UL>

<P><STRONG><a name="[12b]"></a>nn_quantization_struct_init</STRONG> (Thumb, 76 bytes, Stack size 16 bytes, gd_nn_special_op_and_quan.o(.text))
<BR><BR>[Stack]<UL><LI>Max Depth = 16<LI>Call Chain = nn_quantization_struct_init
</UL>
<BR>[Calls]<UL><LI><a href="#[147]">&gt;&gt;</a>&nbsp;&nbsp;&nbsp;read_nn_f32
<LI><a href="#[109]">&gt;&gt;</a>&nbsp;&nbsp;&nbsp;read_nn_int32
</UL>
<BR>[Called By]<UL><LI><a href="#[ff]">&gt;&gt;</a>&nbsp;&nbsp;&nbsp;nn_special_params_struct_create_init
</UL>

<P><STRONG><a name="[12c]"></a>nn_stridedslice_params_struct_init</STRONG> (Thumb, 268 bytes, Stack size 16 bytes, gd_nn_special_op_and_quan.o(.text))
<BR><BR>[Stack]<UL><LI>Max Depth = 16<LI>Call Chain = nn_stridedslice_params_struct_init
</UL>
<BR>[Calls]<UL><LI><a href="#[109]">&gt;&gt;</a>&nbsp;&nbsp;&nbsp;read_nn_int32
<LI><a href="#[148]">&gt;&gt;</a>&nbsp;&nbsp;&nbsp;read_nn_int16
</UL>
<BR>[Called By]<UL><LI><a href="#[ff]">&gt;&gt;</a>&nbsp;&nbsp;&nbsp;nn_special_params_struct_create_init
</UL>

<P><STRONG><a name="[12d]"></a>nn_relu_struct_init</STRONG> (Thumb, 52 bytes, Stack size 16 bytes, gd_nn_special_op_and_quan.o(.text))
<BR><BR>[Stack]<UL><LI>Max Depth = 16<LI>Call Chain = nn_relu_struct_init
</UL>
<BR>[Calls]<UL><LI><a href="#[109]">&gt;&gt;</a>&nbsp;&nbsp;&nbsp;read_nn_int32
</UL>
<BR>[Called By]<UL><LI><a href="#[ff]">&gt;&gt;</a>&nbsp;&nbsp;&nbsp;nn_special_params_struct_create_init
</UL>

<P><STRONG><a name="[12e]"></a>nn_dequantization_struct_init</STRONG> (Thumb, 44 bytes, Stack size 16 bytes, gd_nn_special_op_and_quan.o(.text))
<BR><BR>[Stack]<UL><LI>Max Depth = 16<LI>Call Chain = nn_dequantization_struct_init
</UL>
<BR>[Calls]<UL><LI><a href="#[147]">&gt;&gt;</a>&nbsp;&nbsp;&nbsp;read_nn_f32
<LI><a href="#[109]">&gt;&gt;</a>&nbsp;&nbsp;&nbsp;read_nn_int32
</UL>
<BR>[Called By]<UL><LI><a href="#[ff]">&gt;&gt;</a>&nbsp;&nbsp;&nbsp;nn_special_params_struct_create_init
</UL>

<P><STRONG><a name="[12f]"></a>nn_transpose_struct_init</STRONG> (Thumb, 84 bytes, Stack size 16 bytes, gd_nn_special_op_and_quan.o(.text))
<BR><BR>[Stack]<UL><LI>Max Depth = 16<LI>Call Chain = nn_transpose_struct_init
</UL>
<BR>[Calls]<UL><LI><a href="#[109]">&gt;&gt;</a>&nbsp;&nbsp;&nbsp;read_nn_int32
</UL>
<BR>[Called By]<UL><LI><a href="#[ff]">&gt;&gt;</a>&nbsp;&nbsp;&nbsp;nn_special_params_struct_create_init
</UL>

<P><STRONG><a name="[130]"></a>nn_dw_conv_params_struct_init</STRONG> (Thumb, 148 bytes, Stack size 16 bytes, gd_nn_special_op_and_quan.o(.text))
<BR><BR>[Stack]<UL><LI>Max Depth = 16<LI>Call Chain = nn_dw_conv_params_struct_init
</UL>
<BR>[Calls]<UL><LI><a href="#[147]">&gt;&gt;</a>&nbsp;&nbsp;&nbsp;read_nn_f32
<LI><a href="#[109]">&gt;&gt;</a>&nbsp;&nbsp;&nbsp;read_nn_int32
</UL>
<BR>[Called By]<UL><LI><a href="#[ff]">&gt;&gt;</a>&nbsp;&nbsp;&nbsp;nn_special_params_struct_create_init
</UL>

<P><STRONG><a name="[131]"></a>nn_concatenation_struct_init</STRONG> (Thumb, 76 bytes, Stack size 16 bytes, gd_nn_special_op_and_quan.o(.text))
<BR><BR>[Stack]<UL><LI>Max Depth = 16<LI>Call Chain = nn_concatenation_struct_init
</UL>
<BR>[Calls]<UL><LI><a href="#[147]">&gt;&gt;</a>&nbsp;&nbsp;&nbsp;read_nn_f32
<LI><a href="#[109]">&gt;&gt;</a>&nbsp;&nbsp;&nbsp;read_nn_int32
<LI><a href="#[148]">&gt;&gt;</a>&nbsp;&nbsp;&nbsp;read_nn_int16
<LI><a href="#[df]">&gt;&gt;</a>&nbsp;&nbsp;&nbsp;read_nn_uint16
</UL>
<BR>[Called By]<UL><LI><a href="#[ff]">&gt;&gt;</a>&nbsp;&nbsp;&nbsp;nn_special_params_struct_create_init
</UL>

<P><STRONG><a name="[132]"></a>nn_leakyrelu_params_struct_init</STRONG> (Thumb, 84 bytes, Stack size 16 bytes, gd_nn_special_op_and_quan.o(.text))
<BR><BR>[Stack]<UL><LI>Max Depth = 16<LI>Call Chain = nn_leakyrelu_params_struct_init
</UL>
<BR>[Calls]<UL><LI><a href="#[147]">&gt;&gt;</a>&nbsp;&nbsp;&nbsp;read_nn_f32
<LI><a href="#[109]">&gt;&gt;</a>&nbsp;&nbsp;&nbsp;read_nn_int32
</UL>
<BR>[Called By]<UL><LI><a href="#[ff]">&gt;&gt;</a>&nbsp;&nbsp;&nbsp;nn_special_params_struct_create_init
</UL>

<P><STRONG><a name="[133]"></a>nn_split_struct_init</STRONG> (Thumb, 32 bytes, Stack size 16 bytes, gd_nn_special_op_and_quan.o(.text))
<BR><BR>[Stack]<UL><LI>Max Depth = 16<LI>Call Chain = nn_split_struct_init
</UL>
<BR>[Calls]<UL><LI><a href="#[148]">&gt;&gt;</a>&nbsp;&nbsp;&nbsp;read_nn_int16
</UL>
<BR>[Called By]<UL><LI><a href="#[ff]">&gt;&gt;</a>&nbsp;&nbsp;&nbsp;nn_special_params_struct_create_init
</UL>

<P><STRONG><a name="[134]"></a>nn_softmax_params_struct_init</STRONG> (Thumb, 96 bytes, Stack size 16 bytes, gd_nn_special_op_and_quan.o(.text))
<BR><BR>[Stack]<UL><LI>Max Depth = 16<LI>Call Chain = nn_softmax_params_struct_init
</UL>
<BR>[Calls]<UL><LI><a href="#[147]">&gt;&gt;</a>&nbsp;&nbsp;&nbsp;read_nn_f32
<LI><a href="#[109]">&gt;&gt;</a>&nbsp;&nbsp;&nbsp;read_nn_int32
<LI><a href="#[df]">&gt;&gt;</a>&nbsp;&nbsp;&nbsp;read_nn_uint16
</UL>
<BR>[Called By]<UL><LI><a href="#[ff]">&gt;&gt;</a>&nbsp;&nbsp;&nbsp;nn_special_params_struct_create_init
</UL>

<P><STRONG><a name="[135]"></a>nn_conv2d_params_struct_init</STRONG> (Thumb, 140 bytes, Stack size 16 bytes, gd_nn_special_op_and_quan.o(.text))
<BR><BR>[Stack]<UL><LI>Max Depth = 16<LI>Call Chain = nn_conv2d_params_struct_init
</UL>
<BR>[Calls]<UL><LI><a href="#[147]">&gt;&gt;</a>&nbsp;&nbsp;&nbsp;read_nn_f32
<LI><a href="#[109]">&gt;&gt;</a>&nbsp;&nbsp;&nbsp;read_nn_int32
</UL>
<BR>[Called By]<UL><LI><a href="#[ff]">&gt;&gt;</a>&nbsp;&nbsp;&nbsp;nn_special_params_struct_create_init
</UL>

<P><STRONG><a name="[136]"></a>nn_SquaredDifference_struct_init</STRONG> (Thumb, 160 bytes, Stack size 16 bytes, gd_nn_special_op_and_quan.o(.text))
<BR><BR>[Stack]<UL><LI>Max Depth = 16<LI>Call Chain = nn_SquaredDifference_struct_init
</UL>
<BR>[Calls]<UL><LI><a href="#[147]">&gt;&gt;</a>&nbsp;&nbsp;&nbsp;read_nn_f32
<LI><a href="#[109]">&gt;&gt;</a>&nbsp;&nbsp;&nbsp;read_nn_int32
</UL>
<BR>[Called By]<UL><LI><a href="#[ff]">&gt;&gt;</a>&nbsp;&nbsp;&nbsp;nn_special_params_struct_create_init
</UL>

<P><STRONG><a name="[137]"></a>nn_pack_struct_init</STRONG> (Thumb, 48 bytes, Stack size 16 bytes, gd_nn_special_op_and_quan.o(.text))
<BR><BR>[Stack]<UL><LI>Max Depth = 16<LI>Call Chain = nn_pack_struct_init
</UL>
<BR>[Calls]<UL><LI><a href="#[df]">&gt;&gt;</a>&nbsp;&nbsp;&nbsp;read_nn_uint16
</UL>
<BR>[Called By]<UL><LI><a href="#[ff]">&gt;&gt;</a>&nbsp;&nbsp;&nbsp;nn_special_params_struct_create_init
</UL>

<P><STRONG><a name="[138]"></a>nn_resize_nearest_neighbor_struct_init</STRONG> (Thumb, 52 bytes, Stack size 16 bytes, gd_nn_special_op_and_quan.o(.text))
<BR><BR>[Stack]<UL><LI>Max Depth = 16<LI>Call Chain = nn_resize_nearest_neighbor_struct_init
</UL>
<BR>[Calls]<UL><LI><a href="#[109]">&gt;&gt;</a>&nbsp;&nbsp;&nbsp;read_nn_int32
<LI><a href="#[df]">&gt;&gt;</a>&nbsp;&nbsp;&nbsp;read_nn_uint16
</UL>
<BR>[Called By]<UL><LI><a href="#[ff]">&gt;&gt;</a>&nbsp;&nbsp;&nbsp;nn_special_params_struct_create_init
</UL>

<P><STRONG><a name="[139]"></a>nn_fc_params_struct_init</STRONG> (Thumb, 88 bytes, Stack size 16 bytes, gd_nn_special_op_and_quan.o(.text))
<BR><BR>[Stack]<UL><LI>Max Depth = 16<LI>Call Chain = nn_fc_params_struct_init
</UL>
<BR>[Calls]<UL><LI><a href="#[147]">&gt;&gt;</a>&nbsp;&nbsp;&nbsp;read_nn_f32
<LI><a href="#[109]">&gt;&gt;</a>&nbsp;&nbsp;&nbsp;read_nn_int32
<LI><a href="#[e3]">&gt;&gt;</a>&nbsp;&nbsp;&nbsp;read_nn_uint32
</UL>
<BR>[Called By]<UL><LI><a href="#[ff]">&gt;&gt;</a>&nbsp;&nbsp;&nbsp;nn_special_params_struct_create_init
</UL>

<P><STRONG><a name="[13a]"></a>nn_reduceMax_struct_init</STRONG> (Thumb, 68 bytes, Stack size 16 bytes, gd_nn_special_op_and_quan.o(.text))
<BR><BR>[Stack]<UL><LI>Max Depth = 16<LI>Call Chain = nn_reduceMax_struct_init
</UL>
<BR>[Calls]<UL><LI><a href="#[148]">&gt;&gt;</a>&nbsp;&nbsp;&nbsp;read_nn_int16
</UL>
<BR>[Called By]<UL><LI><a href="#[ff]">&gt;&gt;</a>&nbsp;&nbsp;&nbsp;nn_special_params_struct_create_init
</UL>

<P><STRONG><a name="[13b]"></a>nn_tanh_struct_init</STRONG> (Thumb, 52 bytes, Stack size 16 bytes, gd_nn_special_op_and_quan.o(.text))
<BR><BR>[Stack]<UL><LI>Max Depth = 16<LI>Call Chain = nn_tanh_struct_init
</UL>
<BR>[Calls]<UL><LI><a href="#[109]">&gt;&gt;</a>&nbsp;&nbsp;&nbsp;read_nn_int32
</UL>
<BR>[Called By]<UL><LI><a href="#[ff]">&gt;&gt;</a>&nbsp;&nbsp;&nbsp;nn_special_params_struct_create_init
</UL>

<P><STRONG><a name="[13c]"></a>nn_logistic_struct_init</STRONG> (Thumb, 52 bytes, Stack size 16 bytes, gd_nn_special_op_and_quan.o(.text))
<BR><BR>[Stack]<UL><LI>Max Depth = 16<LI>Call Chain = nn_logistic_struct_init
</UL>
<BR>[Calls]<UL><LI><a href="#[109]">&gt;&gt;</a>&nbsp;&nbsp;&nbsp;read_nn_int32
</UL>
<BR>[Called By]<UL><LI><a href="#[ff]">&gt;&gt;</a>&nbsp;&nbsp;&nbsp;nn_special_params_struct_create_init
</UL>

<P><STRONG><a name="[13d]"></a>nn_pad_params_struct_init</STRONG> (Thumb, 160 bytes, Stack size 16 bytes, gd_nn_special_op_and_quan.o(.text))
<BR><BR>[Stack]<UL><LI>Max Depth = 16<LI>Call Chain = nn_pad_params_struct_init
</UL>
<BR>[Calls]<UL><LI><a href="#[109]">&gt;&gt;</a>&nbsp;&nbsp;&nbsp;read_nn_int32
<LI><a href="#[dc]">&gt;&gt;</a>&nbsp;&nbsp;&nbsp;read_nn_uint8
</UL>
<BR>[Called By]<UL><LI><a href="#[ff]">&gt;&gt;</a>&nbsp;&nbsp;&nbsp;nn_special_params_struct_create_init
</UL>

<P><STRONG><a name="[13e]"></a>nn_mul_struct_init</STRONG> (Thumb, 128 bytes, Stack size 16 bytes, gd_nn_special_op_and_quan.o(.text))
<BR><BR>[Stack]<UL><LI>Max Depth = 16<LI>Call Chain = nn_mul_struct_init
</UL>
<BR>[Calls]<UL><LI><a href="#[147]">&gt;&gt;</a>&nbsp;&nbsp;&nbsp;read_nn_f32
<LI><a href="#[109]">&gt;&gt;</a>&nbsp;&nbsp;&nbsp;read_nn_int32
</UL>
<BR>[Called By]<UL><LI><a href="#[ff]">&gt;&gt;</a>&nbsp;&nbsp;&nbsp;nn_special_params_struct_create_init
</UL>

<P><STRONG><a name="[13f]"></a>nn_div_struct_init</STRONG> (Thumb, 48 bytes, Stack size 16 bytes, gd_nn_special_op_and_quan.o(.text))
<BR><BR>[Stack]<UL><LI>Max Depth = 16<LI>Call Chain = nn_div_struct_init
</UL>
<BR>[Calls]<UL><LI><a href="#[147]">&gt;&gt;</a>&nbsp;&nbsp;&nbsp;read_nn_f32
<LI><a href="#[109]">&gt;&gt;</a>&nbsp;&nbsp;&nbsp;read_nn_int32
</UL>
<BR>[Called By]<UL><LI><a href="#[ff]">&gt;&gt;</a>&nbsp;&nbsp;&nbsp;nn_special_params_struct_create_init
</UL>

<P><STRONG><a name="[140]"></a>nn_rsqrt_struct_init</STRONG> (Thumb, 64 bytes, Stack size 16 bytes, gd_nn_special_op_and_quan.o(.text))
<BR><BR>[Stack]<UL><LI>Max Depth = 16<LI>Call Chain = nn_rsqrt_struct_init
</UL>
<BR>[Calls]<UL><LI><a href="#[109]">&gt;&gt;</a>&nbsp;&nbsp;&nbsp;read_nn_int32
</UL>
<BR>[Called By]<UL><LI><a href="#[ff]">&gt;&gt;</a>&nbsp;&nbsp;&nbsp;nn_special_params_struct_create_init
</UL>

<P><STRONG><a name="[141]"></a>nn_resize_bilinear_struct_init</STRONG> (Thumb, 52 bytes, Stack size 16 bytes, gd_nn_special_op_and_quan.o(.text))
<BR><BR>[Stack]<UL><LI>Max Depth = 16<LI>Call Chain = nn_resize_bilinear_struct_init
</UL>
<BR>[Calls]<UL><LI><a href="#[109]">&gt;&gt;</a>&nbsp;&nbsp;&nbsp;read_nn_int32
<LI><a href="#[df]">&gt;&gt;</a>&nbsp;&nbsp;&nbsp;read_nn_uint16
</UL>
<BR>[Called By]<UL><LI><a href="#[ff]">&gt;&gt;</a>&nbsp;&nbsp;&nbsp;nn_special_params_struct_create_init
</UL>

<P><STRONG><a name="[142]"></a>nn_mirror_pad_struct_init</STRONG> (Thumb, 124 bytes, Stack size 16 bytes, gd_nn_special_op_and_quan.o(.text))
<BR><BR>[Stack]<UL><LI>Max Depth = 16<LI>Call Chain = nn_mirror_pad_struct_init
</UL>
<BR>[Calls]<UL><LI><a href="#[109]">&gt;&gt;</a>&nbsp;&nbsp;&nbsp;read_nn_int32
</UL>
<BR>[Called By]<UL><LI><a href="#[ff]">&gt;&gt;</a>&nbsp;&nbsp;&nbsp;nn_special_params_struct_create_init
</UL>

<P><STRONG><a name="[143]"></a>nn_gelu_struct_init</STRONG> (Thumb, 68 bytes, Stack size 16 bytes, gd_nn_special_op_and_quan.o(.text))
<BR><BR>[Stack]<UL><LI>Max Depth = 16<LI>Call Chain = nn_gelu_struct_init
</UL>
<BR>[Calls]<UL><LI><a href="#[147]">&gt;&gt;</a>&nbsp;&nbsp;&nbsp;read_nn_f32
<LI><a href="#[109]">&gt;&gt;</a>&nbsp;&nbsp;&nbsp;read_nn_int32
</UL>
<BR>[Called By]<UL><LI><a href="#[ff]">&gt;&gt;</a>&nbsp;&nbsp;&nbsp;nn_special_params_struct_create_init
</UL>

<P><STRONG><a name="[144]"></a>nn_unpack_struct_init</STRONG> (Thumb, 32 bytes, Stack size 16 bytes, gd_nn_special_op_and_quan.o(.text))
<BR><BR>[Stack]<UL><LI>Max Depth = 16<LI>Call Chain = nn_unpack_struct_init
</UL>
<BR>[Calls]<UL><LI><a href="#[109]">&gt;&gt;</a>&nbsp;&nbsp;&nbsp;read_nn_int32
</UL>
<BR>[Called By]<UL><LI><a href="#[ff]">&gt;&gt;</a>&nbsp;&nbsp;&nbsp;nn_special_params_struct_create_init
</UL>

<P><STRONG><a name="[145]"></a>nn_slice_struct_init</STRONG> (Thumb, 136 bytes, Stack size 16 bytes, gd_nn_special_op_and_quan.o(.text))
<BR><BR>[Stack]<UL><LI>Max Depth = 16<LI>Call Chain = nn_slice_struct_init
</UL>
<BR>[Calls]<UL><LI><a href="#[109]">&gt;&gt;</a>&nbsp;&nbsp;&nbsp;read_nn_int32
<LI><a href="#[148]">&gt;&gt;</a>&nbsp;&nbsp;&nbsp;read_nn_int16
</UL>
<BR>[Called By]<UL><LI><a href="#[ff]">&gt;&gt;</a>&nbsp;&nbsp;&nbsp;nn_special_params_struct_create_init
</UL>

<P><STRONG><a name="[146]"></a>nn_batch_matmul_struct_init</STRONG> (Thumb, 148 bytes, Stack size 16 bytes, gd_nn_special_op_and_quan.o(.text))
<BR><BR>[Stack]<UL><LI>Max Depth = 16<LI>Call Chain = nn_batch_matmul_struct_init
</UL>
<BR>[Calls]<UL><LI><a href="#[147]">&gt;&gt;</a>&nbsp;&nbsp;&nbsp;read_nn_f32
<LI><a href="#[109]">&gt;&gt;</a>&nbsp;&nbsp;&nbsp;read_nn_int32
<LI><a href="#[148]">&gt;&gt;</a>&nbsp;&nbsp;&nbsp;read_nn_int16
</UL>
<BR>[Called By]<UL><LI><a href="#[ff]">&gt;&gt;</a>&nbsp;&nbsp;&nbsp;nn_special_params_struct_create_init
</UL>

<P><STRONG><a name="[198]"></a>_fp_digits</STRONG> (Thumb, 366 bytes, Stack size 64 bytes, printfa.o(i._fp_digits), UNUSED)
<BR><BR>[Calls]<UL><LI><a href="#[18d]">&gt;&gt;</a>&nbsp;&nbsp;&nbsp;__aeabi_dmul
<LI><a href="#[18e]">&gt;&gt;</a>&nbsp;&nbsp;&nbsp;__aeabi_ddiv
<LI><a href="#[187]">&gt;&gt;</a>&nbsp;&nbsp;&nbsp;__aeabi_dadd
<LI><a href="#[18f]">&gt;&gt;</a>&nbsp;&nbsp;&nbsp;__aeabi_d2ulz
<LI><a href="#[199]">&gt;&gt;</a>&nbsp;&nbsp;&nbsp;__aeabi_cdrcmple
<LI><a href="#[183]">&gt;&gt;</a>&nbsp;&nbsp;&nbsp;__aeabi_uldivmod
</UL>
<BR>[Called By]<UL><LI><a href="#[192]">&gt;&gt;</a>&nbsp;&nbsp;&nbsp;_printf_core
</UL>

<P><STRONG><a name="[192]"></a>_printf_core</STRONG> (Thumb, 1744 bytes, Stack size 136 bytes, printfa.o(i._printf_core), UNUSED)
<BR><BR>[Calls]<UL><LI><a href="#[19c]">&gt;&gt;</a>&nbsp;&nbsp;&nbsp;__aeabi_uidivmod
<LI><a href="#[19a]">&gt;&gt;</a>&nbsp;&nbsp;&nbsp;_printf_pre_padding
<LI><a href="#[19b]">&gt;&gt;</a>&nbsp;&nbsp;&nbsp;_printf_post_padding
<LI><a href="#[198]">&gt;&gt;</a>&nbsp;&nbsp;&nbsp;_fp_digits
<LI><a href="#[183]">&gt;&gt;</a>&nbsp;&nbsp;&nbsp;__aeabi_uldivmod
</UL>
<BR>[Called By]<UL><LI><a href="#[191]">&gt;&gt;</a>&nbsp;&nbsp;&nbsp;__0printf
</UL>

<P><STRONG><a name="[19b]"></a>_printf_post_padding</STRONG> (Thumb, 36 bytes, Stack size 24 bytes, printfa.o(i._printf_post_padding), UNUSED)
<BR><BR>[Called By]<UL><LI><a href="#[192]">&gt;&gt;</a>&nbsp;&nbsp;&nbsp;_printf_core
</UL>

<P><STRONG><a name="[19a]"></a>_printf_pre_padding</STRONG> (Thumb, 46 bytes, Stack size 24 bytes, printfa.o(i._printf_pre_padding), UNUSED)
<BR><BR>[Called By]<UL><LI><a href="#[192]">&gt;&gt;</a>&nbsp;&nbsp;&nbsp;_printf_core
</UL>
<P>
<H3>
Undefined Global Symbols
</H3><HR></body></html>
