Component: Arm Compiler for Embedded 6.22 Tool: armlink [5ee90200]

==============================================================================

Section Cross References

    gd32h7xx_it.o(.text) refers to systick.o(.text) for delay_decrement
    gd32h7xx_it.o(.text) refers to gd32h7xx_it.o(.bss.sys_count) for sys_count
    gd32h7xx_it.o(.ARM.exidx) refers to gd32h7xx_it.o(.text) for [Anonymous Symbol]
    systick.o(.text) refers to system_gd32h7xx.o(.data.SystemCoreClock) for SystemCoreClock
    systick.o(.text) refers to systick.o(.bss.delay) for delay
    systick.o(.ARM.exidx) refers to systick.o(.text) for [Anonymous Symbol]
    main.o(.text) refers to systick.o(.text) for systick_config
    main.o(.text) refers to gd32h7xx_misc.o(.text) for mpu_region_struct_para_init
    main.o(.text) refers to main.o(.bss.ultratiny_seg) for ultratiny_seg
    main.o(.text) refers to main.o(.data.input_data) for input_data
    main.o(.text) refers to main.o(.bss.nn_report) for nn_report
    main.o(.text) refers to main.o(.bss.output_data_ptr) for output_data_ptr
    main.o(.text) refers to main.o(.data.model_paras_array_and_data) for model_paras_array_and_data
    main.o(.text) refers to main.o(.bss.model_paras_array_info_buf) for model_paras_array_info_buf
    main.o(.text) refers to nn_model_configure.o(.data.func_cb_arr) for func_cb_arr
    main.o(.text) refers to gd_nn_interface.o(.text) for nn_model_init
    main.o(.text) refers to printfa.o(i.__0printf) for __2printf
    main.o(.text) refers to system_gd32h7xx.o(.data.SystemCoreClock) for SystemCoreClock
    main.o(.text) refers to nn_model_configure.o(.data.model_name) for model_name
    main.o(.text) refers to nn_model_configure.o(.data.operator_name) for operator_name
    main.o(.text) refers to gd32h759i_start.o(.text) for gd_eval_com_init
    main.o(.text) refers to nn_model_report.o(.text) for gd_nn_report_printf
    main.o(.text) refers to gd32h7xx_usart.o(.text) for usart_data_transmit
    main.o(.ARM.exidx) refers to main.o(.text) for [Anonymous Symbol]
    main.o(.data.input_data) refers to nn_model_configure.o(.bss.static_buffer_peak) for static_buffer_peak
    main.o(.data.model_paras_array_and_data) refers to nn_model_configure.o(.data.model_paras_arr) for model_paras_arr
    main.o(.data.model_paras_array_and_data) refers to nn_model_configure.o(.bss.model_paras_data) for model_paras_data
    nn_model_configure.o(.data.func_cb_arr) refers to nn_forward_con2d.o(.text) for nn_wrapper_conv_2d_func
    nn_model_configure.o(.data.func_cb_arr) refers to nn_forward_dwcon2d.o(.text) for nn_wrapper_depthconv2d_func
    nn_model_configure.o(.data.func_cb_arr) refers to nn_forward_add.o(.text) for nn_wrapper_add_func
    nn_model_configure.o(.data.operator_name) refers to nn_model_configure.o(.rodata.str1.1) for [Anonymous Symbol]
    nn_model_configure.o(.data.model_name) refers to nn_model_configure.o(.rodata.str1.1) for [Anonymous Symbol]
    nn_model_configure.o(.data.platform_name) refers to nn_model_configure.o(.rodata.str1.1) for [Anonymous Symbol]
    nn_model_report.o(.text) refers to nn_model_report.o(.rodata.str1.1) for .Lstr.24
    nn_model_report.o(.text) refers to puts.o(i.puts) for puts
    nn_model_report.o(.text) refers to nn_model_configure.o(.data.platform_name) for platform_name
    nn_model_report.o(.text) refers to printfa.o(i.__0printf) for __2printf
    nn_model_report.o(.text) refers to nn_model_report.o(.rodata.quantization_type_name) for quantization_type_name
    nn_model_report.o(.text) refers to gd32h7xx_it.o(.bss.sys_count) for sys_count
    nn_model_report.o(.ARM.exidx) refers to nn_model_report.o(.text) for [Anonymous Symbol]
    nn_model_report.o(.rodata.quantization_type_name) refers to nn_model_report.o(.rodata.str1.1) for [Anonymous Symbol]
    nn_model_benchmark.o(.text) refers to nn_model_benchmark.o(.bss.header_array) for header_array
    nn_model_benchmark.o(.text) refers to nn_usart.o(.text) for usart_configure
    nn_model_benchmark.o(.text) refers to nn_model_benchmark.o(.data.response_arr) for response_arr
    nn_model_benchmark.o(.text) refers to main.o(.data.input_data) for input_data
    nn_model_benchmark.o(.text) refers to gd_nn_interface.o(.text) for nn_model_invoke
    nn_model_benchmark.o(.text) refers to nn_model_benchmark.o(.bss.ret_model_invoke_error) for ret_model_invoke_error
    nn_model_benchmark.o(.ARM.exidx) refers to nn_model_benchmark.o(.text) for [Anonymous Symbol]
    nn_usart.o(.text) refers to gd32h7xx_rcu.o(.text) for rcu_periph_clock_enable
    nn_usart.o(.text) refers to gd32h7xx_dma.o(.text) for dma_deinit
    nn_usart.o(.text) refers to gd32h7xx_gpio.o(.text) for gpio_af_set
    nn_usart.o(.text) refers to gd32h7xx_usart.o(.text) for usart_deinit
    nn_usart.o(.ARM.exidx) refers to nn_usart.o(.text) for [Anonymous Symbol]
    system_gd32h7xx.o(.text) refers to gd32h7xx_misc.o(.text) for nvic_vector_table_set
[...]
    rcu_i2c_clock_config                     0x08001a29   Thumb Code   122  gd32h7xx_rcu.o(.text)
    rcu_can_clock_config                     0x08001aa9   Thumb Code    58  gd32h7xx_rcu.o(.text)
    rcu_adc_clock_config                     0x08001ae9   Thumb Code    42  gd32h7xx_rcu.o(.text)
    rcu_sai_clock_config                     0x08001b19   Thumb Code    44  gd32h7xx_rcu.o(.text)
    rcu_sai2_block_clock_config              0x08001b49   Thumb Code    44  gd32h7xx_rcu.o(.text)
    rcu_rspdif_clock_config                  0x08001b79   Thumb Code    24  gd32h7xx_rcu.o(.text)
    rcu_exmc_clock_config                    0x08001b91   Thumb Code    24  gd32h7xx_rcu.o(.text)
    rcu_hpdf_clock_config                    0x08001ba9   Thumb Code    24  gd32h7xx_rcu.o(.text)
    rcu_per_clock_config                     0x08001bc1   Thumb Code    24  gd32h7xx_rcu.o(.text)
    rcu_usbhs_pll1qpsc_config                0x08001bd9   Thumb Code    44  gd32h7xx_rcu.o(.text)
    rcu_usb48m_clock_config                  0x08001c09   Thumb Code    44  gd32h7xx_rcu.o(.text)
    rcu_usbhs_clock_config                   0x08001c39   Thumb Code    44  gd32h7xx_rcu.o(.text)
    rcu_usbhs_clock_selection_enable         0x08001c69   Thumb Code    32  gd32h7xx_rcu.o(.text)
    rcu_usbhs_clock_selection_disable        0x08001c89   Thumb Code    34  gd32h7xx_rcu.o(.text)
    rcu_lxtal_drive_capability_config        0x08001cb1   Thumb Code    20  gd32h7xx_rcu.o(.text)
    rcu_osci_stab_wait                       0x08001cc9   Thumb Code   608  gd32h7xx_rcu.o(.text)
    rcu_flag_get                             0x08001f29   Thumb Code    26  gd32h7xx_rcu.o(.text)
    rcu_osci_on                              0x08001f49   Thumb Code    28  gd32h7xx_rcu.o(.text)
    rcu_osci_off                             0x08001f69   Thumb Code    30  gd32h7xx_rcu.o(.text)
    rcu_osci_bypass_mode_enable              0x08001f89   Thumb Code    64  gd32h7xx_rcu.o(.text)
    rcu_osci_bypass_mode_disable             0x08001fc9   Thumb Code    64  gd32h7xx_rcu.o(.text)
    rcu_irc64m_adjust_value_set              0x08002009   Thumb Code    18  gd32h7xx_rcu.o(.text)
    rcu_lpirc4m_adjust_value_set             0x08002021   Thumb Code    18  gd32h7xx_rcu.o(.text)
    rcu_hxtal_clock_monitor_enable           0x08002039   Thumb Code    18  gd32h7xx_rcu.o(.text)
    rcu_hxtal_clock_monitor_disable          0x08002051   Thumb Code    18  gd32h7xx_rcu.o(.text)
    rcu_lxtal_clock_monitor_enable           0x08002069   Thumb Code    18  gd32h7xx_rcu.o(.text)
    rcu_lxtal_clock_monitor_disable          0x08002081   Thumb Code    18  gd32h7xx_rcu.o(.text)
    rcu_clock_freq_get                       0x08002099   Thumb Code  1840  gd32h7xx_rcu.o(.text)
    rcu_all_reset_flag_clear                 0x080027e1   Thumb Code    18  gd32h7xx_rcu.o(.text)
    rcu_interrupt_enable                     0x080027f9   Thumb Code    28  gd32h7xx_rcu.o(.text)
    rcu_interrupt_disable                    0x08002819   Thumb Code    30  gd32h7xx_rcu.o(.text)
    rcu_interrupt_flag_get                   0x08002839   Thumb Code    26  gd32h7xx_rcu.o(.text)
    rcu_interrupt_flag_clear                 0x08002859   Thumb Code    28  gd32h7xx_rcu.o(.text)
    syscfg_deinit                            0x08002879   Thumb Code    22  gd32h7xx_syscfg.o(.text)
    syscfg_i2c_fast_mode_plus_enable         0x08002891   Thumb Code    16  gd32h7xx_syscfg.o(.text)
    syscfg_i2c_fast_mode_plus_disable        0x080028a1   Thumb Code    18  gd32h7xx_syscfg.o(.text)
    syscfg_analog_switch_enable              0x080028b9   Thumb Code    16  gd32h7xx_syscfg.o(.text)
    syscfg_analog_switch_disable             0x080028c9   Thumb Code    18  gd32h7xx_syscfg.o(.text)
    syscfg_enet_phy_interface_config         0x080028e1   Thumb Code    68  gd32h7xx_syscfg.o(.text)
    syscfg_exti_line_config                  0x08002929   Thumb Code   120  gd32h7xx_syscfg.o(.text)
    syscfg_lockup_enable                     0x080029a1   Thumb Code    16  gd32h7xx_syscfg.o(.text)
    syscfg_timer_input_source_select         0x080029b1   Thumb Code   190  gd32h7xx_syscfg.o(.text)
    syscfg_io_compensation_config            0x08002a71   Thumb Code    20  gd32h7xx_syscfg.o(.text)
    syscfg_io_low_voltage_speed_optimization_enable 0x08002a89   Thumb Code    18  gd32h7xx_syscfg.o(.text)
    syscfg_io_low_voltage_speed_optimization_disable 0x08002aa1   Thumb Code    18  gd32h7xx_syscfg.o(.text)
    syscfg_pnmos_compensation_code_set       0x08002ab9   Thumb Code    26  gd32h7xx_syscfg.o(.text)
    syscfg_secure_sram_size_set              0x08002ad9   Thumb Code    24  gd32h7xx_syscfg.o(.text)
    syscfg_secure_sram_size_get              0x08002af1   Thumb Code    16  gd32h7xx_syscfg.o(.text)
    syscfg_bootmode_get                      0x08002b01   Thumb Code    16  gd32h7xx_syscfg.o(.text)
    syscfg_tcm_wait_state_enable             0x08002b11   Thumb Code    18  gd32h7xx_syscfg.o(.text)
    syscfg_tcm_wait_state_disable            0x08002b29   Thumb Code    18  gd32h7xx_syscfg.o(.text)
    syscfg_fpu_interrupt_enable              0x08002b41   Thumb Code    16  gd32h7xx_syscfg.o(.text)
    syscfg_fpu_interrupt_disable             0x08002b51   Thumb Code    18  gd32h7xx_syscfg.o(.text)
    syscfg_compensation_flag_get             0x08002b69   Thumb Code    18  gd32h7xx_syscfg.o(.text)
    syscfg_cpu_cache_status_get              0x08002b81   Thumb Code    46  gd32h7xx_syscfg.o(.text)
    syscfg_brownout_reset_threshold_level_get 0x08002bb1   Thumb Code    16  gd32h7xx_syscfg.o(.text)
    usart_deinit                             0x08002bc1   Thumb Code   198  gd32h7xx_usart.o(.text)
    usart_baudrate_set                       0x08002c89   Thumb Code   204  gd32h7xx_usart.o(.text)
    usart_parity_config                      0x08002d59   Thumb Code    24  gd32h7xx_usart.o(.text)
    usart_word_length_set                    0x08002d71   Thumb Code    24  gd32h7xx_usart.o(.text)
    usart_stop_bit_set                       0x08002d89   Thumb Code    24  gd32h7xx_usart.o(.text)
    usart_enable                             0x08002da1   Thumb Code    10  gd32h7xx_usart.o(.text)
    usart_disable                            0x08002db1   Thumb Code    10  gd32h7xx_usart.o(.text)
    usart_transmit_config                    0x08002dc1   Thumb Code    16  gd32h7xx_usart.o(.text)
    usart_receive_config                     0x08002dd1   Thumb Code    16  gd32h7xx_usart.o(.text)
    usart_data_first_config                  0x08002de1   Thumb Code    28  gd32h7xx_usart.o(.text)
    usart_invert_config                      0x08002e01   Thumb Code    90  gd32h7xx_usart.o(.text)
    usart_overrun_enable                     0x08002e61   Thumb Code    18  gd32h7xx_usart.o(.text)
    usart_overrun_disable                    0x08002e79   Thumb Code    18  gd32h7xx_usart.o(.text)
    usart_oversample_config                  0x08002e91   Thumb Code    24  gd32h7xx_usart.o(.text)
    usart_sample_bit_config                  0x08002ea9   Thumb Code    24  gd32h7xx_usart.o(.text)
    usart_receiver_timeout_enable            0x08002ec1   Thumb Code    10  gd32h7xx_usart.o(.text)
    usart_receiver_timeout_disable           0x08002ed1   Thumb Code    10  gd32h7xx_usart.o(.text)
    usart_receiver_timeout_threshold_config  0x08002ee1   Thumb Code    16  gd32h7xx_usart.o(.text)
    usart_data_transmit                      0x08002ef1   Thumb Code     8  gd32h7xx_usart.o(.text)
    usart_data_receive                       0x08002ef9   Thumb Code     8  gd32h7xx_usart.o(.text)
    usart_command_enable                     0x08002f01   Thumb Code     8  gd32h7xx_usart.o(.text)
    usart_address_0_match_mode_enable        0x08002f09   Thumb Code    18  gd32h7xx_usart.o(.text)
    usart_address_0_match_mode_disable       0x08002f21   Thumb Code    18  gd32h7xx_usart.o(.text)
    usart_address_1_match_mode_enable        0x08002f39   Thumb Code    18  gd32h7xx_usart.o(.text)
    usart_address_1_match_mode_disable       0x08002f51   Thumb Code    18  gd32h7xx_usart.o(.text)
    usart_address_0_config                   0x08002f69   Thumb Code    26  gd32h7xx_usart.o(.text)
    usart_address_1_config                   0x08002f89   Thumb Code    26  gd32h7xx_usart.o(.text)
    usart_address_0_detection_mode_config    0x08002fa9   Thumb Code    28  gd32h7xx_usart.o(.text)
    usart_address_1_detection_mode_config    0x08002fc9   Thumb Code    28  gd32h7xx_usart.o(.text)
    usart_mute_mode_enable                   0x08002fe9   Thumb Code    10  gd32h7xx_usart.o(.text)
    usart_mute_mode_disable                  0x08002ff9   Thumb Code    10  gd32h7xx_usart.o(.text)
    usart_mute_mode_wakeup_config            0x08003009   Thumb Code    24  gd32h7xx_usart.o(.text)
    usart_lin_mode_enable                    0x08003021   Thumb Code    18  gd32h7xx_usart.o(.text)
    usart_lin_mode_disable                   0x08003039   Thumb Code    18  gd32h7xx_usart.o(.text)
    usart_lin_break_detection_length_config  0x08003051   Thumb Code    28  gd32h7xx_usart.o(.text)
    usart_halfduplex_enable                  0x08003071   Thumb Code    18  gd32h7xx_usart.o(.text)
    usart_halfduplex_disable                 0x08003089   Thumb Code    18  gd32h7xx_usart.o(.text)
    usart_clock_enable                       0x080030a1   Thumb Code    18  gd32h7xx_usart.o(.text)
    usart_clock_disable                      0x080030b9   Thumb Code    18  gd32h7xx_usart.o(.text)
    usart_synchronous_clock_config           0x080030d1   Thumb Code    58  gd32h7xx_usart.o(.text)
    usart_guard_time_config                  0x08003111   Thumb Code    28  gd32h7xx_usart.o(.text)
    usart_smartcard_mode_enable              0x08003131   Thumb Code    18  gd32h7xx_usart.o(.text)
    usart_smartcard_mode_disable             0x08003149   Thumb Code    18  gd32h7xx_usart.o(.text)
    usart_smartcard_mode_nack_enable         0x08003161   Thumb Code    18  gd32h7xx_usart.o(.text)
    usart_smartcard_mode_nack_disable        0x08003179   Thumb Code    18  gd32h7xx_usart.o(.text)
    usart_smartcard_mode_early_nack_enable   0x08003191   Thumb Code    14  gd32h7xx_usart.o(.text)
    usart_smartcard_mode_early_nack_disable  0x080031a1   Thumb Code    14  gd32h7xx_usart.o(.text)
    usart_smartcard_autoretry_config         0x080031b1   Thumb Code    30  gd32h7xx_usart.o(.text)
    usart_block_length_config                0x080031d1   Thumb Code    18  gd32h7xx_usart.o(.text)
    usart_irda_mode_enable                   0x080031e9   Thumb Code    18  gd32h7xx_usart.o(.text)
    usart_irda_mode_disable                  0x08003201   Thumb Code    18  gd32h7xx_usart.o(.text)
    usart_prescaler_config                   0x08003219   Thumb Code    24  gd32h7xx_usart.o(.text)
    usart_irda_lowpower_config               0x08003231   Thumb Code    28  gd32h7xx_usart.o(.text)
    usart_hardware_flow_rts_config           0x08003251   Thumb Code    24  gd32h7xx_usart.o(.text)
    usart_hardware_flow_cts_config           0x08003269   Thumb Code    24  gd32h7xx_usart.o(.text)
    usart_hardware_flow_coherence_config     0x08003281   Thumb Code    28  gd32h7xx_usart.o(.text)
    usart_rs485_driver_enable                0x080032a1   Thumb Code    18  gd32h7xx_usart.o(.text)
    usart_rs485_driver_disable               0x080032b9   Thumb Code    18  gd32h7xx_usart.o(.text)
    usart_driver_assertime_config            0x080032d1   Thumb Code    30  gd32h7xx_usart.o(.text)
    usart_driver_deassertime_config          0x080032f1   Thumb Code    30  gd32h7xx_usart.o(.text)
    usart_depolarity_config                  0x08003311   Thumb Code    28  gd32h7xx_usart.o(.text)
    usart_dma_receive_config                 0x08003331   Thumb Code    12  gd32h7xx_usart.o(.text)
    usart_dma_transmit_config                0x08003341   Thumb Code    12  gd32h7xx_usart.o(.text)
    usart_reception_error_dma_disable        0x08003351   Thumb Code    18  gd32h7xx_usart.o(.text)
    usart_reception_error_dma_enable         0x08003369   Thumb Code    18  gd32h7xx_usart.o(.text)
    usart_wakeup_enable                      0x08003381   Thumb Code    10  gd32h7xx_usart.o(.text)
    usart_wakeup_disable                     0x08003391   Thumb Code    10  gd32h7xx_usart.o(.text)
    usart_wakeup_mode_config                 0x080033a1   Thumb Code    28  gd32h7xx_usart.o(.text)
    usart_fifo_enable                        0x080033c1   Thumb Code    14  gd32h7xx_usart.o(.text)
    usart_fifo_disable                       0x080033d1   Thumb Code    14  gd32h7xx_usart.o(.text)
    usart_transmit_fifo_threshold_config     0x080033e1   Thumb Code    24  gd32h7xx_usart.o(.text)
    usart_receive_fifo_threshold_config      0x080033f9   Thumb Code    24  gd32h7xx_usart.o(.text)
    usart_receive_fifo_counter_number        0x08003411   Thumb Code    22  gd32h7xx_usart.o(.text)
    usart_flag_get                           0x08003429   Thumb Code    16  gd32h7xx_usart.o(.text)
    usart_flag_clear                         0x08003439   Thumb Code    80  gd32h7xx_usart.o(.text)
    usart_interrupt_enable                   0x08003489   Thumb Code    20  gd32h7xx_usart.o(.text)
    usart_interrupt_disable                  0x080034a1   Thumb Code    22  gd32h7xx_usart.o(.text)
    usart_interrupt_flag_get                 0x080034b9   Thumb Code    32  gd32h7xx_usart.o(.text)
    usart_interrupt_flag_clear               0x080034d9   Thumb Code    70  gd32h7xx_usart.o(.text)
    Reset_Handler                            0x08003521   Thumb Code    26  startup_gd32h7xx.o(.text)
    ADC0_1_IRQHandler                        0x0800354d   Thumb Code     0  startup_gd32h7xx.o(.text)
    ADC2_IRQHandler                          0x0800354d   Thumb Code     0  startup_gd32h7xx.o(.text)
    AVD_LVD_OVD_IRQHandler                   0x0800354d   Thumb Code     0  startup_gd32h7xx.o(.text)
    CAN0_Busoff_IRQHandler                   0x0800354d   Thumb Code     0  startup_gd32h7xx.o(.text)
    CAN0_Error_IRQHandler                    0x0800354d   Thumb Code     0  startup_gd32h7xx.o(.text)
    CAN0_FastError_IRQHandler                0x0800354d   Thumb Code     0  startup_gd32h7xx.o(.text)
    CAN0_Message_IRQHandler                  0x0800354d   Thumb Code     0  startup_gd32h7xx.o(.text)
    CAN0_REC_IRQHandler                      0x0800354d   Thumb Code     0  startup_gd32h7xx.o(.text)
    CAN0_TEC_IRQHandler                      0x0800354d   Thumb Code     0  startup_gd32h7xx.o(.text)
    CAN0_WKUP_IRQHandler                     0x0800354d   Thumb Code     0  startup_gd32h7xx.o(.text)
    CAN1_Busoff_IRQHandler                   0x0800354d   Thumb Code     0  startup_gd32h7xx.o(.text)
    CAN1_Error_IRQHandler                    0x0800354d   Thumb Code     0  startup_gd32h7xx.o(.text)
    CAN1_FastError_IRQHandler                0x0800354d   Thumb Code     0  startup_gd32h7xx.o(.text)
    CAN1_Message_IRQHandler                  0x0800354d   Thumb Code     0  startup_gd32h7xx.o(.text)
    CAN1_REC_IRQHandler                      0x0800354d   Thumb Code     0  startup_gd32h7xx.o(.text)
    CAN1_TEC_IRQHandler                      0x0800354d   Thumb Code     0  startup_gd32h7xx.o(.text)
    CAN1_WKUP_IRQHandler                     0x0800354d   Thumb Code     0  startup_gd32h7xx.o(.text)
    CAN2_Busoff_IRQHandler                   0x0800354d   Thumb Code     0  startup_gd32h7xx.o(.text)
    CAN2_Error_IRQHandler                    0x0800354d   Thumb Code     0  startup_gd32h7xx.o(.text)
    CAN2_FastError_IRQHandler                0x0800354d   Thumb Code     0  startup_gd32h7xx.o(.text)
    CAN2_Message_IRQHandler                  0x0800354d   Thumb Code     0  startup_gd32h7xx.o(.text)
    CAN2_REC_IRQHandler                      0x0800354d   Thumb Code     0  startup_gd32h7xx.o(.text)
    CAN2_TEC_IRQHandler                      0x0800354d   Thumb Code     0  startup_gd32h7xx.o(.text)
    CAN2_WKUP_IRQHandler                     0x0800354d   Thumb Code     0  startup_gd32h7xx.o(.text)
    CAU_IRQHandler                           0x0800354d   Thumb Code     0  startup_gd32h7xx.o(.text)
    CMP0_1_IRQHandler                        0x0800354d   Thumb Code     0  startup_gd32h7xx.o(.text)
    CTC_IRQHandler                           0x0800354d   Thumb Code     0  startup_gd32h7xx.o(.text)
    DCI_IRQHandler                           0x0800354d   Thumb Code     0  startup_gd32h7xx.o(.text)
    DMA0_Channel0_IRQHandler                 0x0800354d   Thumb Code     0  startup_gd32h7xx.o(.text)
    DMA0_Channel1_IRQHandler                 0x0800354d   Thumb Code     0  startup_gd32h7xx.o(.text)
    DMA0_Channel2_IRQHandler                 0x0800354d   Thumb Code     0  startup_gd32h7xx.o(.text)
    DMA0_Channel3_IRQHandler                 0x0800354d   Thumb Code     0  startup_gd32h7xx.o(.text)
    DMA0_Channel4_IRQHandler                 0x0800354d   Thumb Code     0  startup_gd32h7xx.o(.text)
    DMA0_Channel5_IRQHandler                 0x0800354d   Thumb Code     0  startup_gd32h7xx.o(.text)
    DMA0_Channel6_IRQHandler                 0x0800354d   Thumb Code     0  startup_gd32h7xx.o(.text)
    DMA0_Channel7_IRQHandler                 0x0800354d   Thumb Code     0  startup_gd32h7xx.o(.text)
    DMA1_Channel0_IRQHandler                 0x0800354d   Thumb Code     0  startup_gd32h7xx.o(.text)
    DMA1_Channel1_IRQHandler                 0x0800354d   Thumb Code     0  startup_gd32h7xx.o(.text)
    DMA1_Channel2_IRQHandler                 0x0800354d   Thumb Code     0  startup_gd32h7xx.o(.text)
    DMA1_Channel3_IRQHandler                 0x0800354d   Thumb Code     0  startup_gd32h7xx.o(.text)
    DMA1_Channel4_IRQHandler                 0x0800354d   Thumb Code     0  startup_gd32h7xx.o(.text)
    DMA1_Channel5_IRQHandler                 0x0800354d   Thumb Code     0  startup_gd32h7xx.o(.text)
    DMA1_Channel6_IRQHandler                 0x0800354d   Thumb Code     0  startup_gd32h7xx.o(.text)
    DMA1_Channel7_IRQHandler                 0x0800354d   Thumb Code     0  startup_gd32h7xx.o(.text)
    DMAMUX_OVR_IRQHandler                    0x0800354d   Thumb Code     0  startup_gd32h7xx.o(.text)
    EFUSE_IRQHandler                         0x0800354d   Thumb Code     0  startup_gd32h7xx.o(.text)
    ENET0_IRQHandler                         0x0800354d   Thumb Code     0  startup_gd32h7xx.o(.text)
    ENET0_WKUP_IRQHandler                    0x0800354d   Thumb Code     0  startup_gd32h7xx.o(.text)
    ENET1_IRQHandler                         0x0800354d   Thumb Code     0  startup_gd32h7xx.o(.text)
    ENET1_WKUP_IRQHandler                    0x0800354d   Thumb Code     0  startup_gd32h7xx.o(.text)
    EXMC_IRQHandler                          0x0800354d   Thumb Code     0  startup_gd32h7xx.o(.text)
    EXTI0_IRQHandler                         0x0800354d   Thumb Code     0  startup_gd32h7xx.o(.text)
    EXTI10_15_IRQHandler                     0x0800354d   Thumb Code     0  startup_gd32h7xx.o(.text)
    EXTI1_IRQHandler                         0x0800354d   Thumb Code     0  startup_gd32h7xx.o(.text)
    EXTI2_IRQHandler                         0x0800354d   Thumb Code     0  startup_gd32h7xx.o(.text)
    EXTI3_IRQHandler                         0x0800354d   Thumb Code     0  startup_gd32h7xx.o(.text)
    EXTI4_IRQHandler                         0x0800354d   Thumb Code     0  startup_gd32h7xx.o(.text)
    EXTI5_9_IRQHandler                       0x0800354d   Thumb Code     0  startup_gd32h7xx.o(.text)
    FAC_IRQHandler                           0x0800354d   Thumb Code     0  startup_gd32h7xx.o(.text)
    FMC_IRQHandler                           0x0800354d   Thumb Code     0  startup_gd32h7xx.o(.text)
    FPU_IRQHandler                           0x0800354d   Thumb Code     0  startup_gd32h7xx.o(.text)
    HAU_TRNG_IRQHandler                      0x0800354d   Thumb Code     0  startup_gd32h7xx.o(.text)
    HPDF_INT0_IRQHandler                     0x0800354d   Thumb Code     0  startup_gd32h7xx.o(.text)
    HPDF_INT1_IRQHandler                     0x0800354d   Thumb Code     0  startup_gd32h7xx.o(.text)
    HPDF_INT2_IRQHandler                     0x0800354d   Thumb Code     0  startup_gd32h7xx.o(.text)
    HPDF_INT3_IRQHandler                     0x0800354d   Thumb Code     0  startup_gd32h7xx.o(.text)
    HWSEM_IRQHandler                         0x0800354d   Thumb Code     0  startup_gd32h7xx.o(.text)
    I2C0_ER_IRQHandler                       0x0800354d   Thumb Code     0  startup_gd32h7xx.o(.text)
    I2C0_EV_IRQHandler                       0x0800354d   Thumb Code     0  startup_gd32h7xx.o(.text)
    I2C0_WKUP_IRQHandler                     0x0800354d   Thumb Code     0  startup_gd32h7xx.o(.text)
    I2C1_ER_IRQHandler                       0x0800354d   Thumb Code     0  startup_gd32h7xx.o(.text)
    I2C1_EV_IRQHandler                       0x0800354d   Thumb Code     0  startup_gd32h7xx.o(.text)
    I2C1_WKUP_IRQHandler                     0x0800354d   Thumb Code     0  startup_gd32h7xx.o(.text)
    I2C2_ER_IRQHandler                       0x0800354d   Thumb Code     0  startup_gd32h7xx.o(.text)
    I2C2_EV_IRQHandler                       0x0800354d   Thumb Code     0  startup_gd32h7xx.o(.text)
    I2C2_WKUP_IRQHandler                     0x0800354d   Thumb Code     0  startup_gd32h7xx.o(.text)
    I2C3_ER_IRQHandler                       0x0800354d   Thumb Code     0  startup_gd32h7xx.o(.text)
    I2C3_EV_IRQHandler                       0x0800354d   Thumb Code     0  startup_gd32h7xx.o(.text)
    I2C3_WKUP_IRQHandler                     0x0800354d   Thumb Code     0  startup_gd32h7xx.o(.text)
    IPA_IRQHandler                           0x0800354d   Thumb Code     0  startup_gd32h7xx.o(.text)
    LPDTS_IRQHandler                         0x0800354d   Thumb Code     0  startup_gd32h7xx.o(.text)
    LPDTS_WKUP_IRQHandler                    0x0800354d   Thumb Code     0  startup_gd32h7xx.o(.text)
    MDIO_IRQHandler                          0x0800354d   Thumb Code     0  startup_gd32h7xx.o(.text)
    MDMA_IRQHandler                          0x0800354d   Thumb Code     0  startup_gd32h7xx.o(.text)
    OSPI0_IRQHandler                         0x0800354d   Thumb Code     0  startup_gd32h7xx.o(.text)
    OSPI1_IRQHandler                         0x0800354d   Thumb Code     0  startup_gd32h7xx.o(.text)
    RAMECCMU_IRQHandler                      0x0800354d   Thumb Code     0  startup_gd32h7xx.o(.text)
    RCU_IRQHandler                           0x0800354d   Thumb Code     0  startup_gd32h7xx.o(.text)
    RSPDIF_IRQHandler                        0x0800354d   Thumb Code     0  startup_gd32h7xx.o(.text)
    RTC_Alarm_IRQHandler                     0x0800354d   Thumb Code     0  startup_gd32h7xx.o(.text)
    RTC_WKUP_IRQHandler                      0x0800354d   Thumb Code     0  startup_gd32h7xx.o(.text)
    RTDEC0_IRQHandler                        0x0800354d   Thumb Code     0  startup_gd32h7xx.o(.text)
    RTDEC1_IRQHandler                        0x0800354d   Thumb Code     0  startup_gd32h7xx.o(.text)
    SAI0_IRQHandler                          0x0800354d   Thumb Code     0  startup_gd32h7xx.o(.text)
    SAI1_IRQHandler                          0x0800354d   Thumb Code     0  startup_gd32h7xx.o(.text)
    SAI2_IRQHandler                          0x0800354d   Thumb Code     0  startup_gd32h7xx.o(.text)
    SDIO0_IRQHandler                         0x0800354d   Thumb Code     0  startup_gd32h7xx.o(.text)
    SDIO1_IRQHandler                         0x0800354d   Thumb Code     0  startup_gd32h7xx.o(.text)
    SPI0_IRQHandler                          0x0800354d   Thumb Code     0  startup_gd32h7xx.o(.text)
    SPI1_IRQHandler                          0x0800354d   Thumb Code     0  startup_gd32h7xx.o(.text)
    SPI2_IRQHandler                          0x0800354d   Thumb Code     0  startup_gd32h7xx.o(.text)
    SPI3_IRQHandler                          0x0800354d   Thumb Code     0  startup_gd32h7xx.o(.text)
    SPI4_IRQHandler                          0x0800354d   Thumb Code     0  startup_gd32h7xx.o(.text)
    SPI5_IRQHandler                          0x0800354d   Thumb Code     0  startup_gd32h7xx.o(.text)
    TAMPER_STAMP_LXTAL_IRQHandler            0x0800354d   Thumb Code     0  startup_gd32h7xx.o(.text)
    TIMER0_BRK_IRQHandler                    0x0800354d   Thumb Code     0  startup_gd32h7xx.o(.text)
    TIMER0_Channel_IRQHandler                0x0800354d   Thumb Code     0  startup_gd32h7xx.o(.text)
    TIMER0_DEC_IRQHandler                    0x0800354d   Thumb Code     0  startup_gd32h7xx.o(.text)
    TIMER0_TRG_CMT_IRQHandler                0x0800354d   Thumb Code     0  startup_gd32h7xx.o(.text)
    TIMER0_UP_IRQHandler                     0x0800354d   Thumb Code     0  startup_gd32h7xx.o(.text)
    TIMER14_IRQHandler                       0x0800354d   Thumb Code     0  startup_gd32h7xx.o(.text)
    TIMER15_IRQHandler                       0x0800354d   Thumb Code     0  startup_gd32h7xx.o(.text)
    TIMER16_IRQHandler                       0x0800354d   Thumb Code     0  startup_gd32h7xx.o(.text)
    TIMER1_DEC_IRQHandler                    0x0800354d   Thumb Code     0  startup_gd32h7xx.o(.text)
    TIMER1_IRQHandler                        0x0800354d   Thumb Code     0  startup_gd32h7xx.o(.text)
    TIMER22_DEC_IRQHandler                   0x0800354d   Thumb Code     0  startup_gd32h7xx.o(.text)
    TIMER22_IRQHandler                       0x0800354d   Thumb Code     0  startup_gd32h7xx.o(.text)
    TIMER23_DEC_IRQHandler                   0x0800354d   Thumb Code     0  startup_gd32h7xx.o(.text)
    TIMER23_IRQHandler                       0x0800354d   Thumb Code     0  startup_gd32h7xx.o(.text)
    TIMER2_DEC_IRQHandler                    0x0800354d   Thumb Code     0  startup_gd32h7xx.o(.text)
    TIMER2_IRQHandler                        0x0800354d   Thumb Code     0  startup_gd32h7xx.o(.text)
    TIMER30_DEC_IRQHandler                   0x0800354d   Thumb Code     0  startup_gd32h7xx.o(.text)
    TIMER30_IRQHandler                       0x0800354d   Thumb Code     0  startup_gd32h7xx.o(.text)
    TIMER31_DEC_IRQHandler                   0x0800354d   Thumb Code     0  startup_gd32h7xx.o(.text)
    TIMER31_IRQHandler                       0x0800354d   Thumb Code     0  startup_gd32h7xx.o(.text)
    TIMER3_DEC_IRQHandler                    0x0800354d   Thumb Code     0  startup_gd32h7xx.o(.text)
    TIMER3_IRQHandler                        0x0800354d   Thumb Code     0  startup_gd32h7xx.o(.text)
    TIMER40_IRQHandler                       0x0800354d   Thumb Code     0  startup_gd32h7xx.o(.text)
    TIMER41_IRQHandler                       0x0800354d   Thumb Code     0  startup_gd32h7xx.o(.text)
    TIMER42_IRQHandler                       0x0800354d   Thumb Code     0  startup_gd32h7xx.o(.text)
    TIMER43_IRQHandler                       0x0800354d   Thumb Code     0  startup_gd32h7xx.o(.text)
    TIMER44_IRQHandler                       0x0800354d   Thumb Code     0  startup_gd32h7xx.o(.text)
    TIMER4_DEC_IRQHandler                    0x0800354d   Thumb Code     0  startup_gd32h7xx.o(.text)
    TIMER4_IRQHandler                        0x0800354d   Thumb Code     0  startup_gd32h7xx.o(.text)
    TIMER50_IRQHandler                       0x0800354d   Thumb Code     0  startup_gd32h7xx.o(.text)
    TIMER51_IRQHandler                       0x0800354d   Thumb Code     0  startup_gd32h7xx.o(.text)
    TIMER5_DAC_UDR_IRQHandler                0x0800354d   Thumb Code     0  startup_gd32h7xx.o(.text)
    TIMER6_IRQHandler                        0x0800354d   Thumb Code     0  startup_gd32h7xx.o(.text)
    TIMER7_BRK_IRQHandler                    0x0800354d   Thumb Code     0  startup_gd32h7xx.o(.text)
    TIMER7_Channel_IRQHandler                0x0800354d   Thumb Code     0  startup_gd32h7xx.o(.text)
    TIMER7_DEC_IRQHandler                    0x0800354d   Thumb Code     0  startup_gd32h7xx.o(.text)
    TIMER7_TRG_CMT_IRQHandler                0x0800354d   Thumb Code     0  startup_gd32h7xx.o(.text)
    TIMER7_UP_IRQHandler                     0x0800354d   Thumb Code     0  startup_gd32h7xx.o(.text)
    TLI_ER_IRQHandler                        0x0800354d   Thumb Code     0  startup_gd32h7xx.o(.text)
    TLI_IRQHandler                           0x0800354d   Thumb Code     0  startup_gd32h7xx.o(.text)
    TMU_IRQHandler                           0x0800354d   Thumb Code     0  startup_gd32h7xx.o(.text)
    UART3_IRQHandler                         0x0800354d   Thumb Code     0  startup_gd32h7xx.o(.text)
    UART4_IRQHandler                         0x0800354d   Thumb Code     0  startup_gd32h7xx.o(.text)
    UART6_IRQHandler                         0x0800354d   Thumb Code     0  startup_gd32h7xx.o(.text)
    UART7_IRQHandler                         0x0800354d   Thumb Code     0  startup_gd32h7xx.o(.text)
    USART0_IRQHandler                        0x0800354d   Thumb Code     0  startup_gd32h7xx.o(.text)
    USART1_IRQHandler                        0x0800354d   Thumb Code     0  startup_gd32h7xx.o(.text)
    USART2_IRQHandler                        0x0800354d   Thumb Code     0  startup_gd32h7xx.o(.text)
    USART5_IRQHandler                        0x0800354d   Thumb Code     0  startup_gd32h7xx.o(.text)
    USBHS0_EP1_IN_IRQHandler                 0x0800354d   Thumb Code     0  startup_gd32h7xx.o(.text)
    USBHS0_EP1_OUT_IRQHandler                0x0800354d   Thumb Code     0  startup_gd32h7xx.o(.text)
    USBHS0_IRQHandler                        0x0800354d   Thumb Code     0  startup_gd32h7xx.o(.text)
    USBHS0_WKUP_IRQHandler                   0x0800354d   Thumb Code     0  startup_gd32h7xx.o(.text)
    USBHS1_EP1_IN_IRQHandler                 0x0800354d   Thumb Code     0  startup_gd32h7xx.o(.text)
    USBHS1_EP1_OUT_IRQHandler                0x0800354d   Thumb Code     0  startup_gd32h7xx.o(.text)
    USBHS1_IRQHandler                        0x0800354d   Thumb Code     0  startup_gd32h7xx.o(.text)
    USBHS1_WKUP_IRQHandler                   0x0800354d   Thumb Code     0  startup_gd32h7xx.o(.text)
    WWDGT_IRQHandler                         0x0800354d   Thumb Code     0  startup_gd32h7xx.o(.text)
    gd_eval_led_init                         0x08003561   Thumb Code    68  gd32h759i_start.o(.text)
    gd_eval_led_on                           0x080035b1   Thumb Code    28  gd32h759i_start.o(.text)
    gd_eval_led_off                          0x080035d1   Thumb Code    28  gd32h759i_start.o(.text)
    gd_eval_led_toggle                       0x080035f1   Thumb Code    28  gd32h759i_start.o(.text)
    gd_eval_key_init                         0x08003611   Thumb Code    84  gd32h759i_start.o(.text)
    gd_eval_key_state_get                    0x08003669   Thumb Code    16  gd32h759i_start.o(.text)
    gd_eval_com_init                         0x08003679   Thumb Code   138  gd32h759i_start.o(.text)
    nn_model_init                            0x08003709   Thumb Code   322  gd_nn_interface.o(.text)
    nn_model_create                          0x08003851   Thumb Code   222  gd_nn_interface.o(.text)
    nn_model_invoke                          0x08003931   Thumb Code    44  gd_nn_interface.o(.text)
    nn_model_single_invoke                   0x08003961   Thumb Code   208  gd_nn_interface.o(.text)
    nn_model_multi_invoke                    0x08003a39   Thumb Code   388  gd_nn_interface.o(.text)
    nn_model_destroy                         0x08003bc1   Thumb Code    48  gd_nn_interface.o(.text)
    nn_wrapper_conv_2d_func                  0x08003bf1   Thumb Code   304  nn_forward_con2d.o(.text)
    nn_wrapper_depthconv2d_func              0x08003d21   Thumb Code   230  nn_forward_dwcon2d.o(.text)
    nn_wrapper_add_func                      0x08003e09   Thumb Code   460  nn_forward_add.o(.text)
    read_nn_uint8                            0x08003fd9   Thumb Code     4  gd_nn_basic_types.o(.text)
    read_nn_uint16                           0x08003fe1   Thumb Code     4  gd_nn_basic_types.o(.text)
    read_nn_uint32                           0x08003fe9   Thumb Code     4  gd_nn_basic_types.o(.text)
    read_nn_int8                             0x08003ff1   Thumb Code     6  gd_nn_basic_types.o(.text)
    read_nn_int16                            0x08003ff9   Thumb Code     6  gd_nn_basic_types.o(.text)
    read_nn_int32                            0x08004001   Thumb Code     4  gd_nn_basic_types.o(.text)
    read_nn_f32                              0x08004009   Thumb Code     8  gd_nn_basic_types.o(.text)
    read_nn_d64                              0x08004011   Thumb Code    10  gd_nn_basic_types.o(.text)
    nn_layer_destroy                         0x08004021   Thumb Code    44  gd_nn_layer.o(.text)
    nn_layer_struct_init                     0x08004051   Thumb Code   134  gd_nn_layer.o(.text)
    nn_layer_init                            0x080040d9   Thumb Code   674  gd_nn_layer.o(.text)
    nn_layer_set_special_data_address        0x08004381   Thumb Code    28  gd_nn_layer.o(.text)
    nn_layer_set_weight_bias_address         0x080043a1   Thumb Code    58  gd_nn_layer.o(.text)
    nn_layer_set_multiplier_shift_data_address 0x080043e1   Thumb Code    28  gd_nn_layer.o(.text)
    nn_layer_set_UnidirectionalSequenceLSTM_special_data_address 0x08004401   Thumb Code   136  gd_nn_layer.o(.text)
    nn_layer_set_BidirectionalSequenceLSTM_special_data_address 0x08004489   Thumb Code   220  gd_nn_layer.o(.text)
    nn_layer_set_integer_lstm_param_by_multiplier_shift_data 0x08004569   Thumb Code    52  gd_nn_layer.o(.text)
    nn_layer_set_integer_bidlstm_param_by_multiplier_shift_data 0x080045a1   Thumb Code    96  gd_nn_layer.o(.text)
    nn_malloc                                0x08004601   Thumb Code    34  gd_nn_other.o(.text)
    nn_start_flag_check                      0x08004629   Thumb Code     4  gd_nn_support.o(.text)
    nn_end_flag_check                        0x08004631   Thumb Code     4  gd_nn_support.o(.text)
    nn_version_check                         0x08004639   Thumb Code     4  gd_nn_support.o(.text)
    nn_platform_check                        0x08004641   Thumb Code     4  gd_nn_support.o(.text)
    nn_signature_check                       0x08004649   Thumb Code     4  gd_nn_support.o(.text)
    nn_tensor_struct_create                  0x08004651   Thumb Code     6  gd_nn_tensor.o(.text)
    nn_tensor_struct_init                    0x08004659   Thumb Code   118  gd_nn_tensor.o(.text)
    arm_convolve_wrapper_s8                  0x080046d1   Thumb Code  1270  arm_convolve_wrapper_s8.o(.text)
    arm_depthwise_conv_wrapper_s8            0x08004bc9   Thumb Code   190  arm_depthwise_conv_wrapper_s8.o(.text)
    arm_elementwise_add_s8                   0x08004c89   Thumb Code  1372  arm_elementwise_add_s8.o(.text)
    dwconv_fast_f32                          0x080051e9   Thumb Code  3606  dwconv_fast_f32.o(.text)
    dwconv_normal_f32                        0x08006001   Thumb Code  2090  dwconv_normal_f32.o(.text)
    conv2d_fast_f32                          0x08006831   Thumb Code  2632  conv2d_fast_f32.o(.text)
    conv2d_fast_group_f32                    0x08007279   Thumb Code  2858  conv2d_fast_f32.o(.text)
    add_f32                                  0x08007da9   Thumb Code   292  add_f32.o(.text)
    add_f32_another_one_dim                  0x08007ed1   Thumb Code   256  add_f32.o(.text)
    Add4DSlow_i8                             0x08007fd1   Thumb Code   904  add_broadcast.o(.text)
    Add4DSlow_f32                            0x08008359   Thumb Code  2600  add_broadcast.o(.text)
    Need_broadcast                           0x08008d81   Thumb Code  1112  mul_broadcast.o(.text)
    Mul_broadcast_4dims_i8                   0x080091d9   Thumb Code   720  mul_broadcast.o(.text)
    Mul_broadcast_4dims_f32                  0x080094a9   Thumb Code  2344  mul_broadcast.o(.text)
    arm_convolve_s8_with_group               0x08009dd1   Thumb Code  5684  arm_convolve_s8_cmsis600.o(.text)
    nn_quantization_paras_struct_create      0x0800b409   Thumb Code     6  gd_nn_special_op_and_quan.o(.text)
    nn_quantization_paras_struct_init        0x0800b411   Thumb Code    60  gd_nn_special_op_and_quan.o(.text)
    nn_quantization_paras_struct_destroy     0x0800b451   Thumb Code     4  gd_nn_special_op_and_quan.o(.text)
    nn_special_params_struct_create_init     0x0800b459   Thumb Code   848  gd_nn_special_op_and_quan.o(.text)
    nn_special_params_struct_destroy         0x0800c7b1   Thumb Code     4  gd_nn_special_op_and_quan.o(.text)
    nn_wrapper_UnidirectionalSequenceLSTM_func 0x0800c7b9   Thumb Code   762  nn_forward_unidirectionalsequencelstm.o(.text)
    CMSIS_NN_VectorSum                       0x0800cab9   Thumb Code    28  nn_forward_unidirectionalsequencelstm.o(.text)
    nn_UnidirectionalSequenceLSTM_init       0x0800cad9   Thumb Code   680  nn_forward_unidirectionalsequencelstm.o(.text)
    nn_wrapper_BidirectionalSequenceLSTM_func 0x0800cd81   Thumb Code  1476  nn_forward_bidirectionalsequencelstm.o(.text)
    nn_BidirectionalSequenceLSTM_init        0x0800d349   Thumb Code  1348  nn_forward_bidirectionalsequencelstm.o(.text)
    arm_convolve_1x1_s8                      0x0800d891   Thumb Code   196  arm_convolve_1x1_s8.o(.text)
    arm_convolve_s8                          0x0800d959   Thumb Code  2024  arm_convolve_s8.o(.text)
    arm_convolve_s8_fast                     0x0800e141   Thumb Code  2720  arm_convolve_s8.o(.text)
    arm_depthwise_conv_3x3_s8                0x0800ebe1   Thumb Code  3752  arm_depthwise_conv_3x3_s8.o(.text)
    arm_depthwise_conv_s8                    0x0800fa89   Thumb Code  2940  arm_depthwise_conv_s8.o(.text)
    arm_depthwise_conv_s8_opt                0x08010609   Thumb Code  2956  arm_depthwise_conv_s8_opt.o(.text)
    arm_s8_to_s16_unordered_with_offset      0x08011199   Thumb Code   268  arm_s8_to_s16_unordered_with_offset.o(.text)
    gd_convolve_1_x_n_s8                     0x080112a9   Thumb Code  1592  gd_convolve_1_x_n_s8.o(.text)
    gd_convolve_1_x_n_s8_same                0x080118e1   Thumb Code  2248  gd_convolve_1_x_n_s8.o(.text)
    gd_convolve_1_x_n_s8_fast                0x080121a9   Thumb Code  1620  gd_convolve_1_x_n_s8.o(.text)
    gd_depthwise_conv_3x3_s8_fast            0x08012801   Thumb Code   972  gd_depthwise_conv_3x3_s8_fast.o(.text)
    gd_convolve_1x1_s8_bal                   0x08012bd1   Thumb Code   948  gd_convolve_1_x_1_s8_bal.o(.text)
    gd_convolve_s8_ker3_inch3_s2             0x08012f89   Thumb Code  2214  gd_convolve_image_conv.o(.text)
    arm_nn_mat_mult_ker3_inch3_s8_s16        0x08013831   Thumb Code  1054  gd_convolve_image_conv.o(.text)
    gd_convolve_s8_ker3_inch3_s2_same        0x08013c51   Thumb Code  2006  gd_convolve_image_conv.o(.text)
    gd_convolve_s8_ker3_inch3_s2_pad1        0x08014429   Thumb Code  1998  gd_convolve_image_conv.o(.text)
    gd_convolve_s8_ker3_inch3_s1_same        0x08014bf9   Thumb Code  2230  gd_convolve_image_conv.o(.text)
    gd_convolve_s8_ker3_inch3_s1_pad1        0x080154b1   Thumb Code  3078  gd_convolve_image_conv.o(.text)
    gd_convolve_s8_ker3_inchdiv4_s1_pad1     0x080160b9   Thumb Code  3902  gd_convolve_image_conv.o(.text)
    gd_convolve_s8_1x1_ch24                  0x08016ff9   Thumb Code  1508  gd_convolve_image_conv.o(.text)
    mat_mult_kernel_s8_s16_reordered_ch24    0x080175e1   Thumb Code   988  gd_convolve_image_conv.o(.text)
    arm_nn_mat_mult_kernel_s8_s16_cmsis600   0x080179c1   Thumb Code  2102  arm_nn_mat_mult_kernel_s8_s16_cmsis600.o(.text)
    arm_nn_mat_mult_kernel_row_offset_s8_s16 0x080181f9   Thumb Code  2100  arm_nn_mat_mult_kernel_row_offset_s8_s16.o(.text)
    arm_depthwise_conv_s8_opt_get_buffer_size 0x08018a31   Thumb Code    14  arm_depthwise_conv_get_buffer_sizes_s8.o(.text)
    arm_depthwise_conv_wrapper_s8_get_buffer_size 0x08018a41   Thumb Code    80  arm_depthwise_conv_get_buffer_sizes_s8.o(.text)
    arm_depthwise_conv_wrapper_s8_get_buffer_size_dsp 0x08018a91   Thumb Code    80  arm_depthwise_conv_get_buffer_sizes_s8.o(.text)
    arm_depthwise_conv_wrapper_s8_get_buffer_size_mve 0x08018ae1   Thumb Code    48  arm_depthwise_conv_get_buffer_sizes_s8.o(.text)
    arm_nn_mat_mult_kernel_s8_s16            0x08018b11   Thumb Code  2092  arm_nn_mat_mult_kernel_s8_s16.o(.text)
    gd_nn_mat_mult_kernel_s8_s16_fast        0x08019341   Thumb Code  1882  arm_nn_mat_mult_kernel_s8_s16.o(.text)
    arm_nn_mat_mult_nt_t_s8                  0x08019aa1   Thumb Code  3638  arm_nn_mat_mult_nt_t_s8.o(.text)
    arm_q7_to_q15_with_offset                0x0801a8d9   Thumb Code   340  arm_q7_to_q15_with_offset.o(.text)
    PortableIsZeroVector_f32                 0x0801aa31   Thumb Code   144  unidirectionalsequencelstm.o(.text)
    IsZeroVector                             0x0801aac1   Thumb Code   148  unidirectionalsequencelstm.o(.text)
    VectorBatchVectorAssign_f32              0x0801ab59   Thumb Code   184  unidirectionalsequencelstm.o(.text)
    PortableMatrixBatchVectorMultiplyAccumulate_f32 0x0801ac11   Thumb Code   328  unidirectionalsequencelstm.o(.text)
    PortableMatrixBatchVectorMultiplyAccumulateImpl_int8x16 0x0801ad61   Thumb Code   480  unidirectionalsequencelstm.o(.text)
    PortableMatrixBatchVectorMultiplyAccumulateImpl_int8x8 0x0801af41   Thumb Code   466  unidirectionalsequencelstm.o(.text)
    MatrixBatchVectorMultiplyAccumulate_f32  0x0801b119   Thumb Code   328  unidirectionalsequencelstm.o(.text)
    MatrixBatchVectorMultiplyAccumulate_int8x16 0x0801b269   Thumb Code   480  unidirectionalsequencelstm.o(.text)
    MatrixBatchVectorMultiplyAccumulate_int8x8 0x0801b449   Thumb Code   466  unidirectionalsequencelstm.o(.text)
    PortableMeanStddevNormalization          0x0801b621   Thumb Code   656  unidirectionalsequencelstm.o(.text)
    MeanStddevNormalization                  0x0801b8b9   Thumb Code   656  unidirectionalsequencelstm.o(.text)
    VectorVectorCwiseProduct_f32             0x0801bb51   Thumb Code   192  unidirectionalsequencelstm.o(.text)
    VectorBatchVectorCwiseProduct_f32        0x0801bc11   Thumb Code   242  unidirectionalsequencelstm.o(.text)
    VectorVectorCwiseProductAccumulate_f32   0x0801bd09   Thumb Code   212  unidirectionalsequencelstm.o(.text)
    PortableVectorBatchVectorCwiseProductAccumulate_int8x16 0x0801bde1   Thumb Code   108  unidirectionalsequencelstm.o(.text)
    VectorBatchVectorCwiseProductAccumulate_f32 0x0801be51   Thumb Code   408  unidirectionalsequencelstm.o(.text)
    VectorBatchVectorCwiseProductAccumulate_int8x16 0x0801bfe9   Thumb Code   108  unidirectionalsequencelstm.o(.text)
    VectorBatchVectorAdd_f32                 0x0801c059   Thumb Code   246  unidirectionalsequencelstm.o(.text)
    PortableSub1Vector_f32                   0x0801c151   Thumb Code   154  unidirectionalsequencelstm.o(.text)
    Sub1Vector_f32                           0x0801c1f1   Thumb Code   154  unidirectionalsequencelstm.o(.text)
    PortableSub1Vector_int16                 0x0801c291   Thumb Code   138  unidirectionalsequencelstm.o(.text)
    Sub1Vector_int16                         0x0801c321   Thumb Code   138  unidirectionalsequencelstm.o(.text)
    PortableCwiseAdd_int16                   0x0801c3b1   Thumb Code   242  unidirectionalsequencelstm.o(.text)
    CwiseAdd_int16                           0x0801c4a9   Thumb Code   242  unidirectionalsequencelstm.o(.text)
    PortableCwiseClipping_f32                0x0801c5a1   Thumb Code   202  unidirectionalsequencelstm.o(.text)
    PortableCwiseClipping_int16              0x0801c671   Thumb Code   220  unidirectionalsequencelstm.o(.text)
    PortableCwiseClipping_int8               0x0801c751   Thumb Code   222  unidirectionalsequencelstm.o(.text)
    CwiseClipping_f32                        0x0801c831   Thumb Code   202  unidirectionalsequencelstm.o(.text)
    CwiseClipping_int16                      0x0801c901   Thumb Code   220  unidirectionalsequencelstm.o(.text)
    CwiseClipping_int8                       0x0801c9e1   Thumb Code   222  unidirectionalsequencelstm.o(.text)
    ApplyReluToVector                        0x0801cac1   Thumb Code   196  unidirectionalsequencelstm.o(.text)
    ApplyRelu1ToVector                       0x0801cb89   Thumb Code   232  unidirectionalsequencelstm.o(.text)
    ApplyRelu6ToVector                       0x0801cc71   Thumb Code   232  unidirectionalsequencelstm.o(.text)
    ApplySignbitToVector                     0x0801cd61   Thumb Code   212  unidirectionalsequencelstm.o(.text)
    PortableApplySigmoidToVector             0x0801ce39   Thumb Code    70  unidirectionalsequencelstm.o(.text)
    PortableApplyTanhToVector                0x0801ce81   Thumb Code   204  unidirectionalsequencelstm.o(.text)
    PortableCwiseMul_int16                   0x0801cf51   Thumb Code   438  unidirectionalsequencelstm.o(.text)
    PortableCwiseMul_int8                    0x0801d109   Thumb Code   132  unidirectionalsequencelstm.o(.text)
    CwiseMul_int16                           0x0801d191   Thumb Code   438  unidirectionalsequencelstm.o(.text)
    CwiseMul_int8                            0x0801d349   Thumb Code   132  unidirectionalsequencelstm.o(.text)
    PortableApplyActivationToVector          0x0801d3d1   Thumb Code  1136  unidirectionalsequencelstm.o(.text)
    PortableApplyLayerNorm_int8x16           0x0801d849   Thumb Code   384  unidirectionalsequencelstm.o(.text)
    ApplyLayerNorm_int8x16                   0x0801d9c9   Thumb Code   384  unidirectionalsequencelstm.o(.text)
    Tanh_int16                               0x0801db49   Thumb Code   612  unidirectionalsequencelstm.o(.text)
    Logistic_int16                           0x0801ddb1   Thumb Code   666  unidirectionalsequencelstm.o(.text)
    CalculateLstmGateFloat                   0x0801e051   Thumb Code  2656  unidirectionalsequencelstm.o(.text)
    UpdateLstmCellFloat                      0x0801eab9   Thumb Code   846  unidirectionalsequencelstm.o(.text)
    CalculateLstmOutputFloat                 0x0801ee09   Thumb Code   972  unidirectionalsequencelstm.o(.text)
    LstmStepFloat                            0x0801f1d9   Thumb Code  1804  unidirectionalsequencelstm.o(.text)
    EvalFloatLstm                            0x0801f8e9   Thumb Code  1760  unidirectionalsequencelstm.o(.text)
    arm_lstm_bidirectional_s8                0x0801ffc9   Thumb Code   496  bidirectionlasequencelstm_int.o(.text)
    arm_lstm_unidirectional_s8               0x080201b9   Thumb Code   208  arm_lstm_unidirectional_s8.o(.text)
    arm_vector_sum_s8                        0x08020289   Thumb Code   392  arm_vector_sum_s8.o(.text)
    nn_wrapper_op_quantization_func          0x08020411   Thumb Code   196  nn_forward_op_quan_dequan.o(.text)
    Requantize_u8_i8                         0x080204d9   Thumb Code  1830  nn_forward_op_quan_dequan.o(.text)
    Requantize_i8_i8                         0x08020c01   Thumb Code  1834  nn_forward_op_quan_dequan.o(.text)
    Requantize_i8_u8                         0x08021331   Thumb Code  1834  nn_forward_op_quan_dequan.o(.text)
    nn_wrapper_op_dequantization_func        0x08021a61   Thumb Code    86  nn_forward_op_quan_dequan.o(.text)
    RoundingDivideByPOT                      0x08021ab9   Thumb Code    44  nn_forward_op_quan_dequan.o(.text)
    SaturatingRoundingDoublingHighMul        0x08021ae9   Thumb Code    66  nn_forward_op_quan_dequan.o(.text)
    MultiplyByQuantizedMultiplier            0x08021b31   Thumb Code   126  nn_forward_op_quan_dequan.o(.text)
    arm_nn_lstm_step_s8                      0x08021bb1   Thumb Code   248  arm_nn_lstm_step_s8.o(.text)
    dequantize_int8_f32                      0x08021ca9   Thumb Code   258  dequantization.o(.text)
    dequantize_int16_f32                     0x08021db1   Thumb Code   280  dequantization.o(.text)
    quantize_f32_int8                        0x08021ec9   Thumb Code   296  quantization.o(.text)
    quantize_f32_int16                       0x08021ff1   Thumb Code   296  quantization.o(.text)
    arm_elementwise_mul_s16                  0x08022119   Thumb Code   300  arm_elementwise_mul_s16.o(.text)
    arm_elementwise_mul_acc_s16              0x08022249   Thumb Code   326  arm_elementwise_mul_acc_s16.o(.text)
    arm_elementwise_mul_s16_s8               0x08022391   Thumb Code   776  arm_elementwise_mul_s16_s8.o(.text)
    arm_nn_lstm_calculate_gate_s8_s16        0x08022699   Thumb Code   134  arm_nn_lstm_calculate_gate_s8_s16.o(.text)
    arm_nn_activation_s16                    0x08022721   Thumb Code  1392  arm_nn_activation_s16.o(.text)
    arm_nn_vec_mat_mul_result_acc_s8_s16     0x08022c91   Thumb Code  1716  arm_nn_vec_mat_mul_result_acc_s8_s16.o(.text)
    __aeabi_uldivmod                         0x08023345   Thumb Code    98  uldiv.o(.text)
    __aeabi_ldivmod                          0x080233a7   Thumb Code    98  ldiv.o(.text)
    __aeabi_memcpy                           0x08023409   Thumb Code    36  memcpya.o(.text)
    __aeabi_memcpy4                          0x08023409   Thumb Code     0  memcpya.o(.text)
    __aeabi_memcpy8                          0x08023409   Thumb Code     0  memcpya.o(.text)
    __aeabi_memset                           0x0802342d   Thumb Code    14  memseta.o(.text)
    __aeabi_memset4                          0x0802342d   Thumb Code     0  memseta.o(.text)
    __aeabi_memset8                          0x0802342d   Thumb Code     0  memseta.o(.text)
    __aeabi_memclr                           0x0802343b   Thumb Code     4  memseta.o(.text)
    __aeabi_memclr4                          0x0802343b   Thumb Code     0  memseta.o(.text)
    __aeabi_memclr8                          0x0802343b   Thumb Code     0  memseta.o(.text)
    _memset$wrapper                          0x0802343f   Thumb Code    18  memseta.o(.text)
    __aeabi_uidiv                            0x08023451   Thumb Code     0  uidiv.o(.text)
    __aeabi_uidivmod                         0x08023451   Thumb Code    44  uidiv.o(.text)
    __aeabi_llsl                             0x0802347d   Thumb Code    30  llshl.o(.text)
    _ll_shift_l                              0x0802347d   Thumb Code     0  llshl.o(.text)
    __aeabi_llsr                             0x0802349b   Thumb Code    32  llushr.o(.text)
    _ll_ushift_r                             0x0802349b   Thumb Code     0  llushr.o(.text)
    __I$use$fp                               0x080234bb   Thumb Code     0  iusefp.o(.text)
    __aeabi_dadd                             0x080234bb   Thumb Code   322  dadd.o(.text)
    __aeabi_dsub                             0x080235fd   Thumb Code     6  dadd.o(.text)
    __aeabi_drsub                            0x08023603   Thumb Code     6  dadd.o(.text)
    __aeabi_dmul                             0x08023609   Thumb Code   228  dmul.o(.text)
    __aeabi_ddiv                             0x080236ed   Thumb Code   222  ddiv.o(.text)
    __aeabi_d2ulz                            0x080237cb   Thumb Code    48  dfixul.o(.text)
    __aeabi_cdrcmple                         0x080237fd   Thumb Code    48  cdrcmple.o(.text)
    __scatterload                            0x0802382d   Thumb Code    38  init.o(.text)
    __scatterload_rt2                        0x0802382d   Thumb Code     0  init.o(.text)
    __aeabi_lasr                             0x0802385d   Thumb Code    36  llsshr.o(.text)
    _ll_sshift_r                             0x0802385d   Thumb Code     0  llsshr.o(.text)
    _double_round                            0x08023881   Thumb Code    30  depilogue.o(.text)
    _double_epilogue                         0x0802389f   Thumb Code   156  depilogue.o(.text)
    __decompress                             0x0802393b   Thumb Code     0  __dclz77c.o(.text)
    __decompress2                            0x0802393b   Thumb Code    94  __dclz77c.o(.text)
    __0printf                                0x08023999   Thumb Code    22  printfa.o(i.__0printf)
    __1printf                                0x08023999   Thumb Code     0  printfa.o(i.__0printf)
    __2printf                                0x08023999   Thumb Code     0  printfa.o(i.__0printf)
    __c89printf                              0x08023999   Thumb Code     0  printfa.o(i.__0printf)
    printf                                   0x08023999   Thumb Code     0  printfa.o(i.__0printf)
    __ARM_fpclassifyf                        0x080239b9   Thumb Code    38  fpclassifyf.o(i.__ARM_fpclassifyf)
    __hardfp_expf                            0x080239e1   Thumb Code   430  expf.o(i.__hardfp_expf)
    __mathlib_expf                           0x080239e1   Thumb Code     0  expf.o(i.__hardfp_expf)
    __hardfp_tanhf                           0x08023bcd   Thumb Code   208  tanhf.o(i.__hardfp_tanhf)
    __mathlib_flt_infnan                     0x08023cb1   Thumb Code     6  funder.o(i.__mathlib_flt_infnan)
    __mathlib_flt_overflow                   0x08023cb9   Thumb Code    10  funder.o(i.__mathlib_flt_overflow)
    __mathlib_flt_underflow                  0x08023cc9   Thumb Code    10  funder.o(i.__mathlib_flt_underflow)
    __scatterload_copy                       0x08023cd9   Thumb Code    14  handlers.o(i.__scatterload_copy)
    __scatterload_null                       0x08023ce7   Thumb Code     2  handlers.o(i.__scatterload_null)
    __scatterload_zeroinit                   0x08023ce9   Thumb Code    14  handlers.o(i.__scatterload_zeroinit)
    __set_errno                              0x08023cf9   Thumb Code     6  errno.o(i.__set_errno)
    free                                     0x080245b9   Thumb Code    76  malloc.o(i.free)
    puts                                     0x08024609   Thumb Code    30  puts.o(i.puts)
    sigmoid_table_uint16                     0x080248b0   Data         512  arm_nntables.o(.rodata.sigmoid_table_uint16)
    Region$$Table$$Base                      0x08024dac   Number         0  anon$$obj.o(Region$$Table)
    Region$$Table$$Limit                     0x08024dcc   Number         0  anon$$obj.o(Region$$Table)
    Image$$RW_IRAM1$$RW$$Base                0x24000000   Number         0  anon$$obj.o ABSOLUTE
    __stdout                                 0x24000000   Data           4  stdout.o(.data)
    __microlib_freelist                      0x24000004   Data           4  mvars.o(.data)
    SystemCoreClock                          0x2400000c   Data           4  system_gd32h7xx.o(.data.SystemCoreClock)
    func_cb_arr                              0x24000010   Data          36  nn_model_configure.o(.data.func_cb_arr)
    input_data                               0x24000034   Data           4  main.o(.data.input_data)
    lstm_numbers                             0x24000038   Data           4  nn_model_configure.o(.data.lstm_numbers)
    model_name                               0x2400003c   Data           4  nn_model_configure.o(.data.model_name)
    model_paras_arr                          0x24000040   Data        6248  nn_model_configure.o(.data.model_paras_arr)
    model_paras_array_and_data               0x240018a8   Data           8  main.o(.data.model_paras_array_and_data)
    operator_name                            0x240018b0   Data          36  nn_model_configure.o(.data.operator_name)
    platform_name                            0x240018d4   Data           4  nn_model_configure.o(.data.platform_name)
    ai_layer_mem                             0x240018e0   Data        2424  nn_model_configure.o(.bss.ai_layer_mem)
    ai_layer_size                            0x24002258   Data           4  gd_nn_other.o(.bss.ai_layer_size)
    back_in_dims_arr                         0x2400225c   Data          32  gd_nn_tensor.o(.bss.back_in_dims_arr)
    back_out_dims_arr                        0x2400227c   Data          32  gd_nn_tensor.o(.bss.back_out_dims_arr)
    bias_data_buffer                         0x2400229c   Data           4  nn_model_configure.o(.bss.bias_data_buffer)
    bidirectional_lstm_cell_and_out_state_need_clear_every_invoke 0x240022a0   Data           1  nn_model_configure.o(.bss.bidirectional_lstm_cell_and_out_state_need_clear_every_invoke)
    conv_buf                                 0x240022a4   Data         576  nn_model_configure.o(.bss.conv_buf)
    ctx_buffer                               0x240024e4   Data           1  nn_model_configure.o(.bss.ctx_buffer)
    kernal_buf                               0x24002500   Data          36  nn_model_configure.o(.bss.kernal_buf)
    lstm_buffer                              0x24002524   Data           1  nn_model_configure.o(.bss.lstm_buffer)
    lstm_status_index                        0x24002528   Data           4  nn_model_configure.o(.bss.lstm_status_index)
    lstm_status_info_arr                     0x2400252c   Data           4  nn_model_configure.o(.bss.lstm_status_info_arr)
    model_paras_array_info_buf               0x24002530   Data           8  main.o(.bss.model_paras_array_info_buf)
    model_paras_data                         0x24002538   Data           1  nn_model_configure.o(.bss.model_paras_data)
    nn_report                                0x2400253c   Data          28  main.o(.bss.nn_report)
    optimize_level                           0x24002558   Data           1  nn_model_configure.o(.bss.optimize_level)
    out_node_arr_offset                      0x2400255c   Data           4  nn_model_configure.o(.bss.out_node_arr_offset)
    output_data_ptr                          0x24002560   Data           4  main.o(.bss.output_data_ptr)
    quantization_type                        0x24002564   Data           1  gd_nn_layer.o(.bss.quantization_type)
    scratch_buffer                           0x24002568   Data         256  nn_model_configure.o(.bss.scratch_buffer)
    static_buffer_peak                       0x24002680   Data       213024  nn_model_configure.o(.bss.static_buffer_peak)
    static_multi_in_buffer_pool              0x240366a0   Data           4  nn_model_configure.o(.bss.static_multi_in_buffer_pool)
    sys_count                                0x240366a4   Data           4  gd32h7xx_it.o(.bss.sys_count)
    undirectional_lstm_cell_and_out_state_need_clear_every_invoke 0x240366c8   Data           1  nn_model_configure.o(.bss.undirectional_lstm_cell_and_out_state_need_clear_every_invoke)
    using_sdram                              0x240366c9   Data           1  nn_model_configure.o(.bss.using_sdram)
    __initial_sp                             0x240386d0   Data           0  startup_gd32h7xx.o(STACK)
    rxdesc_tab                               0x30000000   Data          80  gd32h7xx_enet.o(.ARM.__at_0x30000000)
    txdesc_tab                               0x30000160   Data          80  gd32h7xx_enet.o(.ARM.__at_0x30000160)
    rx_buff                                  0x30000300   Data        7620  gd32h7xx_enet.o(.ARM.__at_0x30000300)
    tx_buff                                  0x30002100   Data        7620  gd32h7xx_enet.o(.ARM.__at_0x30002100)



==============================================================================

Memory Map of the image

  Image Entry point : 0x080003a5

  Load Region LR_IROM1 (Base: 0x08000000, Size: 0x000266c0, Max: 0x00300000, ABSOLUTE, COMPRESSED[0x000261c0])

    Execution Region ER_IROM1 (Exec base: 0x08000000, Load base: 0x08000000, Size: 0x00024dcc, Max: 0x00300000, ABSOLUTE)

    Exec Addr    Load Addr    Size         Type   Attr      Idx    E Section Name        Object

    0x08000000   0x08000000   0x000003a4   Data   RO          567    RESET               startup_gd32h7xx.o
    0x080003a4   0x080003a4   0x00000000   Code   RO         1070  * .ARM.Collect$$$$00000000  mc_w.l(entry.o)
    0x080003a4   0x080003a4   0x00000004   Code   RO         1392    .ARM.Collect$$$$00000001  mc_w.l(entry2.o)
    0x080003a8   0x080003a8   0x00000004   Code   RO         1395    .ARM.Collect$$$$00000004  mc_w.l(entry5.o)
    0x080003ac   0x080003ac   0x00000000   Code   RO         1397    .ARM.Collect$$$$00000008  mc_w.l(entry7b.o)
    0x080003ac   0x080003ac   0x00000000   Code   RO         1399    .ARM.Collect$$$$0000000A  mc_w.l(entry8b.o)
    0x080003ac   0x080003ac   0x00000008   Code   RO         1400    .ARM.Collect$$$$0000000B  mc_w.l(entry9a.o)
    0x080003b4   0x080003b4   0x00000000   Code   RO         1402    .ARM.Collect$$$$0000000D  mc_w.l(entry10a.o)
    0x080003b4   0x080003b4   0x00000000   Code   RO         1404    .ARM.Collect$$$$0000000F  mc_w.l(entry11a.o)
    0x080003b4   0x080003b4   0x00000004   Code   RO         1393    .ARM.Collect$$$$00002712  mc_w.l(entry2.o)
    0x080003b8   0x080003b8   0x00000056   Code   RO            1    .text               gd32h7xx_it.o
    0x0800040e   0x0800040e   0x00000002   PAD
    0x08000410   0x08000410   0x00000080   Code   RO            9    .text               systick.o
    0x08000490   0x08000490   0x00000266   Code   RO           18    .text               main.o
    0x080006f6   0x080006f6   0x00000002   PAD
    0x080006f8   0x080006f8   0x000002f0   Code   RO           64    .text               nn_model_report.o
    0x080009e8   0x080009e8   0x000002c4   Code   RO           95    .text               system_gd32h7xx.o
    0x08000cac   0x08000cac   0x00000004   PAD
    0x08000cb0   0x08000cb0   0x000001de   Code   RO          277    .text               gd32h7xx_exti.o
    0x08000e8e   0x08000e8e   0x00000002   PAD
    0x08000e90   0x08000e90   0x00000228   Code   RO          312    .text               gd32h7xx_gpio.o
    0x080010b8   0x080010b8   0x0000018a   Code   RO          393    .text               gd32h7xx_misc.o
    0x08001242   0x08001242   0x00000006   PAD
    0x08001248   0x08001248   0x0000162c   Code   RO          433    .text               gd32h7xx_rcu.o
    0x08002874   0x08002874   0x00000004   PAD
    0x08002878   0x08002878   0x00000348   Code   RO          491    .text               gd32h7xx_syscfg.o
    0x08002bc0   0x08002bc0   0x0000095e   Code   RO          541    .text               gd32h7xx_usart.o
    0x0800351e   0x0800351e   0x00000002   PAD
    0x08003520   0x08003520   0x0000003c   Code   RO          568    .text               startup_gd32h7xx.o
    0x0800355c   0x0800355c   0x00000004   PAD
    0x08003560   0x08003560   0x000001a2   Code   RO          574    .text               gd32h759i_start.o
    0x08003702   0x08003702   0x00000006   PAD
    0x08003708   0x08003708   0x000004e8   Code   RO          583    .text               GD_LIB_CM7_v210.lib(gd_nn_interface.o)
    0x08003bf0   0x08003bf0   0x00000130   Code   RO          593    .text               GD_LIB_CM7_v210.lib(nn_forward_con2d.o)
    0x08003d20   0x08003d20   0x000000e6   Code   RO          603    .text               GD_LIB_CM7_v210.lib(nn_forward_dwcon2d.o)
    0x08003e06   0x08003e06   0x00000002   PAD
    0x08003e08   0x08003e08   0x000001cc   Code   RO          613    .text               GD_LIB_CM7_v210.lib(nn_forward_add.o)
    0x08003fd4   0x08003fd4   0x00000004   PAD
    0x08003fd8   0x08003fd8   0x00000042   Code   RO          622    .text               GD_LIB_CM7_v210.lib(gd_nn_basic_types.o)
    0x0800401a   0x0800401a   0x00000006   PAD
    0x08004020   0x08004020   0x000005e0   Code   RO          630    .text               GD_LIB_CM7_v210.lib(gd_nn_layer.o)
    0x08004600   0x08004600   0x00000022   Code   RO          642    .text               GD_LIB_CM7_v210.lib(gd_nn_other.o)
    0x08004622   0x08004622   0x00000006   PAD
    0x08004628   0x08004628   0x00000024   Code   RO          651    .text               GD_LIB_CM7_v210.lib(gd_nn_support.o)
    0x0800464c   0x0800464c   0x00000004   PAD
    0x08004650   0x08004650   0x0000007e   Code   RO          659    .text               GD_LIB_CM7_v210.lib(gd_nn_tensor.o)
    0x080046ce   0x080046ce   0x00000002   PAD
    0x080046d0   0x080046d0   0x000004f6   Code   RO          669    .text               GD_LIB_CM7_v210.lib(arm_convolve_wrapper_s8.o)
    0x08004bc6   0x08004bc6   0x00000002   PAD
    0x08004bc8   0x08004bc8   0x000000be   Code   RO          677    .text               GD_LIB_CM7_v210.lib(arm_depthwise_conv_wrapper_s8.o)
    0x08004c86   0x08004c86   0x00000002   PAD
    0x08004c88   0x08004c88   0x0000055c   Code   RO          685    .text               GD_LIB_CM7_v210.lib(arm_elementwise_add_s8.o)
    0x080051e4   0x080051e4   0x00000004   PAD
    0x080051e8   0x080051e8   0x00000e16   Code   RO          694    .text               GD_LIB_CM7_v210.lib(dwconv_fast_f32.o)
    0x08005ffe   0x08005ffe   0x00000002   PAD
    0x08006000   0x08006000   0x0000082a   Code   RO          703    .text               GD_LIB_CM7_v210.lib(dwconv_normal_f32.o)
    0x0800682a   0x0800682a   0x00000006   PAD
    0x08006830   0x08006830   0x00001572   Code   RO          712    .text               GD_LIB_CM7_v210.lib(conv2d_fast_f32.o)
    0x08007da2   0x08007da2   0x00000006   PAD
    0x08007da8   0x08007da8   0x00000228   Code   RO          721    .text               GD_LIB_CM7_v210.lib(add_f32.o)
    0x08007fd0   0x08007fd0   0x00000db0   Code   RO          730    .text               GD_LIB_CM7_v210.lib(add_broadcast.o)
    0x08008d80   0x08008d80   0x00001050   Code   RO          739    .text               GD_LIB_CM7_v210.lib(mul_broadcast.o)
    0x08009dd0   0x08009dd0   0x00001634   Code   RO          748    .text               GD_LIB_CM7_v210.lib(arm_convolve_s8_cmsis600.o)
    0x0800b404   0x0800b404   0x00000004   PAD
    0x0800b408   0x0800b408   0x000013ac   Code   RO          757    .text               GD_LIB_CM7_v210.lib(gd_nn_special_op_and_quan.o)
    0x0800c7b4   0x0800c7b4   0x00000004   PAD
    0x0800c7b8   0x0800c7b8   0x000005c8   Code   RO          766    .text               GD_LIB_CM7_v210.lib(nn_forward_unidirectionalsequencelstm.o)
    0x0800cd80   0x0800cd80   0x00000b0c   Code   RO          775    .text               GD_LIB_CM7_v210.lib(nn_forward_bidirectionalsequencelstm.o)
    0x0800d88c   0x0800d88c   0x00000004   PAD
    0x0800d890   0x0800d890   0x000000c4   Code   RO          784    .text               GD_LIB_CM7_v210.lib(arm_convolve_1x1_s8.o)
    0x0800d954   0x0800d954   0x00000004   PAD
    0x0800d958   0x0800d958   0x00001288   Code   RO          793    .text               GD_LIB_CM7_v210.lib(arm_convolve_s8.o)
    0x0800ebe0   0x0800ebe0   0x00000ea8   Code   RO          802    .text               GD_LIB_CM7_v210.lib(arm_depthwise_conv_3x3_s8.o)
    0x0800fa88   0x0800fa88   0x00000b7c   Code   RO          811    .text               GD_LIB_CM7_v210.lib(arm_depthwise_conv_s8.o)
    0x08010604   0x08010604   0x00000004   PAD
    0x08010608   0x08010608   0x00000b8c   Code   RO          820    .text               GD_LIB_CM7_v210.lib(arm_depthwise_conv_s8_opt.o)
    0x08011194   0x08011194   0x00000004   PAD
    0x08011198   0x08011198   0x0000010c   Code   RO          829    .text               GD_LIB_CM7_v210.lib(arm_s8_to_s16_unordered_with_offset.o)
    0x080112a4   0x080112a4   0x00000004   PAD
    0x080112a8   0x080112a8   0x00001554   Code   RO          838    .text               GD_LIB_CM7_v210.lib(gd_convolve_1_x_n_s8.o)
    0x080127fc   0x080127fc   0x00000004   PAD
    0x08012800   0x08012800   0x000003cc   Code   RO          847    .text               GD_LIB_CM7_v210.lib(gd_depthwise_conv_3x3_s8_fast.o)
    0x08012bcc   0x08012bcc   0x00000004   PAD
    0x08012bd0   0x08012bd0   0x000003b4   Code   RO          856    .text               GD_LIB_CM7_v210.lib(gd_convolve_1_x_1_s8_bal.o)
    0x08012f84   0x08012f84   0x00000004   PAD
    0x08012f88   0x08012f88   0x00004a34   Code   RO          865    .text               GD_LIB_CM7_v210.lib(gd_convolve_image_conv.o)
    0x080179bc   0x080179bc   0x00000004   PAD
    0x080179c0   0x080179c0   0x00000836   Code   RO          874    .text               GD_LIB_CM7_v210.lib(arm_nn_mat_mult_kernel_s8_s16_cmsis600.o)
    0x080181f6   0x080181f6   0x00000002   PAD
    0x080181f8   0x080181f8   0x00000834   Code   RO          883    .text               GD_LIB_CM7_v210.lib(arm_nn_mat_mult_kernel_row_offset_s8_s16.o)
    0x08018a2c   0x08018a2c   0x00000004   PAD
    0x08018a30   0x08018a30   0x000000e0   Code   RO          892    .text               GD_LIB_CM7_v210.lib(arm_depthwise_conv_get_buffer_sizes_s8.o)
    0x08018b10   0x08018b10   0x00000f8a   Code   RO          901    .text               GD_LIB_CM7_v210.lib(arm_nn_mat_mult_kernel_s8_s16.o)
    0x08019a9a   0x08019a9a   0x00000006   PAD
    0x08019aa0   0x08019aa0   0x00000e36   Code   RO          910    .text               GD_LIB_CM7_v210.lib(arm_nn_mat_mult_nt_t_s8.o)
    0x0801a8d6   0x0801a8d6   0x00000002   PAD
    0x0801a8d8   0x0801a8d8   0x00000154   Code   RO          919    .text               GD_LIB_CM7_v210.lib(arm_q7_to_q15_with_offset.o)
    0x0801aa2c   0x0801aa2c   0x00000004   PAD
    0x0801aa30   0x0801aa30   0x00005598   Code   RO          928    .text               GD_LIB_CM7_v210.lib(unidirectionalsequencelstm.o)
    0x0801ffc8   0x0801ffc8   0x000001f0   Code   RO          938    .text               GD_LIB_CM7_v210.lib(bidirectionlasequencelstm_int.o)
    0x080201b8   0x080201b8   0x000000d0   Code   RO          946    .text               GD_LIB_CM7_v210.lib(arm_lstm_unidirectional_s8.o)
    0x08020288   0x08020288   0x00000188   Code   RO          954    .text               GD_LIB_CM7_v210.lib(arm_vector_sum_s8.o)
    0x08020410   0x08020410   0x0000179e   Code   RO          963    .text               GD_LIB_CM7_v210.lib(nn_forward_op_quan_dequan.o)
    0x08021bae   0x08021bae   0x00000002   PAD
    0x08021bb0   0x08021bb0   0x000000f8   Code   RO          972    .text               GD_LIB_CM7_v210.lib(arm_nn_lstm_step_s8.o)
    0x08021ca8   0x08021ca8   0x00000220   Code   RO          980    .text               GD_LIB_CM7_v210.lib(dequantization.o)
    0x08021ec8   0x08021ec8   0x00000250   Code   RO          989    .text               GD_LIB_CM7_v210.lib(quantization.o)
    0x08022118   0x08022118   0x0000012c   Code   RO          998    .text               GD_LIB_CM7_v210.lib(arm_elementwise_mul_s16.o)
    0x08022244   0x08022244   0x00000004   PAD
    0x08022248   0x08022248   0x00000146   Code   RO         1007    .text               GD_LIB_CM7_v210.lib(arm_elementwise_mul_acc_s16.o)
    0x0802238e   0x0802238e   0x00000002   PAD
    0x08022390   0x08022390   0x00000308   Code   RO         1016    .text               GD_LIB_CM7_v210.lib(arm_elementwise_mul_s16_s8.o)
    0x08022698   0x08022698   0x00000086   Code   RO         1025    .text               GD_LIB_CM7_v210.lib(arm_nn_lstm_calculate_gate_s8_s16.o)
    0x0802271e   0x0802271e   0x00000002   PAD
    0x08022720   0x08022720   0x00000570   Code   RO         1033    .text               GD_LIB_CM7_v210.lib(arm_nn_activation_s16.o)
    0x08022c90   0x08022c90   0x000006b4   Code   RO         1048    .text               GD_LIB_CM7_v210.lib(arm_nn_vec_mat_mul_result_acc_s8_s16.o)
    0x08023344   0x08023344   0x00000062   Code   RO         1077    .text               mc_w.l(uldiv.o)
    0x080233a6   0x080233a6   0x00000062   Code   RO         1079    .text               mc_w.l(ldiv.o)
    0x08023408   0x08023408   0x00000024   Code   RO         1081    .text               mc_w.l(memcpya.o)
    0x0802342c   0x0802342c   0x00000024   Code   RO         1083    .text               mc_w.l(memseta.o)
    0x08023450   0x08023450   0x0000002c   Code   RO         1416    .text               mc_w.l(uidiv.o)
    0x0802347c   0x0802347c   0x0000001e   Code   RO         1418    .text               mc_w.l(llshl.o)
    0x0802349a   0x0802349a   0x00000020   Code   RO         1420    .text               mc_w.l(llushr.o)
    0x080234ba   0x080234ba   0x00000000   Code   RO         1431    .text               mc_w.l(iusefp.o)
    0x080234ba   0x080234ba   0x0000014e   Code   RO         1432    .text               mf_w.l(dadd.o)
    0x08023608   0x08023608   0x000000e4   Code   RO         1434    .text               mf_w.l(dmul.o)
    0x080236ec   0x080236ec   0x000000de   Code   RO         1436    .text               mf_w.l(ddiv.o)
    0x080237ca   0x080237ca   0x00000030   Code   RO         1438    .text               mf_w.l(dfixul.o)
    0x080237fa   0x080237fa   0x00000002   PAD
    0x080237fc   0x080237fc   0x00000030   Code   RO         1440    .text               mf_w.l(cdrcmple.o)
    0x0802382c   0x0802382c   0x00000030   Code   RO         1442    .text               mc_w.l(init.o)
    0x0802385c   0x0802385c   0x00000024   Code   RO         1444    .text               mc_w.l(llsshr.o)
    0x08023880   0x08023880   0x000000ba   Code   RO         1446    .text               mf_w.l(depilogue.o)
    0x0802393a   0x0802393a   0x0000005e   Code   RO         1456    .text               mc_w.l(__dclz77c.o)
    0x08023998   0x08023998   0x00000020   Code   RO         1320    i.__0printf         mc_w.l(printfa.o)
    0x080239b8   0x080239b8   0x00000026   Code   RO         1376    i.__ARM_fpclassifyf  m_wv.l(fpclassifyf.o)
    0x080239de   0x080239de   0x00000002   PAD
    0x080239e0   0x080239e0   0x000001ec   Code   RO         1057    i.__hardfp_expf     m_wv.l(expf.o)
    0x08023bcc   0x08023bcc   0x000000e4   Code   RO         1064    i.__hardfp_tanhf    m_wv.l(tanhf.o)
    0x08023cb0   0x08023cb0   0x00000006   Code   RO         1379    i.__mathlib_flt_infnan  m_wv.l(funder.o)
    0x08023cb6   0x08023cb6   0x00000002   PAD
    0x08023cb8   0x08023cb8   0x00000010   Code   RO         1382    i.__mathlib_flt_overflow  m_wv.l(funder.o)
    0x08023cc8   0x08023cc8   0x00000010   Code   RO         1384    i.__mathlib_flt_underflow  m_wv.l(funder.o)
    0x08023cd8   0x08023cd8   0x0000000e   Code   RO         1450    i.__scatterload_copy  mc_w.l(handlers.o)
    0x08023ce6   0x08023ce6   0x00000002   Code   RO         1451    i.__scatterload_null  mc_w.l(handlers.o)
    0x08023ce8   0x08023ce8   0x0000000e   Code   RO         1452    i.__scatterload_zeroinit  mc_w.l(handlers.o)
    0x08023cf6   0x08023cf6   0x00000002   PAD
    0x08023cf8   0x08023cf8   0x0000000c   Code   RO         1426    i.__set_errno       mc_w.l(errno.o)
    0x08023d04   0x08023d04   0x00000184   Code   RO         1327    i._fp_digits        mc_w.l(printfa.o)
    0x08023e88   0x08023e88   0x000006dc   Code   RO         1328    i._printf_core      mc_w.l(printfa.o)
    0x08024564   0x08024564   0x00000024   Code   RO         1329    i._printf_post_padding  mc_w.l(printfa.o)
    0x08024588   0x08024588   0x0000002e   Code   RO         1330    i._printf_pre_padding  mc_w.l(printfa.o)
    0x080245b6   0x080245b6   0x00000002   PAD
    0x080245b8   0x080245b8   0x00000050   Code   RO         1348    i.free              mc_w.l(malloc.o)
    0x08024608   0x08024608   0x00000024   Code   RO         1073    i.puts              mc_w.l(puts.o)
    0x0802462c   0x0802462c   0x00000030   Data   RO         1060    .constdata          m_wv.l(expf.o)
    0x0802465c   0x0802465c   0x00000016   Data   RO          314    .rodata..Lswitch.table.gpio_deinit.1  gd32h7xx_gpio.o
    0x08024672   0x08024672   0x00000002   PAD
    0x08024674   0x08024674   0x00000020   Data   RO          576    .rodata.cst16       gd32h759i_start.o
    0x08024694   0x08024694   0x00000008   Data   RO          435    .rodata.cst8        gd32h7xx_rcu.o
    0x0802469c   0x0802469c   0x00000014   Data   RO           67    .rodata.quantization_type_name  nn_model_report.o
    0x080246b0   0x080246b0   0x00000200   Data   RO          930    .rodata.sigmoid_table_uint16  GD_LIB_CM7_v210.lib(unidirectionalsequencelstm.o)
    0x080248b0   0x080248b0   0x00000200   Data   RO         1043    .rodata.sigmoid_table_uint16  GD_LIB_CM7_v210.lib(arm_nntables.o)
    0x08024ab0   0x08024ab0   0x00000034   Data   RO           36    .rodata.str1.1      nn_model_configure.o
    0x08024ae4   0x08024ae4   0x000002c5   Data   RO           66    .rodata.str1.1      nn_model_report.o
    0x08024da9   0x08024da9   0x00000003   PAD
    0x08024dac   0x08024dac   0x00000020   Data   RO         1449    Region$$Table       anon$$obj.o


    Execution Region RW_IRAM1 (Exec base: 0x24000000, Load base: 0x08024de0, Size: 0x000386d0, Max: 0x000f0000, ABSOLUTE, COMPRESSED[0x000013e0])

    Exec Addr    Load Addr    Size         Type   Attr      Idx    E Section Name        Object

    0x24000000   COMPRESSED   0x00000004   Data   RW         1406    .data               mc_w.l(stdout.o)
    0x24000004   COMPRESSED   0x00000004   Data   RW         1422    .data               mc_w.l(mvars.o)
    0x24000008   COMPRESSED   0x00000004   Data   RW         1427    .data               mc_w.l(errno.o)
    0x2400000c   COMPRESSED   0x00000004   Data   RW           97    .data.SystemCoreClock  system_gd32h7xx.o
    0x24000010   COMPRESSED   0x00000024   Data   RW           35    .data.func_cb_arr   nn_model_configure.o
    0x24000034   COMPRESSED   0x00000004   Data   RW           20    .data.input_data    main.o
    0x24000038   COMPRESSED   0x00000004   Data   RW           45    .data.lstm_numbers  nn_model_configure.o
    0x2400003c   COMPRESSED   0x00000004   Data   RW           38    .data.model_name    nn_model_configure.o
    0x24000040   COMPRESSED   0x00001868   Data   RW           48    .data.model_paras_arr  nn_model_configure.o
    0x240018a8   COMPRESSED   0x00000008   Data   RW           21    .data.model_paras_array_and_data  main.o
    0x240018b0   COMPRESSED   0x00000024   Data   RW           37    .data.operator_name  nn_model_configure.o
    0x240018d4   COMPRESSED   0x00000004   Data   RW           39    .data.platform_name  nn_model_configure.o
    0x240018d8   COMPRESSED   0x00000008   PAD
    0x240018e0        -       0x00000978   Zero   RW           50    .bss.ai_layer_mem   nn_model_configure.o
    0x24002258        -       0x00000004   Zero   RW          644    .bss.ai_layer_size  GD_LIB_CM7_v210.lib(gd_nn_other.o)
    0x2400225c        -       0x00000020   Zero   RW          661    .bss.back_in_dims_arr  GD_LIB_CM7_v210.lib(gd_nn_tensor.o)
    0x2400227c        -       0x00000020   Zero   RW          662    .bss.back_out_dims_arr  GD_LIB_CM7_v210.lib(gd_nn_tensor.o)
    0x2400229c        -       0x00000004   Zero   RW           54    .bss.bias_data_buffer  nn_model_configure.o
    0x240022a0        -       0x00000001   Zero   RW           47    .bss.bidirectional_lstm_cell_and_out_state_need_clear_every_invoke  nn_model_configure.o
    0x240022a1   COMPRESSED   0x00000003   PAD
    0x240022a4        -       0x00000240   Zero   RW           52    .bss.conv_buf       nn_model_configure.o
    0x240024e4        -       0x00000001   Zero   RW           51    .bss.ctx_buffer     nn_model_configure.o
    0x240024e5   COMPRESSED   0x00000003   PAD
    0x240024e8        -       0x00000004   Zero   RW           11    .bss.delay          systick.o
    0x240024ec        -       0x00000008   Zero   RW          595    .bss.g_ctx          GD_LIB_CM7_v210.lib(nn_forward_con2d.o)
    0x240024f4        -       0x00000008   Zero   RW          605    .bss.g_ctx          GD_LIB_CM7_v210.lib(nn_forward_dwcon2d.o)
    0x240024fc        -       0x00000004   Zero   RW          585    .bss.global_start_array_address  GD_LIB_CM7_v210.lib(gd_nn_interface.o)
    0x24002500        -       0x00000024   Zero   RW           53    .bss.kernal_buf     nn_model_configure.o
    0x24002524        -       0x00000001   Zero   RW           56    .bss.lstm_buffer    nn_model_configure.o
    0x24002525   COMPRESSED   0x00000003   PAD
    0x24002528        -       0x00000004   Zero   RW           44    .bss.lstm_status_index  nn_model_configure.o
    0x2400252c        -       0x00000004   Zero   RW           57    .bss.lstm_status_info_arr  nn_model_configure.o
    0x24002530        -       0x00000008   Zero   RW           24    .bss.model_paras_array_info_buf  main.o
    0x24002538        -       0x00000001   Zero   RW           59    .bss.model_paras_data  nn_model_configure.o
    0x24002539   COMPRESSED   0x00000003   PAD
    0x2400253c        -       0x0000001c   Zero   RW           25    .bss.nn_report      main.o
    0x24002558        -       0x00000001   Zero   RW           42    .bss.optimize_level  nn_model_configure.o
    0x24002559   COMPRESSED   0x00000003   PAD
    0x2400255c        -       0x00000004   Zero   RW           41    .bss.out_node_arr_offset  nn_model_configure.o
    0x24002560        -       0x00000004   Zero   RW           23    .bss.output_data_ptr  main.o
    0x24002564        -       0x00000001   Zero   RW          634    .bss.quantization_type  GD_LIB_CM7_v210.lib(gd_nn_layer.o)
    0x24002565   COMPRESSED   0x00000003   PAD
    0x24002568        -       0x00000100   Zero   RW           55    .bss.scratch_buffer  nn_model_configure.o
    0x24002668   COMPRESSED   0x00000018   PAD
    0x24002680        -       0x00034020   Zero   RW           49    .bss.static_buffer_peak  nn_model_configure.o
    0x240366a0        -       0x00000004   Zero   RW           40    .bss.static_multi_in_buffer_pool  nn_model_configure.o
    0x240366a4        -       0x00000004   Zero   RW            3    .bss.sys_count      gd32h7xx_it.o
    0x240366a8        -       0x00000020   Zero   RW           22    .bss.ultratiny_seg  main.o
    0x240366c8        -       0x00000001   Zero   RW           46    .bss.undirectional_lstm_cell_and_out_state_need_clear_every_invoke  nn_model_configure.o
    0x240366c9        -       0x00000001   Zero   RW           43    .bss.using_sdram    nn_model_configure.o
    0x240366ca   COMPRESSED   0x00000006   PAD
    0x240366d0        -       0x00002000   Zero   RW          565    STACK               startup_gd32h7xx.o



  Load Region LR$$.ARM.__at_0x30000000 (Base: 0x30000000, Size: 0x00000050, Max: 0x00000050, ABSOLUTE)

    Execution Region ER$$.ARM.__at_0x30000000 (Exec base: 0x30000000, Load base: 0x30000000, Size: 0x00000050, Max: 0x00000050, ABSOLUTE, UNINIT)

    Exec Addr    Load Addr    Size         Type   Attr      Idx    E Section Name        Object

    0x30000000   0x30000000   0x00000050   Data   RW          259    .ARM.__at_0x30000000  gd32h7xx_enet.o



  Load Region LR$$.ARM.__at_0x30000160 (Base: 0x30000160, Size: 0x00000050, Max: 0x00000050, ABSOLUTE)

    Execution Region ER$$.ARM.__at_0x30000160 (Exec base: 0x30000160, Load base: 0x30000160, Size: 0x00000050, Max: 0x00000050, ABSOLUTE, UNINIT)

    Exec Addr    Load Addr    Size         Type   Attr      Idx    E Section Name        Object

    0x30000160   0x30000160   0x00000050   Data   RW          256    .ARM.__at_0x30000160  gd32h7xx_enet.o



  Load Region LR$$.ARM.__at_0x30000300 (Base: 0x30000300, Size: 0x00001dc4, Max: 0x00001dc4, ABSOLUTE, COMPRESSED[0x0000005c])

    Execution Region ER$$.ARM.__at_0x30000300 (Exec base: 0x30000300, Load base: 0x30000300, Size: 0x00001dc4, Max: 0x00001dc4, ABSOLUTE, UNINIT, COMPRESSED[0x0000005c])

    Exec Addr    Load Addr    Size         Type   Attr      Idx    E Section Name        Object

    0x30000300   COMPRESSED   0x00001dc4   Data   RW          260    .ARM.__at_0x30000300  gd32h7xx_enet.o



  Load Region LR$$.ARM.__at_0x30002100 (Base: 0x30002100, Size: 0x00001dc4, Max: 0x00001dc4, ABSOLUTE, COMPRESSED[0x0000005c])

    Execution Region ER$$.ARM.__at_0x30002100 (Exec base: 0x30002100, Load base: 0x30002100, Size: 0x00001dc4, Max: 0x00001dc4, ABSOLUTE, UNINIT, COMPRESSED[0x0000005c])

    Exec Addr    Load Addr    Size         Type   Attr      Idx    E Section Name        Object

    0x30002100   COMPRESSED   0x00001dc4   Data   RW          257    .ARM.__at_0x30002100  gd32h7xx_enet.o


==============================================================================

Image component sizes


      Code (inc. data)   RO Data    RW Data    ZI Data      Debug   Object Name

       418         12         32          0          0       9256   gd32h759i_start.o
         0          0          0      15400          0      42502   gd32h7xx_enet.o
       478          0          0          0          0       3406   gd32h7xx_exti.o
       552          0         22          0          0       6127   gd32h7xx_gpio.o
        86          0          0          0          4       1024   gd32h7xx_it.o
       394          0          0          0          0       4953   gd32h7xx_misc.o
      5676        124          8          0          0      33416   gd32h7xx_rcu.o
       840         12          0          0          0      11991   gd32h7xx_syscfg.o
      2398          8          0          0          0      16644   gd32h7xx_usart.o
       614         16          0         12         72       7500   main.o
         0          0         52       6332     216343       3152   nn_model_configure.o
       752        172        729          0          0       3312   nn_model_report.o
        60         14        932          0       8192        924   startup_gd32h7xx.o
       708          4          0          4          0       3334   system_gd32h7xx.o
       128          0          0          0          4       6730   systick.o

    ----------------------------------------------------------------------
     13136        366       1812      21748     224668     154271   Object Totals
         0          0         32          0          0          0   (incl. Generated)
        32          4          5          0         53          0   (incl. Padding)

    ----------------------------------------------------------------------

      Code (inc. data)   RO Data    RW Data    ZI Data      Debug   Library Member Name

      3504          0          0          0          0      16647   add_broadcast.o
       552          0          0          0          0       4843   add_f32.o
       196          0          0          0          0       3026   arm_convolve_1x1_s8.o
      4744          0          0          0          0      25484   arm_convolve_s8.o
      5684          0          0          0          0      23181   arm_convolve_s8_cmsis600.o
      1270          0          0          0          0       3982   arm_convolve_wrapper_s8.o
      3752          0          0          0          0      14197   arm_depthwise_conv_3x3_s8.o
       224          0          0          0          0       3257   arm_depthwise_conv_get_buffer_sizes_s8.o
      2940          0          0          0          0      13620   arm_depthwise_conv_s8.o
      2956          0          0          0          0      11775   arm_depthwise_conv_s8_opt.o
       190          0          0          0          0       2582   arm_depthwise_conv_wrapper_s8.o
      1372          0          0          0          0       9227   arm_elementwise_add_s8.o
       326          0          0          0          0       3714   arm_elementwise_mul_acc_s16.o
       300          0          0          0          0       3372   arm_elementwise_mul_s16.o
       776          0          0          0          0       4968   arm_elementwise_mul_s16_s8.o
       208          0          0          0          0       3272   arm_lstm_unidirectional_s8.o
      1392          0          0          0          0       5291   arm_nn_activation_s16.o
       134          0          0          0          0       2500   arm_nn_lstm_calculate_gate_s8_s16.o
       248          0          0          0          0       2899   arm_nn_lstm_step_s8.o
      2100          0          0          0          0      13375   arm_nn_mat_mult_kernel_row_offset_s8_s16.o
      3978          0          0          0          0      22394   arm_nn_mat_mult_kernel_s8_s16.o
      2102          0          0          0          0      13556   arm_nn_mat_mult_kernel_s8_s16_cmsis600.o
      3638          0          0          0          0      13771   arm_nn_mat_mult_nt_t_s8.o
      1716          0          0          0          0       9452   arm_nn_vec_mat_mul_result_acc_s8_s16.o
         0          0        512          0          0        613   arm_nntables.o
       340          0          0          0          0       3317   arm_q7_to_q15_with_offset.o
       268          0          0          0          0       2961   arm_s8_to_s16_unordered_with_offset.o
       392          0          0          0          0       2196   arm_vector_sum_s8.o
       496          0          0          0          0       4392   bidirectionlasequencelstm_int.o
      5490          8          0          0          0      20506   conv2d_fast_f32.o
       544          0          0          0          0       3868   dequantization.o
      3606          4          0          0          0      13194   dwconv_fast_f32.o
      2090          4          0          0          0      10511   dwconv_normal_f32.o
       948          0          0          0          0       8368   gd_convolve_1_x_1_s8_bal.o
      5460          0          0          0          0      29697   gd_convolve_1_x_n_s8.o
     18996          0          0          0          0     116859   gd_convolve_image_conv.o
       972          0          0          0          0       6526   gd_depthwise_conv_3x3_s8_fast.o
        66          0          0          0          0       2126   gd_nn_basic_types.o
      1256         12          0          0          4      10866   gd_nn_interface.o
      1504         52          0          0          1      15034   gd_nn_layer.o
        34          0          0          0          4        760   gd_nn_other.o
      5036        116          0          0          0      32701   gd_nn_special_op_and_quan.o
        36          0          0          0          0       1806   gd_nn_support.o
       126          0          0          0         64       2676   gd_nn_tensor.o
      4176          0          0          0          0      15751   mul_broadcast.o
       460          0          0          0          0       5260   nn_forward_add.o
      2828          0          0          0          0      16707   nn_forward_bidirectionalsequencelstm.o
       304          0          0          0          8       4624   nn_forward_con2d.o
       230          0          0          0          8       4770   nn_forward_dwcon2d.o
      6046          8          0          0          0      35995   nn_forward_op_quan_dequan.o
      1480          0          0          0          0      13531   nn_forward_unidirectionalsequencelstm.o
       592          0          0          0          0       4301   quantization.o
     21912         86        512          0          0      77966   unidirectionalsequencelstm.o
       492         62         48          0          0        236   expf.o
        38          0          0          0          0        116   fpclassifyf.o
        38         12          0          0          0        348   funder.o
       228         20          0          0          0        152   tanhf.o
        94          0          0          0          0          0   __dclz77c.o
         0          0          0          0          0          0   entry.o
         0          0          0          0          0          0   entry10a.o
         0          0          0          0          0          0   entry11a.o
         8          4          0          0          0          0   entry2.o
         4          0          0          0          0          0   entry5.o
         0          0          0          0          0          0   entry7b.o
         0          0          0          0          0          0   entry8b.o
         8          4          0          0          0          0   entry9a.o
        12          6          0          4          0         68   errno.o
        30          0          0          0          0          0   handlers.o
        48         10          0          0          0         68   init.o
         0          0          0          0          0          0   iusefp.o
        98          0          0          0          0         84   ldiv.o
        30          0          0          0          0         68   llshl.o
        36          0          0          0          0         68   llsshr.o
        32          0          0          0          0         68   llushr.o
        80          4          0          0          0         76   malloc.o
        36          0          0          0          0         68   memcpya.o
        36          0          0          0          0        108   memseta.o
         0          0          0          4          0          0   mvars.o
      2258         90          0          0          0        452   printfa.o
        36          6          0          0          0         80   puts.o
         0          0          0          4          0          0   stdout.o
        44          0          0          0          0         80   uidiv.o
        98          0          0          0          0         92   uldiv.o
        48          0          0          0          0         68   cdrcmple.o
       334          0          0          0          0        148   dadd.o
       222          0          0          0          0        100   ddiv.o
       186          0          0          0          0        176   depilogue.o
        48          0          0          0          0         68   dfixul.o
       228          0          0          0          0         96   dmul.o

    ----------------------------------------------------------------------
    134968        508       1072         12         92     701155   Library Totals
       128          0          0          0          3          0   (incl. Padding)

    ----------------------------------------------------------------------

      Code (inc. data)   RO Data    RW Data    ZI Data      Debug   Library Name

    129990        290       1024          0         89     698267   GD_LIB_CM7_v210.lib
       796         94         48          0          0        852   m_wv.l
      2988        124          0         12          0       1380   mc_w.l
      1066          0          0          0          0        656   mf_w.l

    ----------------------------------------------------------------------
    134968        508       1072         12         92     701155   Library Totals

    ----------------------------------------------------------------------

==============================================================================


      Code (inc. data)   RO Data    RW Data    ZI Data      Debug   

    148104        874       2884      21760     224760     852910   Grand Totals
    148104        874       2884       5432     224760     852910   ELF Image Totals (compressed)
    148104        874       2884       5432          0          0   ROM Totals

==============================================================================

    Total RO  Size (Code + RO Data)               150988 ( 147.45kB)
    Total RW  Size (RW Data + ZI Data)            246520 ( 240.74kB)
    Total ROM Size (Code + RO Data + RW Data)     156420 ( 152.75kB)

==============================================================================

